<?xml version="1.0" encoding="utf-8"?><testsuites name="pytest tests"><testsuite name="aiohttp_test_suite" errors="0" failures="2" skipped="19" tests="2110" time="19.783" timestamp="2026-09-02T18:50:09.826862-04:00" hostname="Rabeyas-MacBook-Pro.local"><testcase classname="tests.test_circular_imports" name="test_no_warnings[aiohttp.typedefs]" time="0.227" /><testcase classname="tests.autobahn.test_autobahn" name="test_client" time="0.000"><skipped type="pytest.skip" message="Don't run on macOS">/Users/rabeyakhatunmuna/Documents/mini-swe-agent-ci-based/results/miniswe-agent/bidirectional/l1_l2_l3_minimax-m2.5/L1_L2_L3/adafb541714013634f654850ffd105f3e266568c/testbed/tests/autobahn/test_autobahn.py:55: Don't run on macOS</skipped></testcase><testcase classname="tests.autobahn.test_autobahn" name="test_server" time="0.000"><skipped type="pytest.skip" message="Don't run on macOS">/Users/rabeyakhatunmuna/Documents/mini-swe-agent-ci-based/results/miniswe-agent/bidirectional/l1_l2_l3_minimax-m2.5/L1_L2_L3/adafb541714013634f654850ffd105f3e266568c/testbed/tests/autobahn/test_autobahn.py:96: Don't run on macOS</skipped></testcase><testcase classname="tests.test_client_functional" name="test_HTTP_200_OK_METHOD[pyloop]" time="0.087" /><testcase classname="tests.test_client_middleware" name="test_middleware_uses_session_avoids_recursion_with_disabled_middleware[pyloop]" time="0.093" /><testcase classname="tests.test_client_request" name="test_ipv6_default_http_port[pyloop]" time="0.050" /><testcase classname="tests.test_base_protocol" name="test_loop" time="0.043" /><testcase classname="tests.test_client_middleware_digest_auth" name="test_parse_header_pairs[header_with_scheme]" time="0.001" /><testcase classname="tests.test_client_middleware_digest_auth" name="test_parse_header_pairs[no_spaces_after_commas]" time="0.001" /><testcase classname="tests.test_client_middleware_digest_auth" name="test_parse_header_pairs[extra_whitespace]" time="0.001" /><testcase classname="tests.test_client_middleware_digest_auth" name="test_parse_header_pairs[escaped_quotes]" time="0.001" /><testcase classname="tests.test_client_middleware_digest_auth" name="test_parse_header_pairs[single_quotes_as_regular_chars]" time="0.001" /><testcase classname="tests.test_client_middleware_digest_auth" name="test_parse_header_pairs[empty_header]" time="0.001" /><testcase classname="tests.test_client_middleware_digest_auth" name="test_digest_auth_middleware_callable" time="0.001" /><testcase classname="tests.test_client_middleware_digest_auth" name="test_middleware_invalid_login" time="0.001" /><testcase classname="tests.test_client_functional" name="test_request_raise_for_status_disabled[pyloop]" time="0.076" /><testcase classname="tests.test_client_request" name="test_content_length_for_methods[pyloop-POST-None-0]" time="0.048" /><testcase classname="tests.test_client_middleware_digest_auth" name="test_escaping_quotes_in_auth_header" time="0.053" /><testcase classname="tests.test_base_protocol" name="test_pause_writing" time="0.051" /><testcase classname="tests.test_client_request" name="test_content_length_for_methods[pyloop-PUT-None-0]" time="0.048" /><testcase classname="tests.test_client_request" name="test_ipv6_default_https_port[pyloop]" time="0.046" /><testcase classname="tests.test_client_middleware_digest_auth" name="test_template_based_header_construction" time="0.046" /><testcase classname="tests.test_client_functional" name="test_request_raise_for_status_enabled[pyloop]" time="0.055" /><testcase classname="tests.test_client_functional" name="test_HTTP_200_OK_METHOD_connector[pyloop]" time="0.060" /><testcase classname="tests.test_client_middleware" name="test_middleware_can_check_request_body[pyloop]" time="0.051" /><testcase classname="tests.test_base_protocol" name="test_pause_reading_no_transport" time="0.042" /><testcase classname="tests.test_client_request" name="test_ipv6_nondefault_http_port[pyloop]" time="0.058" /><testcase classname="tests.test_client_request" name="test_content_length_for_methods[pyloop-PATCH-None-0]" time="0.057" /><testcase classname="tests.test_client_middleware_digest_auth" name="test_quote_escaping_functions[value&quot;with&quot;quotes-value\\&quot;with\\&quot;quotes-Basic string with quotes]" time="0.001" /><testcase classname="tests.test_client_middleware_digest_auth" name="test_quote_escaping_functions[--Empty string]" time="0.001" /><testcase classname="tests.test_client_middleware_digest_auth" name="test_quote_escaping_functions[no quotes-no quotes-String without quotes]" time="0.001" /><testcase classname="tests.test_client_middleware_digest_auth" name="test_quote_escaping_functions[with&quot;one&quot;quote-with\\&quot;one\\&quot;quote-String with one quoted segment]" time="0.003" /><testcase classname="tests.test_client_middleware_digest_auth" name="test_quote_escaping_functions[many&quot;quotes&quot;in&quot;string-many\\&quot;quotes\\&quot;in\\&quot;string-String with multiple quoted segments]" time="0.001" /><testcase classname="tests.test_client_middleware_digest_auth" name="test_quote_escaping_functions[&quot;&quot;-\\&quot;\\&quot;-Just double quotes]" time="0.001" /><testcase classname="tests.test_client_middleware_digest_auth" name="test_quote_escaping_functions[&quot;-\\&quot;-Single double quote]" time="0.005" /><testcase classname="tests.test_client_functional" name="test_session_raise_for_status_coro[pyloop]" time="0.049" /><testcase classname="tests.test_client_middleware_digest_auth" name="test_quote_escaping_functions[already\\&quot;escaped-already\\\\&quot;escaped-Already escaped quotes]" time="0.004" /><testcase classname="tests.test_client_middleware_digest_auth" name="test_middleware_retry_on_401[pyloop]" time="0.068" /><testcase classname="tests.test_base_protocol" name="test_pause_reading_stub_transport" time="0.042" /><testcase classname="tests.test_client_middleware" name="test_client_middleware_update_shorter_body[pyloop]" time="0.049" /><testcase classname="tests.test_client_functional" name="test_HTTP_302_REDIRECT_GET[pyloop]" time="0.056" /><testcase classname="tests.test_client_request" name="test_content_length_for_methods[pyloop-DELETE-None-0]" time="0.064" /><testcase classname="tests.test_client_request" name="test_ipv6_nondefault_https_port[pyloop]" time="0.079" /><testcase classname="tests.test_base_protocol" name="test_resume_reading_no_transport" time="0.041" /><testcase classname="tests.test_client_functional" name="test_request_raise_for_status_coro[pyloop]" time="0.055" /><testcase classname="tests.test_client_middleware" name="test_client_middleware_update_longer_body[pyloop]" time="0.048" /><testcase classname="tests.test_client_middleware_digest_auth" name="test_digest_auth_no_qop[pyloop]" time="0.053" /><testcase classname="tests.test_client_functional" name="test_HTTP_302_REDIRECT_HEAD[pyloop]" time="0.054" /><testcase classname="tests.test_client_request" name="test_content_length_for_methods[pyloop-GET--0]" time="0.044" /><testcase classname="tests.test_base_protocol" name="test_resume_reading_stub_transport" time="0.047" /><testcase classname="tests.test_circular_imports" name="test_no_warnings[aiohttp.web]" time="0.242" /><testcase classname="tests.test_client_request" name="test_basic_auth[pyloop]" time="0.049" /><testcase classname="tests.test_client_functional" name="test_invalid_idna[pyloop]" time="0.098" /><testcase classname="tests.test_client_middleware" name="test_client_middleware_update_string_body[pyloop]" time="0.057" /><testcase classname="tests.test_client_middleware_digest_auth" name="test_digest_auth_without_opaque[pyloop]" time="0.053" /><testcase classname="tests.test_client_functional" name="test_HTTP_302_REDIRECT_NON_HTTP[pyloop]" time="0.064" /><testcase classname="tests.test_client_request" name="test_content_length_for_methods[pyloop-HEAD--0]" time="0.049" /><testcase classname="tests.test_base_protocol" name="test_resume_writing_no_waiters" time="0.049" /><testcase classname="tests.test_client_request" name="test_basic_auth_utf8[pyloop]" time="0.043" /><testcase classname="tests.test_client_middleware" name="test_client_middleware_switch_types[pyloop]" time="0.047" /><testcase classname="tests.test_client_middleware_digest_auth" name="test_auth_header_no_retry[pyloop-None]" time="0.061" /><testcase classname="tests.test_client_request" name="test_content_length_for_methods[pyloop-POST--0]" time="0.046" /><testcase classname="tests.test_base_protocol" name="test_resume_writing_waiter_done" time="0.054" /><testcase classname="tests.test_client_functional" name="test_HTTP_302_REDIRECT_POST[pyloop]" time="0.069" /><testcase classname="tests.test_client_request" name="test_basic_auth_tuple_forbidden[pyloop]" time="0.043" /><testcase classname="tests.test_client_functional" name="test_creds_in_auth_and_url[pyloop]" time="0.053" /><testcase classname="tests.test_client_middleware_digest_auth" name="test_authenticate_scenarios[401-headers0-True-expected_challenge0]" time="0.038" /><testcase classname="tests.test_client_request" name="test_content_length_for_methods[pyloop-PUT--0]" time="0.041" /><testcase classname="tests.test_client_request" name="test_basic_auth_from_url[pyloop]" time="0.041" /><testcase classname="tests.test_client_middleware_digest_auth" name="test_auth_header_no_retry[pyloop-DigestWithoutSpace]" time="0.053" /><testcase classname="tests.test_base_protocol" name="test_connection_made" time="0.041" /><testcase classname="tests.test_client_middleware_digest_auth" name="test_authenticate_scenarios[401-headers1-True-expected_challenge1]" time="0.046" /><testcase classname="tests.test_client_functional" name="test_creds_in_auth_and_redirect_url[pyloop]" time="0.052" /><testcase classname="tests.test_client_functional" name="test_HTTP_302_REDIRECT_POST_with_content_length_hdr[pyloop]" time="0.059" /><testcase classname="tests.test_client_request" name="test_content_length_for_methods[pyloop-GET-test-4]" time="0.039" /><testcase classname="tests.test_base_protocol" name="test_connection_lost_not_paused" time="0.042" /><testcase classname="tests.test_client_request" name="test_basic_auth_no_user_from_url[pyloop]" time="0.057" /><testcase classname="tests.test_client_middleware_digest_auth" name="test_auth_header_no_retry[pyloop-Basic realm=&quot;test&quot;]" time="0.054" /><testcase classname="tests.test_client_middleware_digest_auth" name="test_authenticate_scenarios[200-headers2-False-expected_challenge2]" time="0.058" /><testcase classname="tests.test_client_request" name="test_content_length_for_methods[pyloop-POST-test-4]" time="0.041" /><testcase classname="tests.test_client_functional" name="test_drop_auth_on_redirect_to_other_host[pyloop-entirely different hosts]" time="0.053" /><testcase classname="tests.test_client_functional" name="test_HTTP_307_REDIRECT_POST[pyloop]" time="0.049" /><testcase classname="tests.test_base_protocol" name="test_connection_lost_paused_without_waiter" time="0.050" /><testcase classname="tests.test_circular_imports" name="test_no_warnings[aiohttp.web_app]" time="0.241" /><testcase classname="tests.test_client_request" name="test_basic_auth_from_url_overridden[pyloop]" time="0.047" /><testcase classname="tests.test_client_middleware_digest_auth" name="test_auth_header_no_retry[pyloop-Digest ]" time="0.054" /><testcase classname="tests.test_client_request" name="test_content_length_for_methods[pyloop-PUT-hello world-11]" time="0.045" /><testcase classname="tests.test_client_middleware_digest_auth" name="test_encode_validation_errors[challenge0-Malformed Digest auth challenge: Missing 'realm' parameter]" time="0.047" /><testcase classname="tests.test_client_functional" name="test_drop_auth_on_redirect_to_other_host[pyloop-http -&gt; https]" time="0.100" /><testcase classname="tests.test_client_functional" name="test_HTTP_308_PERMANENT_REDIRECT_POST[pyloop]" time="0.050" /><testcase classname="tests.test_base_protocol" name="test_connection_lost_waiter_done" time="0.046" /><testcase classname="tests.test_client_request" name="test_path_is_not_double_encoded1[pyloop]" time="0.045" /><testcase classname="tests.test_client_request" name="test_content_length_for_methods[pyloop-PATCH-data-4]" time="0.047" /><testcase classname="tests.test_client_middleware_digest_auth" name="test_auth_header_no_retry[pyloop-Digest =invalid, format]" time="0.055" /><testcase classname="tests.test_client_middleware_digest_auth" name="test_encode_validation_errors[challenge1-Malformed Digest auth challenge: Missing 'realm' parameter]" time="0.045" /><testcase classname="tests.test_base_protocol" name="test_drain_lost" time="0.045" /><testcase classname="tests.test_client_functional" name="test_HTTP_302_max_redirects[pyloop]" time="0.057" /><testcase classname="tests.test_client_request" name="test_path_is_not_double_encoded2[pyloop]" time="0.038" /><testcase classname="tests.test_client_request" name="test_content_length_for_methods[pyloop-DELETE-x-1]" time="0.047" /><testcase classname="tests.test_client_middleware_digest_auth" name="test_encode_validation_errors[challenge2-Malformed Digest auth challenge: Missing 'nonce' parameter]" time="0.052" /><testcase classname="tests.test_client_middleware_digest_auth" name="test_direct_success_no_auth_needed[pyloop]" time="0.049" /><testcase classname="tests.test_client_functional" name="test_drop_auth_on_redirect_to_other_host[pyloop-https -&gt; http]" time="0.088" /><testcase classname="tests.test_base_protocol" name="test_drain_not_paused" time="0.042" /><testcase classname="tests.test_client_request" name="test_path_is_not_double_encoded3[pyloop]" time="0.049" /><testcase classname="tests.test_client_functional" name="test_HTTP_200_GET_WITH_PARAMS[pyloop]" time="0.059" /><testcase classname="tests.test_client_request" name="test_get_methods_classification[GET]" time="0.001" /><testcase classname="tests.test_client_request" name="test_get_methods_classification[HEAD]" time="0.001" /><testcase classname="tests.test_client_request" name="test_get_methods_classification[OPTIONS]" time="0.001" /><testcase classname="tests.test_client_request" name="test_get_methods_classification[TRACE]" time="0.001" /><testcase classname="tests.test_client_request" name="test_non_get_methods_classification[POST]" time="0.001" /><testcase classname="tests.test_client_request" name="test_non_get_methods_classification[PUT]" time="0.001" /><testcase classname="tests.test_client_request" name="test_non_get_methods_classification[PATCH]" time="0.001" /><testcase classname="tests.test_client_request" name="test_non_get_methods_classification[DELETE]" time="0.001" /><testcase classname="tests.test_client_request" name="test_content_length_with_string_data[pyloop]" time="0.044" /><testcase classname="tests.test_client_middleware_digest_auth" name="test_encode_validation_errors[challenge3-Security issue: Digest auth challenge contains empty 'nonce' value]" time="0.043" /><testcase classname="tests.test_client_middleware_digest_auth" name="test_no_retry_on_second_401[pyloop]" time="0.052" /><testcase classname="tests.test_base_protocol" name="test_resume_drain_waited" time="0.042" /><testcase classname="tests.test_client_request" name="test_path_safe_chars_preserved[pyloop]" time="0.041" /><testcase classname="tests.test_client_request" name="test_content_length_with_async_iterable[pyloop]" time="0.047" /><testcase classname="tests.test_client_functional" name="test_HTTP_200_GET_WITH_MultiDict_PARAMS[pyloop]" time="0.063" /><testcase classname="tests.test_client_middleware_digest_auth" name="test_encode_digest_with_md5" time="0.046" /><testcase classname="tests.test_base_protocol" name="test_lost_drain_waited_ok" time="0.054" /><testcase classname="tests.test_client_functional" name="test_auth_persist_on_redirect_to_other_host_with_global_auth[pyloop]" time="0.045" /><testcase classname="tests.test_client_middleware_digest_auth" name="test_preemptive_auth_disabled[pyloop]" time="0.050" /><testcase classname="tests.test_client_request" name="test_params_are_added_before_fragment1[pyloop]" time="0.051" /><testcase classname="tests.test_circular_imports" name="test_no_warnings[aiohttp.web_exceptions]" time="0.231" /><testcase classname="tests.test_client_request" name="test_content_length_not_overridden[pyloop]" time="0.039" /><testcase classname="tests.test_client_middleware_digest_auth" name="test_encode_digest_with_sess_algorithms[MD5-SESS]" time="0.040" /><testcase classname="tests.test_client_functional" name="test_drop_auth_on_redirect_to_other_host_with_global_auth_and_base_url[pyloop]" time="0.059" /><testcase classname="tests.test_client_functional" name="test_HTTP_200_GET_WITH_MIXED_PARAMS[pyloop]" time="0.047" /><testcase classname="tests.test_base_protocol" name="test_lost_drain_waited_exception" time="0.051" /><testcase classname="tests.test_client_middleware_digest_auth" name="test_preemptive_auth_with_stale_nonce[pyloop]" time="0.055" /><testcase classname="tests.test_client_request" name="test_params_are_added_before_fragment2[pyloop]" time="0.058" /><testcase classname="tests.test_client_request" name="test_content_length_with_formdata[pyloop]" time="0.045" /><testcase classname="tests.test_client_middleware_digest_auth" name="test_encode_digest_with_sess_algorithms[SHA-SESS]" time="0.061" /><testcase classname="tests.test_base_protocol" name="test_lost_drain_cancelled" time="0.051" /><testcase classname="tests.test_client_functional" name="test_POST_DATA[pyloop]" time="0.075" /><testcase classname="tests.test_client_functional" name="test_async_with_session[pyloop]" time="0.056" /><testcase classname="tests.test_client_request" name="test_path_not_contain_fragment1[pyloop]" time="0.052" /><testcase classname="tests.test_client_middleware_digest_auth" name="test_preemptive_auth_updates_nonce_count[pyloop]" time="0.062" /><testcase classname="tests.test_client_request" name="test_no_content_length_with_chunked[pyloop]" time="0.052" /><testcase classname="tests.test_client_middleware_digest_auth" name="test_encode_digest_with_sess_algorithms[SHA-256-SESS]" time="0.053" /><testcase classname="tests.test_base_protocol" name="test_resume_drain_cancelled" time="0.052" /><testcase classname="tests.test_client_functional" name="test_session_close_awaitable[pyloop]" time="0.052" /><testcase classname="tests.test_client_request" name="test_path_not_contain_fragment2[pyloop]" time="0.042" /><testcase classname="tests.test_client_request" name="test_update_body_none_sets_content_length_zero[pyloop-POST]" time="0.049" /><testcase classname="tests.test_client_functional" name="test_POST_DATA_with_explicit_formdata[pyloop]" time="0.058" /><testcase classname="tests.test_client_middleware_digest_auth" name="test_preemptive_auth_respects_protection_space[pyloop]" time="0.063" /><testcase classname="tests.test_client_middleware_digest_auth" name="test_encode_digest_with_sess_algorithms[SHA-512-SESS]" time="0.051" /><testcase classname="tests.test_base_protocol" name="test_parallel_drain_race_condition" time="0.554" /><testcase classname="tests.test_client_request" name="test_cookies[pyloop]" time="0.046" /><testcase classname="tests.test_client_functional" name="test_close_resp_on_error_async_with_session[pyloop]" time="0.063" /><testcase classname="tests.test_client_request" name="test_update_body_none_sets_content_length_zero[pyloop-PUT]" time="0.056" /><testcase classname="tests.test_client_functional" name="test_POST_DATA_with_charset[pyloop]" time="0.105" /><testcase classname="tests.test_client_middleware_digest_auth" name="test_preemptive_auth_with_absolute_domain_uris[pyloop]" time="0.059" /><testcase classname="tests.test_client_middleware_digest_auth" name="test_encode_unsupported_algorithm" time="0.043" /><testcase classname="tests.test_client_request" name="test_cookies_is_quoted_with_special_characters[pyloop]" time="0.045" /><testcase classname="tests.test_circular_imports" name="test_no_warnings[aiohttp.web_fileresponse]" time="0.313" /><testcase classname="tests.test_client_functional" name="test_release_resp_on_normal_exit_from_cm[pyloop]" time="0.056" /><testcase classname="tests.test_client_request" name="test_update_body_none_sets_content_length_zero[pyloop-PATCH]" time="0.041" /><testcase classname="tests.test_client_middleware_digest_auth" name="test_encode_algorithm_case_preservation_uppercase[MD5]" time="0.053" /><testcase classname="tests.test_client_middleware_digest_auth" name="test_preemptive_auth_without_domain_uses_origin[pyloop]" time="0.054" /><testcase classname="tests.test_client_request" name="test_cookies_merge_with_headers[pyloop]" time="0.045" /><testcase classname="tests.test_client_request" name="test_update_body_none_sets_content_length_zero[pyloop-DELETE]" time="0.079" /><testcase classname="tests.test_client_functional" name="test_non_close_detached_session_on_error_cm[pyloop]" time="0.101" /><testcase classname="tests.test_client_functional" name="test_POST_DATA_formdats_with_charset[pyloop]" time="0.149" /><testcase classname="tests.test_client_middleware_digest_auth" name="test_encode_algorithm_case_preservation_uppercase[MD5-SESS]" time="0.095" /><testcase classname="tests.test_client_request" name="test_query_multivalued_param[pyloop]" time="0.148" /><testcase classname="tests.test_client_middleware_digest_auth" name="test_authenticate_with_malformed_headers[different_status_code]" time="0.001" /><testcase classname="tests.test_client_middleware_digest_auth" name="test_authenticate_with_malformed_headers[empty_www_authenticate_header]" time="0.041" /><testcase classname="tests.test_client_middleware_digest_auth" name="test_authenticate_with_malformed_headers[no_space_after_scheme]" time="0.002" /><testcase classname="tests.test_client_request" name="test_update_body_none_no_content_length_for_get_methods[pyloop-GET]" time="0.108" /><testcase classname="tests.test_client_middleware_digest_auth" name="test_authenticate_with_malformed_headers[different_scheme]" time="0.005" /><testcase classname="tests.test_client_middleware_digest_auth" name="test_authenticate_with_malformed_headers[empty_parameters]" time="0.002" /><testcase classname="tests.test_client_middleware_digest_auth" name="test_authenticate_with_malformed_headers[malformed_parameters]" time="0.002" /><testcase classname="tests.test_client_middleware_digest_auth" name="test_in_protection_space[exact_match]" time="0.001" /><testcase classname="tests.test_client_middleware_digest_auth" name="test_in_protection_space[path_with_trailing_slash]" time="0.001" /><testcase classname="tests.test_client_middleware_digest_auth" name="test_in_protection_space[subpath_match]" time="0.004" /><testcase classname="tests.test_client_middleware_digest_auth" name="test_in_protection_space[deep_subpath_match]" time="0.001" /><testcase classname="tests.test_client_middleware_digest_auth" name="test_in_protection_space[no_match_app1xx]" time="0.001" /><testcase classname="tests.test_client_middleware_digest_auth" name="test_in_protection_space[no_match_app123]" time="0.001" /><testcase classname="tests.test_client_middleware_digest_auth" name="test_in_protection_space[protection_with_slash_exact]" time="0.001" /><testcase classname="tests.test_client_functional" name="test_close_detached_session_on_non_existing_addr[pyloop]" time="0.102" /><testcase classname="tests.test_client_middleware_digest_auth" name="test_in_protection_space[protection_with_slash_subpath]" time="0.002" /><testcase classname="tests.test_client_middleware_digest_auth" name="test_in_protection_space[protection_with_slash_no_match_without]" time="0.001" /><testcase classname="tests.test_client_middleware_digest_auth" name="test_in_protection_space[root_protection_exact]" time="0.001" /><testcase classname="tests.test_client_middleware_digest_auth" name="test_encode_algorithm_case_preservation_uppercase[SHA-256]" time="0.101" /><testcase classname="tests.test_client_middleware_digest_auth" name="test_in_protection_space[root_protection_subpath]" time="0.001" /><testcase classname="tests.test_client_middleware_digest_auth" name="test_in_protection_space[root_protection_no_match_without_slash]" time="0.001" /><testcase classname="tests.test_client_middleware_digest_auth" name="test_in_protection_space[different_scheme]" time="0.001" /><testcase classname="tests.test_client_middleware_digest_auth" name="test_in_protection_space[different_host]" time="0.028" /><testcase classname="tests.test_client_middleware_digest_auth" name="test_in_protection_space[different_port]" time="0.011" /><testcase classname="tests.test_client_middleware_digest_auth" name="test_in_protection_space_multiple_spaces" time="0.001" /><testcase classname="tests.test_client_functional" name="test_POST_DATA_with_charset_post[pyloop]" time="0.065" /><testcase classname="tests.test_client_request" name="test_query_str_param[pyloop]" time="0.056" /><testcase classname="tests.test_client_middleware_digest_auth" name="test_case_sensitive_algorithm_server[pyloop]" time="0.057" /><testcase classname="tests.test_client_request" name="test_update_body_none_no_content_length_for_get_methods[pyloop-HEAD]" time="0.047" /><testcase classname="tests.test_client_functional" name="test_aiohttp_request_context_manager[pyloop]" time="0.050" /><testcase classname="tests.test_client_middleware_digest_auth" name="test_encode_algorithm_case_preservation_lowercase[md5]" time="0.047" /><testcase classname="tests.test_client_functional" name="test_POST_MultiDict[pyloop]" time="0.049" /><testcase classname="tests.test_client_request" name="test_query_bytes_param_raises[pyloop]" time="0.045" /><testcase classname="tests.test_client_proto" name="test_force_close[pyloop]" time="0.044" /><testcase classname="tests.test_client_request" name="test_update_body_none_no_content_length_for_get_methods[pyloop-OPTIONS]" time="0.045" /><testcase classname="tests.test_circular_imports" name="test_no_warnings[aiohttp.web_log]" time="0.240" /><testcase classname="tests.test_client_middleware_digest_auth" name="test_encode_algorithm_case_preservation_lowercase[MD5-sess]" time="0.042" /><testcase classname="tests.test_client_functional" name="test_aiohttp_request_ctx_manager_close_sess_on_error[pyloop]" time="0.063" /><testcase classname="tests.test_client_request" name="test_query_str_param_is_not_encoded[pyloop]" time="0.041" /><testcase classname="tests.test_client_proto" name="test_oserror[pyloop]" time="0.047" /><testcase classname="tests.test_client_request" name="test_update_body_none_no_content_length_for_get_methods[pyloop-TRACE]" time="0.043" /><testcase classname="tests.test_client_functional" name="test_GET_DEFLATE[pyloop]" time="0.051" /><testcase classname="tests.test_client_middleware_digest_auth" name="test_encode_algorithm_case_preservation_lowercase[sha-256]" time="0.044" /><testcase classname="tests.test_client_request" name="test_params_update_path_and_url[pyloop]" time="0.042" /><testcase classname="tests.test_client_response" name="test_http_processing_error" time="0.099" /><testcase classname="tests.test_client_proto" name="test_pause_resume_on_error[pyloop]" time="0.043" /><testcase classname="tests.test_client_functional" name="test_aiohttp_request_ctx_manager_not_found[pyloop]" time="0.168" /><testcase classname="tests.test_client_functional" name="test_GET_DEFLATE_no_body[pyloop]" time="0.047" /><testcase classname="tests.test_client_middleware_digest_auth" name="test_invalid_qop_rejected" time="0.044" /><testcase classname="tests.test_client_request" name="test_params_empty_path_and_url[pyloop]" time="0.041" /><testcase classname="tests.test_client_proto" name="test_client_proto_bad_message[pyloop]" time="0.042" /><testcase classname="tests.test_client_functional" name="test_POST_DATA_DEFLATE[pyloop]" time="0.071" /><testcase classname="tests.test_client_middleware_digest_auth" name="test_digest_response_exact_match[--MD5-auth]" time="0.061" /><testcase classname="tests.test_client_request" name="test_gen_netloc_all[pyloop]" time="0.045" /><testcase classname="tests.test_client_proto" name="test_uncompleted_message[pyloop]" time="0.052" /><testcase classname="tests.test_client_response" name="test_del" time="0.049" /><testcase classname="tests.test_benchmarks_client" name="test_one_hundred_simple_get_requests[pyloop]" time="0.154" /><testcase classname="tests.test_client_request" name="test_gen_netloc_no_port[pyloop]" time="0.055" /><testcase classname="tests.test_client_functional" name="test_POST_FILES[pyloop]" time="0.092" /><testcase classname="tests.test_client_proto" name="test_data_received_after_close[pyloop]" time="0.062" /><testcase classname="tests.test_client_middleware_digest_auth" name="test_digest_response_exact_match[--MD5-auth-int]" time="0.067" /><testcase classname="tests.test_client_response" name="test_close[pyloop]" time="0.059" /><testcase classname="tests.test_circular_imports" name="test_no_warnings[aiohttp.web_middlewares]" time="0.216" /><testcase classname="tests.test_client_functional" name="test_raising_client_connector_dns_error_on_dns_failure[pyloop]" time="0.071" /><testcase classname="tests.test_client_request" name="test_cookie_coded_value_preserved[pyloop]" time="0.073" /><testcase classname="tests.test_client_proto" name="test_multiple_responses_one_byte_at_a_time[pyloop]" time="0.067" /><testcase classname="tests.test_client_middleware_digest_auth" name="test_digest_response_exact_match[--MD5-auth,auth-int]" time="0.063" /><testcase classname="tests.test_client_response" name="test_wait_for_100_1[pyloop]" time="0.069" /><testcase classname="tests.test_client_functional" name="test_POST_FILES_DEFLATE[pyloop]" time="0.070" /><testcase classname="tests.test_client_functional" name="test_aiohttp_request_coroutine[pyloop]" time="0.067" /><testcase classname="tests.test_client_request" name="test_update_cookies_with_special_chars_in_existing_header[pyloop]" time="0.061" /><testcase classname="tests.test_benchmarks_client" name="test_one_hundred_simple_get_requests_alternating_clients[pyloop]" time="0.105" /><testcase classname="tests.test_client_middleware_digest_auth" name="test_digest_response_exact_match[--MD5-]" time="0.044" /><testcase classname="tests.test_client_proto" name="test_unexpected_exception_during_data_received[pyloop]" time="0.047" /><testcase classname="tests.test_client_response" name="test_wait_for_100_2[pyloop]" time="0.039" /><testcase classname="tests.test_client_functional" name="test_POST_bytes[pyloop]" time="0.058" /><testcase classname="tests.test_client_middleware_digest_auth" name="test_digest_response_exact_match[--MD5-SESS-auth]" time="0.050" /><testcase classname="tests.test_client_response" name="test_repr[pyloop]" time="0.042" /><testcase classname="tests.test_client_request" name="test_update_cookies_with_quoted_existing_header[pyloop]" time="0.040" /><testcase classname="tests.test_client_proto" name="test_client_protocol_readuntil_eof[pyloop]" time="0.043" /><testcase classname="tests.test_client_functional" name="test_aiohttp_request_ssl[pyloop]" time="0.080" /><testcase classname="tests.test_client_functional" name="test_POST_bytes_too_large[pyloop]" time="0.057" /><testcase classname="tests.test_client_response" name="test_repr_non_ascii_url" time="0.001" /><testcase classname="tests.test_client_response" name="test_repr_non_ascii_reason" time="0.001" /><testcase classname="tests.test_client_response" name="test_read_and_release_connection[pyloop]" time="0.051" /><testcase classname="tests.test_client_proto" name="test_empty_data[pyloop]" time="0.043" /><testcase classname="tests.test_client_middleware_digest_auth" name="test_digest_response_exact_match[--MD5-SESS-auth-int]" time="0.049" /><testcase classname="tests.test_client_request" name="test_connection_header[pyloop]" time="0.050" /><testcase classname="tests.test_benchmarks_client" name="test_one_hundred_simple_get_requests_no_session[pyloop]" time="0.392" /><testcase classname="tests.test_circular_imports" name="test_no_warnings[aiohttp.web_protocol]" time="0.222" /><testcase classname="tests.test_client_functional" name="test_yield_from_in_session_request[pyloop]" time="0.055" /><testcase classname="tests.test_client_proto" name="test_schedule_timeout[pyloop]" time="0.040" /><testcase classname="tests.test_client_functional" name="test_POST_FILES_STR[pyloop]" time="0.072" /><testcase classname="tests.test_client_middleware_digest_auth" name="test_digest_response_exact_match[--MD5-SESS-auth,auth-int]" time="0.041" /><testcase classname="tests.test_client_response" name="test_read_and_release_connection_with_error[pyloop]" time="0.049" /><testcase classname="tests.test_client_request" name="test_no_content_length[pyloop]" time="0.055" /><testcase classname="tests.test_client_proto" name="test_drop_timeout[pyloop]" time="0.043" /><testcase classname="tests.test_client_middleware_digest_auth" name="test_digest_response_exact_match[--MD5-SESS-]" time="0.040" /><testcase classname="tests.test_client_functional" name="test_session_auth[pyloop]" time="0.059" /><testcase classname="tests.test_client_response" name="test_release[pyloop]" time="0.045" /><testcase classname="tests.test_client_request" name="test_no_content_length_head[pyloop]" time="0.053" /><testcase classname="tests.test_client_functional" name="test_POST_FILES_STR_SIMPLE[pyloop]" time="0.068" /><testcase classname="tests.test_client_proto" name="test_reschedule_timeout[pyloop]" time="0.048" /><testcase classname="tests.test_client_middleware_digest_auth" name="test_digest_response_exact_match[--SHA-auth]" time="0.060" /><testcase classname="tests.test_client_response" name="test_release_on_del[pyloop]" time="0.045" /><testcase classname="tests.test_client_functional" name="test_session_auth_override[pyloop]" time="0.065" /><testcase classname="tests.test_client_request" name="test_content_type_auto_header_get[pyloop]" time="0.049" /><testcase classname="tests.test_client_proto" name="test_eof_received[pyloop]" time="0.047" /><testcase classname="tests.test_client_functional" name="test_POST_FILES_LIST[pyloop]" time="0.079" /><testcase classname="tests.test_client_response" name="test_response_eof[pyloop]" time="0.064" /><testcase classname="tests.test_client_middleware_digest_auth" name="test_digest_response_exact_match[--SHA-auth-int]" time="0.041" /><testcase classname="tests.test_client_request" name="test_content_type_auto_header_form[pyloop]" time="0.073" /><testcase classname="tests.test_client_functional" name="test_session_auth_header_conflict[pyloop]" time="0.054" /><testcase classname="tests.test_client_proto" name="test_connection_lost_sets_transport_to_none[pyloop]" time="0.047" /><testcase classname="tests.test_client_middleware_digest_auth" name="test_digest_response_exact_match[--SHA-auth,auth-int]" time="0.051" /><testcase classname="tests.test_circular_imports" name="test_no_warnings[aiohttp.web_request]" time="0.224" /><testcase classname="tests.test_client_response" name="test_response_eof_upgraded[pyloop]" time="0.044" /><testcase classname="tests.test_client_functional" name="test_POST_FILES_CT[pyloop]" time="0.076" /><testcase classname="tests.test_client_proto" name="test_connection_lost_exception_is_marked_retrieved[pyloop]" time="0.062" /><testcase classname="tests.test_client_functional" name="test_netrc_auth_from_env[pyloop]" time="0.069" /><testcase classname="tests.test_client_request" name="test_content_type_auto_header_bytes[pyloop]" time="0.062" /><testcase classname="tests.test_client_middleware_digest_auth" name="test_digest_response_exact_match[--SHA-]" time="0.048" /><testcase classname="tests.test_client_response" name="test_response_eof_after_connection_detach[pyloop]" time="0.056" /><testcase classname="tests.test_client_proto" name="test_closed_property_lazy_creation[pyloop]" time="0.059" /><testcase classname="tests.test_client_middleware_digest_auth" name="test_digest_response_exact_match[--SHA-256-auth]" time="0.056" /><testcase classname="tests.test_client_functional" name="test_netrc_auth_skipped_without_env_var[pyloop]" time="0.049" /><testcase classname="tests.test_client_functional" name="test_POST_FILES_SINGLE[pyloop]" time="0.065" /><testcase classname="tests.test_client_request" name="test_content_type_skip_auto_header_bytes[pyloop]" time="0.065" /><testcase classname="tests.test_client_response" name="test_text[pyloop]" time="0.059" /><testcase classname="tests.test_client_proto" name="test_closed_property_after_connection_lost[pyloop]" time="0.040" /><testcase classname="tests.test_client_middleware_digest_auth" name="test_digest_response_exact_match[--SHA-256-auth-int]" time="0.046" /><testcase classname="tests.test_client_functional" name="test_netrc_auth_overridden_by_explicit_auth[pyloop]" time="0.057" /><testcase classname="tests.test_benchmarks_client" name="test_one_hundred_simple_get_requests_multiple_methods_route[pyloop]" time="0.139" /><testcase classname="tests.test_client_functional" name="test_POST_FILES_SINGLE_content_disposition[pyloop]" time="0.059" /><testcase classname="tests.test_client_response" name="test_text_bad_encoding[pyloop]" time="0.049" /><testcase classname="tests.test_client_request" name="test_content_type_skip_auto_header_form[pyloop]" time="0.054" /><testcase classname="tests.test_client_proto" name="test_abort[pyloop]" time="0.048" /><testcase classname="tests.test_client_middleware_digest_auth" name="test_digest_response_exact_match[--SHA-256-auth,auth-int]" time="0.045" /><testcase classname="tests.test_client_functional" name="test_session_headers[pyloop]" time="0.048" /><testcase classname="tests.test_client_response" name="test_text_badly_encoded_encoding_header[pyloop]" time="0.041" /><testcase classname="tests.test_circular_imports" name="test_no_warnings[aiohttp.web_response]" time="0.209" /><testcase classname="tests.test_client_functional" name="test_POST_FILES_SINGLE_BINARY[pyloop]" time="0.056" /><testcase classname="tests.test_client_request" name="test_content_type_auto_header_content_length_no_skip[pyloop]" time="0.061" /><testcase classname="tests.test_client_proto" name="test_abort_without_transport[pyloop]" time="0.049" /><testcase classname="tests.test_client_middleware_digest_auth" name="test_digest_response_exact_match[--SHA-256-]" time="0.042" /><testcase classname="tests.test_client_functional" name="test_session_headers_merge[pyloop]" time="0.047" /><testcase classname="tests.test_client_response" name="test_text_custom_encoding[pyloop]" time="0.046" /><testcase classname="tests.test_client_functional" name="test_POST_FILES_IO[pyloop]" time="0.052" /><testcase classname="tests.test_client_middleware_digest_auth" name="test_digest_response_exact_match[--SHA-256-SESS-auth]" time="0.042" /><testcase classname="tests.test_client_request" name="test_urlencoded_formdata_charset[pyloop]" time="0.095" /><testcase classname="tests.test_client_request" name="test_method1[pyloop]" time="0.045" /><testcase classname="tests.test_benchmarks_client" name="test_one_hundred_get_requests_with_1024_chunked_payload[pyloop]" time="0.127" /><testcase classname="tests.test_client_functional" name="test_multidict_headers[pyloop]" time="0.058" /><testcase classname="tests.test_client_response" name="test_text_charset_resolver[pyloop-text/plain]" time="0.040" /><testcase classname="tests.test_client_middleware_digest_auth" name="test_digest_response_exact_match[--SHA-256-SESS-auth-int]" time="0.041" /><testcase classname="tests.test_client_functional" name="test_POST_FILES_IO_WITH_PARAMS[pyloop]" time="0.057" /><testcase classname="tests.test_client_request" name="test_method2[pyloop]" time="0.043" /><testcase classname="tests.test_client_response" name="test_text_charset_resolver[pyloop-text/plain;charset=invalid]" time="0.059" /><testcase classname="tests.test_client_functional" name="test_request_conn_closed[pyloop]" time="0.054" /><testcase classname="tests.test_client_middleware_digest_auth" name="test_digest_response_exact_match[--SHA-256-SESS-auth,auth-int]" time="0.050" /><testcase classname="tests.test_client_request" name="test_method3[pyloop]" time="0.049" /><testcase classname="tests.test_client_request" name="test_formdata_boundary_from_headers[pyloop]" time="0.062" /><testcase classname="tests.test_client_functional" name="test_POST_FILES_WITH_DATA[pyloop]" time="0.068" /><testcase classname="tests.test_client_response" name="test_get_encoding_body_none[pyloop]" time="0.046" /><testcase classname="tests.test_client_functional" name="test_dont_close_explicit_connector[pyloop]" time="0.055" /><testcase classname="tests.test_client_middleware_digest_auth" name="test_digest_response_exact_match[--SHA-256-SESS-]" time="0.041" /><testcase classname="tests.test_benchmarks_client" name="test_one_hundred_get_requests_with_30000_chunked_payload[pyloop]" time="0.127" /><testcase classname="tests.test_client_request" name="test_method_invalid[pyloop]" time="0.039" /><testcase classname="tests.test_circular_imports" name="test_no_warnings[aiohttp.web_routedef]" time="0.216" /><testcase classname="tests.test_client_request" name="test_post_data[pyloop]" time="0.055" /><testcase classname="tests.test_client_response" name="test_text_after_read[pyloop]" time="0.042" /><testcase classname="tests.test_client_functional" name="test_POST_STREAM_DATA[pyloop]" time="0.106" /><testcase classname="tests.test_client_middleware_digest_auth" name="test_digest_response_exact_match[--SHA-512-auth]" time="0.041" /><testcase classname="tests.test_client_request" name="test_version_1_0[pyloop]" time="0.040" /><testcase classname="tests.test_client_functional" name="test_server_close_keepalive_connection[pyloop]" time="0.046" /><testcase classname="tests.test_client_request" name="test_pass_falsy_data[pyloop]" time="0.041" /><testcase classname="tests.test_client_response" name="test_json[pyloop]" time="0.054" /><testcase classname="tests.test_client_middleware_digest_auth" name="test_digest_response_exact_match[--SHA-512-auth-int]" time="0.042" /><testcase classname="tests.test_client_request" name="test_version_default[pyloop]" time="0.060" /><testcase classname="tests.test_client_functional" name="test_handle_keepalive_on_closed_connection[pyloop]" time="0.056" /><testcase classname="tests.test_client_request" name="test_pass_falsy_data_file[pyloop]" time="0.057" /><testcase classname="tests.test_client_middleware_digest_auth" name="test_digest_response_exact_match[--SHA-512-auth,auth-int]" time="0.043" /><testcase classname="tests.test_benchmarks_client" name="test_one_hundred_get_requests_with_512kib_chunked_payload[pyloop]" time="0.320" /><testcase classname="tests.test_client_response" name="test_json_extended_content_type[pyloop]" time="0.052" /><testcase classname="tests.test_client_functional" name="test_json[pyloop]" time="0.051" /><testcase classname="tests.test_client_request" name="test_request_info[pyloop]" time="0.046" /><testcase classname="tests.test_client_functional" name="test_error_in_performing_request[pyloop]" time="0.066" /><testcase classname="tests.test_client_middleware_digest_auth" name="test_digest_response_exact_match[--SHA-512-]" time="0.048" /><testcase classname="tests.test_client_request" name="test_get_with_data[pyloop]" time="0.041" /><testcase classname="tests.test_client_response" name="test_json_custom_content_type[pyloop]" time="0.055" /><testcase classname="tests.test_client_request" name="test_request_info_with_fragment[pyloop]" time="0.047" /><testcase classname="tests.test_client_functional" name="test_json_custom[pyloop]" time="0.060" /><testcase classname="tests.test_client_middleware_digest_auth" name="test_digest_response_exact_match[--SHA-512-SESS-auth]" time="0.045" /><testcase classname="tests.test_client_request" name="test_bytes_data[pyloop]" time="0.049" /><testcase classname="tests.test_client_functional" name="test_await_after_cancelling[pyloop]" time="0.059" /><testcase classname="tests.test_circular_imports" name="test_no_warnings[aiohttp.web_runner]" time="0.239" /><testcase classname="tests.test_client_request" name="test_version_err[pyloop]" time="0.041" /><testcase classname="tests.test_client_response" name="test_json_custom_loader[pyloop]" time="0.046" /><testcase classname="tests.test_client_functional" name="test_expect_continue[pyloop]" time="0.050" /><testcase classname="tests.test_client_middleware_digest_auth" name="test_digest_response_exact_match[--SHA-512-SESS-auth-int]" time="0.041" /><testcase classname="tests.test_client_request" name="test_content_encoding[zlib-pyloop]" time="0.047" /><testcase classname="tests.test_client_request" name="test_host_port_default_http[pyloop]" time="0.042" /><testcase classname="tests.test_client_functional" name="test_async_payload_generator[pyloop]" time="0.054" /><testcase classname="tests.test_client_response" name="test_json_invalid_content_type[pyloop]" time="0.045" /><testcase classname="tests.test_client_middleware_digest_auth" name="test_digest_response_exact_match[--SHA-512-SESS-auth,auth-int]" time="0.049" /><testcase classname="tests.test_client_functional" name="test_expect100_with_no_body[pyloop]" time="0.049" /><testcase classname="tests.test_client_request" name="test_host_port_default_https[pyloop]" time="0.045" /><testcase classname="tests.test_client_request" name="test_content_encoding[zlib_ng.zlib_ng-pyloop]" time="0.056" /><testcase classname="tests.test_client_response" name="test_json_no_content[pyloop]" time="0.042" /><testcase classname="tests.test_client_functional" name="test_read_from_closed_response[pyloop]" time="0.055" /><testcase classname="tests.test_client_middleware_digest_auth" name="test_digest_response_exact_match[--SHA-512-SESS-]" time="0.041" /><testcase classname="tests.test_client_functional" name="test_expect100_continue_with_none_payload[pyloop]" time="0.054" /><testcase classname="tests.test_client_request" name="test_host_port_nondefault_http[pyloop]" time="0.044" /><testcase classname="tests.test_client_response" name="test_json_override_encoding[pyloop]" time="0.044" /><testcase classname="tests.test_client_request" name="test_content_encoding[isal.isal_zlib-pyloop]" time="0.062" /><testcase classname="tests.test_client_functional" name="test_read_from_closed_response2[pyloop]" time="0.060" /><testcase classname="tests.test_client_middleware_digest_auth" name="test_digest_response_exact_match[--SHA-SESS-auth]" time="0.043" /><testcase classname="tests.test_client_functional" name="test_encoding_deflate[zlib-pyloop]" time="0.054" /><testcase classname="tests.test_client_request" name="test_host_port_nondefault_https[pyloop]" time="0.056" /><testcase classname="tests.test_client_response" name="test_get_encoding_unknown[pyloop]" time="0.051" /><testcase classname="tests.test_client_middleware_digest_auth" name="test_digest_response_exact_match[--SHA-SESS-auth-int]" time="0.043" /><testcase classname="tests.test_client_request" name="test_content_encoding_dont_set_headers_if_no_body[pyloop]" time="0.051" /><testcase classname="tests.test_benchmarks_client" name="test_one_hundred_get_requests_iter_chunks_on_512kib_chunked_payload[pyloop]" time="0.215" /><testcase classname="tests.test_client_functional" name="test_json_from_closed_response[pyloop]" time="0.063" /><testcase classname="tests.test_client_functional" name="test_encoding_deflate[zlib_ng.zlib_ng-pyloop]" time="0.065" /><testcase classname="tests.test_client_request" name="test_host_port_default_ws[pyloop]" time="0.040" /><testcase classname="tests.test_circular_imports" name="test_no_warnings[aiohttp.web_server]" time="0.210" /><testcase classname="tests.test_client_response" name="test_raise_for_status_2xx" time="0.001" /><testcase classname="tests.test_client_response" name="test_raise_for_status_4xx" time="0.001" /><testcase classname="tests.test_client_response" name="test_raise_for_status_4xx_without_reason" time="0.001" /><testcase classname="tests.test_client_response" name="test_resp_host" time="0.001" /><testcase classname="tests.test_client_response" name="test_content_type" time="0.001" /><testcase classname="tests.test_client_middleware_digest_auth" name="test_digest_response_exact_match[--SHA-SESS-auth,auth-int]" time="0.045" /><testcase classname="tests.test_client_response" name="test_content_type_no_header" time="0.001" /><testcase classname="tests.test_client_response" name="test_charset" time="0.001" /><testcase classname="tests.test_client_response" name="test_charset_no_header" time="0.001" /><testcase classname="tests.test_client_response" name="test_charset_no_charset" time="0.001" /><testcase classname="tests.test_client_response" name="test_content_disposition_full" time="0.001" /><testcase classname="tests.test_client_response" name="test_content_disposition_no_parameters" time="0.001" /><testcase classname="tests.test_client_response" name="test_content_disposition_empty_parts[attachment; filename=&quot;archive.tar.gz&quot;;]" time="0.001" /><testcase classname="tests.test_client_response" name="test_content_disposition_empty_parts[attachment;; filename=&quot;archive.tar.gz&quot;]" time="0.001" /><testcase classname="tests.test_client_response" name="test_content_disposition_no_header" time="0.001" /><testcase classname="tests.test_client_response" name="test_default_encoding_is_utf8" time="0.001" /><testcase classname="tests.test_client_response" name="test_response_request_info" time="0.001" /><testcase classname="tests.test_client_response" name="test_request_info_in_exception" time="0.001" /><testcase classname="tests.test_client_response" name="test_no_redirect_history_in_exception" time="0.001" /><testcase classname="tests.test_client_response" name="test_redirect_history_in_exception" time="0.001" /><testcase classname="tests.test_client_response" name="test_response_read_triggers_callback[pyloop]" time="0.043" /><testcase classname="tests.test_client_request" name="test_content_encoding_header[zlib-pyloop]" time="0.076" /><testcase classname="tests.test_client_request" name="test_host_port_default_wss[pyloop]" time="0.056" /><testcase classname="tests.test_client_functional" name="test_text_from_closed_response[pyloop]" time="0.058" /><testcase classname="tests.test_client_middleware_digest_auth" name="test_digest_response_exact_match[--SHA-SESS-]" time="0.045" /><testcase classname="tests.test_client_functional" name="test_encoding_deflate[isal.isal_zlib-pyloop]" time="0.058" /><testcase classname="tests.test_client_response" name="test_response_cookies[pyloop]" time="0.059" /><testcase classname="tests.test_client_request" name="test_host_port_nondefault_ws[pyloop]" time="0.043" /><testcase classname="tests.test_client_middleware_digest_auth" name="test_digest_response_exact_match[--SHA256-auth]" time="0.040" /><testcase classname="tests.test_client_request" name="test_content_encoding_header[zlib_ng.zlib_ng-pyloop]" time="0.058" /><testcase classname="tests.test_client_functional" name="test_read_after_catch_raise_for_status[pyloop]" time="0.056" /><testcase classname="tests.test_client_functional" name="test_encoding_deflate_nochunk[zlib-pyloop]" time="0.052" /><testcase classname="tests.test_client_response" name="test_response_real_url[pyloop]" time="0.047" /><testcase classname="tests.test_client_request" name="test_host_port_nondefault_wss[pyloop]" time="0.049" /><testcase classname="tests.test_client_middleware_digest_auth" name="test_digest_response_exact_match[--SHA256-auth-int]" time="0.059" /><testcase classname="tests.test_client_request" name="test_content_encoding_header[isal.isal_zlib-pyloop]" time="0.053" /><testcase classname="tests.test_client_functional" name="test_read_after_raise_outside_context[pyloop]" time="0.065" /><testcase classname="tests.test_client_functional" name="test_encoding_deflate_nochunk[zlib_ng.zlib_ng-pyloop]" time="0.054" /><testcase classname="tests.test_client_response" name="test_response_links_comma_separated[pyloop]" time="0.039" /><testcase classname="tests.test_client_request" name="test_host_port_none_port[pyloop]" time="0.046" /><testcase classname="tests.test_benchmarks_client" name="test_get_request_with_251308_compressed_chunked_payload[zlib-pyloop]" time="0.315" /><testcase classname="tests.test_client_middleware_digest_auth" name="test_digest_response_exact_match[--SHA256-auth,auth-int]" time="0.052" /><testcase classname="tests.test_circular_imports" name="test_no_warnings[aiohttp.web_urldispatcher]" time="0.239" /><testcase classname="tests.test_client_request" name="test_compress_and_content_encoding[pyloop]" time="0.049" /><testcase classname="tests.test_client_response" name="test_response_links_multiple_headers[pyloop]" time="0.050" /><testcase classname="tests.test_client_functional" name="test_read_from_closed_content[pyloop]" time="0.054" /><testcase classname="tests.test_client_functional" name="test_encoding_deflate_nochunk[isal.isal_zlib-pyloop]" time="0.051" /><testcase classname="tests.test_client_request" name="test_host_port_err[pyloop]" time="0.044" /><testcase classname="tests.test_client_middleware_digest_auth" name="test_digest_response_exact_match[--SHA256-]" time="0.062" /><testcase classname="tests.test_client_request" name="test_chunked[pyloop]" time="0.055" /><testcase classname="tests.test_client_response" name="test_response_links_no_rel[pyloop]" time="0.051" /><testcase classname="tests.test_client_request" name="test_hostname_err[pyloop]" time="0.039" /><testcase classname="tests.test_client_functional" name="test_encoding_gzip[zlib-pyloop]" time="0.048" /><testcase classname="tests.test_client_functional" name="test_read_timeout[pyloop]" time="0.156" /><testcase classname="tests.test_client_middleware_digest_auth" name="test_digest_response_exact_match[--SHA256-SESS-auth]" time="0.043" /><testcase classname="tests.test_client_request" name="test_host_header_host_first[pyloop]" time="0.058" /><testcase classname="tests.test_client_request" name="test_chunked2[pyloop]" time="0.054" /><testcase classname="tests.test_client_response" name="test_response_links_quoted[pyloop]" time="0.038" /><testcase classname="tests.test_client_functional" name="test_encoding_gzip[zlib_ng.zlib_ng-pyloop]" time="0.058" /><testcase classname="tests.test_client_middleware_digest_auth" name="test_digest_response_exact_match[--SHA256-SESS-auth-int]" time="0.048" /><testcase classname="tests.test_client_response" name="test_response_links_relative[pyloop]" time="0.040" /><testcase classname="tests.test_client_request" name="test_chunked_empty_body[pyloop]" time="0.056" /><testcase classname="tests.test_client_request" name="test_host_header_host_without_port[pyloop]" time="0.057" /><testcase classname="tests.test_client_functional" name="test_encoding_gzip[isal.isal_zlib-pyloop]" time="0.050" /><testcase classname="tests.test_client_response" name="test_response_links_empty[pyloop]" time="0.047" /><testcase classname="tests.test_client_middleware_digest_auth" name="test_digest_response_exact_match[--SHA256-SESS-auth,auth-int]" time="0.040" /><testcase classname="tests.test_client_request" name="test_chunked_explicit[pyloop]" time="0.057" /><testcase classname="tests.test_client_request" name="test_host_header_host_with_default_port[pyloop]" time="0.044" /><testcase classname="tests.test_client_functional" name="test_encoding_gzip_write_by_chunks[zlib-pyloop]" time="0.050" /><testcase classname="tests.test_client_functional" name="test_socket_timeout[pyloop]" time="0.150" /><testcase classname="tests.test_client_middleware_digest_auth" name="test_digest_response_exact_match[--SHA256-SESS-]" time="0.044" /><testcase classname="tests.test_circular_imports" name="test_no_warnings[aiohttp.web_ws]" time="0.229" /><testcase classname="tests.test_client_response" name="test_response_not_closed_after_get_ok" time="0.002" /><testcase classname="tests.test_client_response" name="test_response_duplicate_cookie_names[pyloop]" time="0.045" /><testcase classname="tests.test_client_request" name="test_host_header_host_with_nondefault_port[pyloop]" time="0.039" /><testcase classname="tests.test_client_request" name="test_chunked_length[pyloop]" time="0.053" /><testcase classname="tests.test_client_functional" name="test_encoding_gzip_write_by_chunks[zlib_ng.zlib_ng-pyloop]" time="0.061" /><testcase classname="tests.test_client_middleware_digest_auth" name="test_digest_response_exact_match[--SHA512-auth]" time="0.044" /><testcase classname="tests.test_client_response" name="test_response_raw_cookie_headers_preserved[pyloop]" time="0.043" /><testcase classname="tests.test_benchmarks_client" name="test_get_request_with_251308_compressed_chunked_payload[zlib_ng.zlib_ng-pyloop]" time="0.274" /><testcase classname="tests.test_client_request" name="test_host_header_host_idna_encode[pyloop]" time="0.044" /><testcase classname="tests.test_client_middleware_digest_auth" name="test_digest_response_exact_match[--SHA512-auth-int]" time="0.042" /><testcase classname="tests.test_client_request" name="test_chunked_transfer_encoding[pyloop]" time="0.055" /><testcase classname="tests.test_client_response" name="test_response_cookies_setter_updates_raw_headers[pyloop]" time="0.042" /><testcase classname="tests.test_client_functional" name="test_encoding_gzip_write_by_chunks[isal.isal_zlib-pyloop]" time="0.060" /><testcase classname="tests.test_client_request" name="test_host_header_host_unicode[pyloop]" time="0.058" /><testcase classname="tests.test_client_middleware_digest_auth" name="test_digest_response_exact_match[--SHA512-auth,auth-int]" time="0.041" /><testcase classname="tests.test_client_session" name="test_close_coro[pyloop]" time="0.046" /><testcase classname="tests.test_client_request" name="test_file_upload_not_chunked[pyloop]" time="0.047" /><testcase classname="tests.test_client_functional" name="test_read_timeout_closes_connection[pyloop]" time="0.266" /><testcase classname="tests.test_client_functional" name="test_encoding_gzip_nochunk[zlib-pyloop]" time="0.054" /><testcase classname="tests.test_client_request" name="test_host_header_explicit_host[pyloop]" time="0.039" /><testcase classname="tests.test_client_middleware_digest_auth" name="test_digest_response_exact_match[--SHA512-]" time="0.049" /><testcase classname="tests.test_client_session" name="test_init_headers_simple_dict[pyloop]" time="0.044" /><testcase classname="tests.test_client_request" name="test_precompressed_data_stays_intact[zlib-pyloop]" time="0.043" /><testcase classname="tests.test_client_request" name="test_host_header_explicit_host_with_port[pyloop]" time="0.044" /><testcase classname="tests.test_client_functional" name="test_encoding_gzip_nochunk[zlib_ng.zlib_ng-pyloop]" time="0.048" /><testcase classname="tests.test_client_middleware_digest_auth" name="test_digest_response_exact_match[--SHA512-SESS-auth]" time="0.046" /><testcase classname="tests.test_client_session" name="test_init_headers_list_of_tuples[pyloop]" time="0.044" /><testcase classname="tests.test_client_request" name="test_precompressed_data_stays_intact[zlib_ng.zlib_ng-pyloop]" time="0.044" /><testcase classname="tests.test_circular_imports" name="test_no_warnings[aiohttp.worker]" time="0.295" /><testcase classname="tests.test_client_request" name="test_host_header_ipv4[pyloop]" time="0.042" /><testcase classname="tests.test_client_functional" name="test_encoding_gzip_nochunk[isal.isal_zlib-pyloop]" time="0.053" /><testcase classname="tests.test_client_middleware_digest_auth" name="test_digest_response_exact_match[--SHA512-SESS-auth-int]" time="0.043" /><testcase classname="tests.test_client_session" name="test_init_headers_MultiDict[pyloop]" time="0.046" /><testcase classname="tests.test_client_request" name="test_precompressed_data_stays_intact[isal.isal_zlib-pyloop]" time="0.041" /><testcase classname="tests.test_client_request" name="test_host_header_ipv6[pyloop]" time="0.053" /><testcase classname="tests.test_client_middleware_digest_auth" name="test_digest_response_exact_match[--SHA512-SESS-auth,auth-int]" time="0.047" /><testcase classname="tests.test_client_request" name="test_body_with_size_sets_content_length[pyloop]" time="0.050" /><testcase classname="tests.test_client_session" name="test_init_headers_list_of_tuples_with_duplicates[pyloop]" time="0.059" /><testcase classname="tests.test_client_functional" name="test_bad_payload_compression[pyloop]" time="0.064" /><testcase classname="tests.test_benchmarks_client" name="test_get_request_with_251308_compressed_chunked_payload[isal.isal_zlib-pyloop]" time="0.311" /><testcase classname="tests.test_client_request" name="test_host_header_ipv4_with_port[pyloop]" time="0.049" /><testcase classname="tests.test_client_middleware_digest_auth" name="test_digest_response_exact_match[--SHA512-SESS-]" time="0.052" /><testcase classname="tests.test_client_request" name="test_body_payload_with_size_no_content_length[pyloop]" time="0.043" /><testcase classname="tests.test_client_session" name="test_init_cookies_with_simple_dict[pyloop]" time="0.060" /><testcase classname="tests.test_client_functional" name="test_bad_payload_chunked_encoding[pyloop]" time="0.065" /><testcase classname="tests.test_client_request" name="test_host_header_ipv6_with_port[pyloop]" time="0.047" /><testcase classname="tests.test_client_functional" name="test_read_timeout_on_prepared_response[pyloop]" time="0.162" /><testcase classname="tests.test_client_request" name="test_file_upload_not_chunked_seek[pyloop]" time="0.052" /><testcase classname="tests.test_client_middleware_digest_auth" name="test_digest_response_exact_match[body1-this is a body-MD5-auth]" time="0.050" /><testcase classname="tests.test_client_session" name="test_init_cookies_with_list_of_tuples[pyloop]" time="0.048" /><testcase classname="tests.test_client_request" name="test_host_header_fqdn[pyloop-dot only at the end]" time="0.040" /><testcase classname="tests.test_client_functional" name="test_no_payload_304_with_chunked_encoding[pyloop]" time="0.049" /><testcase classname="tests.test_client_request" name="test_file_upload_force_chunked[pyloop]" time="0.049" /><testcase classname="tests.test_client_middleware_digest_auth" name="test_digest_response_exact_match[body1-this is a body-MD5-auth-int]" time="0.045" /><testcase classname="tests.test_client_session" name="test_merge_headers[pyloop]" time="0.045" /><testcase classname="tests.test_client_request" name="test_host_header_fqdn[pyloop-single dot]" time="0.044" /><testcase classname="tests.test_client_functional" name="test_head_request_with_chunked_encoding[pyloop]" time="0.051" /><testcase classname="tests.test_client_middleware_digest_auth" name="test_digest_response_exact_match[body1-this is a body-MD5-auth,auth-int]" time="0.048" /><testcase classname="tests.test_client_request" name="test_expect100[pyloop]" time="0.069" /><testcase classname="tests.test_classbasedview" name="test_ctor" time="0.002" /><testcase classname="tests.test_classbasedview" name="test_render_ok" time="0.055" /><testcase classname="tests.test_client_session" name="test_merge_headers_with_multi_dict[pyloop]" time="0.057" /><testcase classname="tests.test_client_request" name="test_host_header_fqdn[pyloop-single dot with port]" time="0.043" /><testcase classname="tests.test_client_functional" name="test_no_payload_200_with_chunked_encoding[pyloop]" time="0.061" /><testcase classname="tests.test_client_middleware_digest_auth" name="test_digest_response_exact_match[body1-this is a body-MD5-]" time="0.045" /><testcase classname="tests.test_client_functional" name="test_timeout_with_full_buffer[pyloop]" time="0.561" /><testcase classname="tests.test_client_request" name="test_host_header_fqdn[pyloop-multiple dots with port]" time="0.047" /><testcase classname="tests.test_classbasedview" name="test_render_unknown_method" time="0.045" /><testcase classname="tests.test_client_request" name="test_expect_100_continue_header[pyloop]" time="0.054" /><testcase classname="tests.test_client_session" name="test_merge_headers_with_list_of_tuples[pyloop]" time="0.043" /><testcase classname="tests.test_client_middleware_digest_auth" name="test_digest_response_exact_match[body1-this is a body-MD5-SESS-auth]" time="0.049" /><testcase classname="tests.test_client_functional" name="test_bad_payload_content_length[pyloop]" time="0.056" /><testcase classname="tests.test_client_request" name="test_host_header_fqdn[pyloop-explicit host header]" time="0.043" /><testcase classname="tests.test_classbasedview" name="test_render_unsupported_method" time="0.045" /><testcase classname="tests.test_client_session" name="test_merge_headers_with_list_of_tuples_duplicated_names[pyloop]" time="0.047" /><testcase classname="tests.test_benchmarks_client" name="test_one_hundred_get_requests_with_1024_content_length_payload[pyloop]" time="0.136" /><testcase classname="tests.test_client_request" name="test_data_stream[pyloop]" time="0.055" /><testcase classname="tests.test_client_middleware_digest_auth" name="test_digest_response_exact_match[body1-this is a body-MD5-SESS-auth-int]" time="0.043" /><testcase classname="tests.test_client_request" name="test_host_header_fqdn[pyloop-https]" time="0.047" /><testcase classname="tests.test_client_functional" name="test_payload_content_length_by_chunks[pyloop]" time="0.045" /><testcase classname="tests.test_client_session" name="test_invalid_data[pyloop-obj0]" time="0.045" /><testcase classname="tests.test_client_middleware_digest_auth" name="test_digest_response_exact_match[body1-this is a body-MD5-SESS-auth,auth-int]" time="0.044" /><testcase classname="tests.test_client_request" name="test_data_file[pyloop]" time="0.057" /><testcase classname="tests.test_client_connection" name="test_ctor" time="0.033" /><testcase classname="tests.test_client_request" name="test_host_header_fqdn[pyloop-only dots]" time="0.044" /><testcase classname="tests.test_client_functional" name="test_chunked[pyloop]" time="0.051" /><testcase classname="tests.test_client_session" name="test_invalid_data[pyloop-None]" time="0.044" /><testcase classname="tests.test_client_connection" name="test_callbacks_on_close" time="0.026" /><testcase classname="tests.test_client_middleware_digest_auth" name="test_digest_response_exact_match[body1-this is a body-MD5-SESS-]" time="0.045" /><testcase classname="tests.test_client_request" name="test_host_header_fqdn[pyloop-single dot with port idna]" time="0.043" /><testcase classname="tests.test_client_request" name="test_data_stream_exc[pyloop]" time="0.067" /><testcase classname="tests.test_client_connection" name="test_callbacks_on_release" time="0.034" /><testcase classname="tests.test_client_functional" name="test_shortcuts[pyloop]" time="0.056" /><testcase classname="tests.test_client_session" name="test_http_GET[pyloop]" time="0.048" /><testcase classname="tests.test_benchmarks_client" name="test_one_hundred_get_requests_with_30000_content_length_payload[pyloop]" time="0.126" /><testcase classname="tests.test_client_middleware_digest_auth" name="test_digest_response_exact_match[body1-this is a body-SHA-auth]" time="0.043" /><testcase classname="tests.test_client_connection" name="test_callbacks_exception" time="0.023" /><testcase classname="tests.test_client_request" name="test_default_headers_useragent[pyloop]" time="0.048" /><testcase classname="tests.test_client_connection" name="test_del" time="0.076" /><testcase classname="tests.test_client_session" name="test_http_OPTIONS[pyloop]" time="0.047" /><testcase classname="tests.test_client_request" name="test_data_stream_exc_chain[pyloop]" time="0.062" /><testcase classname="tests.test_client_functional" name="test_cookies[pyloop]" time="0.050" /><testcase classname="tests.test_client_middleware_digest_auth" name="test_digest_response_exact_match[body1-this is a body-SHA-auth-int]" time="0.048" /><testcase classname="tests.test_client_request" name="test_default_headers_useragent_custom[pyloop]" time="0.047" /><testcase classname="tests.test_client_session" name="test_http_HEAD[pyloop]" time="0.055" /><testcase classname="tests.test_client_middleware_digest_auth" name="test_digest_response_exact_match[body1-this is a body-SHA-auth,auth-int]" time="0.046" /><testcase classname="tests.test_client_functional" name="test_cookies_per_request[pyloop]" time="0.050" /><testcase classname="tests.test_client_request" name="test_data_stream_continue[pyloop]" time="0.061" /><testcase classname="tests.test_client_connection" name="test_close" time="0.032" /><testcase classname="tests.test_client_request" name="test_skip_default_useragent_header[pyloop]" time="0.047" /><testcase classname="tests.test_benchmarks_client" name="test_one_hundred_get_requests_with_512kib_content_length_payload[pyloop]" time="0.335" /><testcase classname="tests.test_client_middleware_digest_auth" name="test_digest_response_exact_match[body1-this is a body-SHA-]" time="0.049" /><testcase classname="tests.test_client_functional" name="test_cookies_redirect[pyloop]" time="0.066" /><testcase classname="tests.test_client_session" name="test_http_POST[pyloop]" time="0.062" /><testcase classname="tests.test_client_connection" name="test_release" time="0.035" /><testcase classname="tests.test_client_request" name="test_headers[pyloop]" time="0.052" /><testcase classname="tests.test_client_request" name="test_data_continue[pyloop]" time="0.067" /><testcase classname="tests.test_client_middleware_digest_auth" name="test_digest_response_exact_match[body1-this is a body-SHA-256-auth]" time="0.052" /><testcase classname="tests.test_client_connection" name="test_release_proto_should_close" time="0.041" /><testcase classname="tests.test_client_session" name="test_http_PUT[pyloop]" time="0.048" /><testcase classname="tests.test_client_functional" name="test_cookies_on_empty_session_jar[pyloop]" time="0.052" /><testcase classname="tests.test_client_request" name="test_headers_list[pyloop]" time="0.050" /><testcase classname="tests.test_client_connection" name="test_release_released" time="0.037" /><testcase classname="tests.test_client_exceptions.TestClientResponseError" name="test_default_status" time="0.001" /><testcase classname="tests.test_client_exceptions.TestClientResponseError" name="test_status" time="0.001" /><testcase classname="tests.test_client_exceptions.TestClientResponseError" name="test_pickle" time="0.001"><skipped type="pytest.xfail" message="CIMultiDictProxy is not pickleable" /></testcase><testcase classname="tests.test_client_request" name="test_close[pyloop]" time="0.053" /><testcase classname="tests.test_client_middleware_digest_auth" name="test_digest_response_exact_match[body1-this is a body-SHA-256-auth-int]" time="0.041" /><testcase classname="tests.test_client_session" name="test_http_PATCH[pyloop]" time="0.045" /><testcase classname="tests.test_client_functional" name="test_morsel_with_attributes[pyloop]" time="0.050" /><testcase classname="tests.test_client_request" name="test_headers_default[pyloop]" time="0.052" /><testcase classname="tests.test_client_middleware_digest_auth" name="test_digest_response_exact_match[body1-this is a body-SHA-256-auth,auth-int]" time="0.054" /><testcase classname="tests.test_client_exceptions.TestClientResponseError" name="test_repr" time="0.001" /><testcase classname="tests.test_client_request" name="test_bad_version[pyloop]" time="0.048" /><testcase classname="tests.test_client_exceptions.TestClientResponseError" name="test_str" time="0.001" /><testcase classname="tests.test_client_exceptions.TestClientConnectorError" name="test_ctor" time="0.001" /><testcase classname="tests.test_client_exceptions.TestClientConnectorError" name="test_pickle" time="0.003" /><testcase classname="tests.test_client_exceptions.TestClientConnectorError" name="test_repr" time="0.001" /><testcase classname="tests.test_client_exceptions.TestClientConnectorError" name="test_str" time="0.001" /><testcase classname="tests.test_client_exceptions.TestClientConnectorCertificateError" name="test_ctor" time="0.001" /><testcase classname="tests.test_client_exceptions.TestClientConnectorCertificateError" name="test_pickle" time="0.001" /><testcase classname="tests.test_client_exceptions.TestClientConnectorCertificateError" name="test_repr" time="0.001" /><testcase classname="tests.test_client_exceptions.TestClientConnectorCertificateError" name="test_str" time="0.001" /><testcase classname="tests.test_client_exceptions.TestServerDisconnectedError" name="test_ctor" time="0.001" /><testcase classname="tests.test_client_session" name="test_http_DELETE[pyloop]" time="0.052" /><testcase classname="tests.test_client_exceptions.TestServerDisconnectedError" name="test_pickle" time="0.002" /><testcase classname="tests.test_client_exceptions.TestServerDisconnectedError" name="test_repr" time="0.001" /><testcase classname="tests.test_client_exceptions.TestServerDisconnectedError" name="test_str" time="0.001" /><testcase classname="tests.test_client_exceptions.TestServerFingerprintMismatch" name="test_ctor" time="0.001" /><testcase classname="tests.test_client_exceptions.TestServerFingerprintMismatch" name="test_pickle" time="0.002" /><testcase classname="tests.test_client_exceptions.TestServerFingerprintMismatch" name="test_repr" time="0.001" /><testcase classname="tests.test_client_functional" name="test_set_cookies[pyloop]" time="0.074" /><testcase classname="tests.test_client_exceptions.TestInvalidURL" name="test_ctor" time="0.001" /><testcase classname="tests.test_client_exceptions.TestInvalidURL" name="test_pickle" time="0.002" /><testcase classname="tests.test_client_exceptions.TestInvalidURL" name="test_repr_no_description" time="0.001" /><testcase classname="tests.test_client_request" name="test_invalid_url[pyloop]" time="0.054" /><testcase classname="tests.test_client_exceptions.TestInvalidURL" name="test_repr_yarl_URL" time="0.001" /><testcase classname="tests.test_client_exceptions.TestInvalidURL" name="test_repr_with_description" time="0.001" /><testcase classname="tests.test_client_exceptions.TestInvalidURL" name="test_str_no_description" time="0.001" /><testcase classname="tests.test_client_exceptions.TestInvalidURL" name="test_none_description" time="0.001" /><testcase classname="tests.test_client_exceptions.TestInvalidURL" name="test_str_with_description" time="0.001" /><testcase classname="tests.test_client_fingerprint" name="test_fingerprint_sha256" time="0.001" /><testcase classname="tests.test_client_fingerprint" name="test_fingerprint_sha1" time="0.001" /><testcase classname="tests.test_client_fingerprint" name="test_fingerprint_md5" time="0.001" /><testcase classname="tests.test_client_fingerprint" name="test_fingerprint_check_no_ssl" time="0.001" /><testcase classname="tests.test_client_functional" name="test_keepalive_two_requests_success[pyloop]" time="0.071" /><testcase classname="tests.test_client_request" name="test_custom_response_class[pyloop]" time="0.062" /><testcase classname="tests.test_client_middleware_digest_auth" name="test_digest_response_exact_match[body1-this is a body-SHA-256-]" time="0.043" /><testcase classname="tests.test_client_functional" name="test_read_bufsize_session_default[pyloop]" time="0.052" /><testcase classname="tests.test_client_session" name="test_close[pyloop]" time="0.065" /><testcase classname="tests.test_client_request" name="test_no_path[pyloop]" time="0.052" /><testcase classname="tests.test_client_middleware_digest_auth" name="test_digest_response_exact_match[body1-this is a body-SHA-256-SESS-auth]" time="0.042" /><testcase classname="tests.test_client_functional" name="test_set_cookies_with_curly_braces[pyloop]" time="0.064" /><testcase classname="tests.test_client_request" name="test_oserror_on_write_bytes[pyloop]" time="0.055" /><testcase classname="tests.test_client_functional" name="test_read_bufsize_explicit[pyloop]" time="0.056" /><testcase classname="tests.test_client_functional" name="test_keepalive_after_head_requests_success[pyloop]" time="0.060" /><testcase classname="tests.test_client_session" name="test_closed[pyloop]" time="0.047" /><testcase classname="tests.test_client_middleware_digest_auth" name="test_digest_response_exact_match[body1-this is a body-SHA-256-SESS-auth-int]" time="0.060" /><testcase classname="tests.test_client_session" name="test_request_closed_session[pyloop]" time="0.053" /><testcase classname="tests.test_client_request" name="test_cancel_close[pyloop]" time="0.062" /><testcase classname="tests.test_client_functional" name="test_http_empty_data_text[pyloop]" time="0.061" /><testcase classname="tests.test_client_functional" name="test_set_cookies_expired[pyloop]" time="0.051" /><testcase classname="tests.test_benchmarks_client" name="test_one_hundred_simple_post_requests[pyloop]" time="0.250" /><testcase classname="tests.test_client_functional" name="test_keepalive_after_empty_body_status[pyloop-101]" time="0.054" /><testcase classname="tests.test_client_session" name="test_connector[pyloop]" time="0.049" /><testcase classname="tests.test_client_middleware_digest_auth" name="test_digest_response_exact_match[body1-this is a body-SHA-256-SESS-auth,auth-int]" time="0.044" /><testcase classname="tests.test_client_session" name="test_close_flag_for_closed_connector[pyloop]" time="0.049" /><testcase classname="tests.test_client_functional" name="test_set_cookies_max_age[pyloop]" time="2.075" /><testcase classname="tests.test_client_session" name="test_create_connector[pyloop]" time="0.121" /><testcase classname="tests.test_client_request" name="test_terminate[pyloop]" time="0.067" /><testcase classname="tests.test_client_functional" name="test_max_field_size_session_default[pyloop]" time="0.156" /><testcase classname="tests.test_client_functional" name="test_keepalive_after_empty_body_status[pyloop-204]" time="0.148" /><testcase classname="tests.test_client_middleware_digest_auth" name="test_digest_response_exact_match[body1-this is a body-SHA-256-SESS-]" time="0.147" /><testcase classname="tests.test_client_session" name="test_double_close[pyloop]" time="0.168" /><testcase classname="tests.test_client_session" name="test_ssl_shutdown_timeout_passed_to_connector" time="0.091" /><testcase classname="tests.test_client_functional" name="test_keepalive_after_empty_body_status[pyloop-304]" time="0.055" /><testcase classname="tests.test_client_request" name="test_terminate_with_closed_loop[pyloop]" time="0.182" /><testcase classname="tests.test_client_functional" name="test_max_field_size_session_default_fail[pyloop]" time="0.057" /><testcase classname="tests.test_client_middleware_digest_auth" name="test_digest_response_exact_match[body1-this is a body-SHA-512-auth]" time="0.056" /><testcase classname="tests.test_benchmarks_client" name="test_one_hundred_json_post_requests[pyloop]" time="0.129" /><testcase classname="tests.test_client_session" name="test_del[pyloop]" time="0.105" /><testcase classname="tests.test_client_functional" name="test_keepalive_after_empty_body_status_stream_response[pyloop-101]" time="0.052" /><testcase classname="tests.test_client_session" name="test_ssl_shutdown_timeout_passed_to_connector_pre_311" time="0.000"><skipped type="pytest.skip" message="This test is for Python &lt; 3.11 runtime warning behavior">/Users/rabeyakhatunmuna/Documents/mini-swe-agent-ci-based/results/miniswe-agent/bidirectional/l1_l2_l3_minimax-m2.5/L1_L2_L3/adafb541714013634f654850ffd105f3e266568c/testbed/tests/test_client_session.py:403: This test is for Python &lt; 3.11 runtime warning behavior</skipped></testcase><testcase classname="tests.test_client_session" name="test_connector_loop[pyloop]" time="0.043" /><testcase classname="tests.test_client_middleware_digest_auth" name="test_digest_response_exact_match[body1-this is a body-SHA-512-auth-int]" time="0.045" /><testcase classname="tests.test_client_functional" name="test_max_field_size_session_explicit[pyloop]" time="0.048" /><testcase classname="tests.test_client_request" name="test_terminate_without_writer[pyloop]" time="0.042" /><testcase classname="tests.test_client_session" name="test_detach[pyloop]" time="0.051" /><testcase classname="tests.test_client_middleware_digest_auth" name="test_digest_response_exact_match[body1-this is a body-SHA-512-auth,auth-int]" time="0.045" /><testcase classname="tests.test_client_functional" name="test_max_field_size_request_explicit[pyloop]" time="0.054" /><testcase classname="tests.test_client_functional" name="test_keepalive_after_empty_body_status_stream_response[pyloop-204]" time="0.050" /><testcase classname="tests.test_client_request" name="test_custom_req_rep[pyloop]" time="0.058" /><testcase classname="tests.test_client_session" name="test_del_debug[pyloop]" time="0.159" /><testcase classname="tests.test_client_middleware_digest_auth" name="test_digest_response_exact_match[body1-this is a body-SHA-512-]" time="0.044" /><testcase classname="tests.test_client_ws_functional" name="test_send_recv_json_bytes[pyloop]" time="0.052" /><testcase classname="tests.test_client_functional" name="test_keepalive_after_empty_body_status_stream_response[pyloop-304]" time="0.054" /><testcase classname="tests.test_client_functional" name="test_max_line_size_session_default[pyloop]" time="0.052" /><testcase classname="tests.test_benchmarks_client" name="test_ten_streamed_responses_iter_any[pyloop]" time="0.078" /><testcase classname="tests.test_client_middleware_digest_auth" name="test_digest_response_exact_match[body1-this is a body-SHA-512-SESS-auth]" time="0.049" /><testcase classname="tests.test_client_request" name="test_bad_fingerprint[pyloop]" time="0.045" /><testcase classname="tests.test_client_ws_functional" name="test_send_recv_frame[pyloop]" time="0.047" /><testcase classname="tests.test_client_functional" name="test_keepalive_response_released[pyloop]" time="0.058" /><testcase classname="tests.test_client_functional" name="test_max_line_size_session_default_fail[pyloop]" time="0.048" /><testcase classname="tests.test_client_request" name="test_insecure_fingerprint_md5[pyloop]" time="0.045" /><testcase classname="tests.test_benchmarks_client" name="test_ten_streamed_responses_iter_chunked_4096[pyloop]" time="0.078" /><testcase classname="tests.test_client_middleware_digest_auth" name="test_digest_response_exact_match[body1-this is a body-SHA-512-SESS-auth-int]" time="0.041" /><testcase classname="tests.test_client_ws_functional" name="test_ping_pong[pyloop]" time="0.049" /><testcase classname="tests.test_client_functional" name="test_max_line_size_session_explicit[pyloop]" time="0.056" /><testcase classname="tests.test_client_functional" name="test_upgrade_connection_not_released_after_read[pyloop]" time="0.062" /><testcase classname="tests.test_client_middleware_digest_auth" name="test_digest_response_exact_match[body1-this is a body-SHA-512-SESS-auth,auth-int]" time="0.045" /><testcase classname="tests.test_client_request" name="test_insecure_fingerprint_sha1[pyloop]" time="0.044" /><testcase classname="tests.test_client_ws_functional" name="test_ping_pong_manual[pyloop]" time="0.052" /><testcase classname="tests.test_client_session" name="test_borrow_connector_loop[pyloop]" time="0.063" /><testcase classname="tests.test_client_functional" name="test_max_line_size_request_explicit[pyloop]" time="0.053" /><testcase classname="tests.test_benchmarks_client" name="test_ten_streamed_responses_iter_chunked_65536[pyloop]" time="0.077" /><testcase classname="tests.test_client_request" name="test_loose_cookies_types[pyloop]" time="0.048" /><testcase classname="tests.test_client_middleware_digest_auth" name="test_digest_response_exact_match[body1-this is a body-SHA-512-SESS-]" time="0.043" /><testcase classname="tests.test_client_functional" name="test_keepalive_server_force_close_connection[pyloop]" time="0.062" /><testcase classname="tests.test_client_session" name="test_reraise_os_error[pyloop]" time="0.070" /><testcase classname="tests.test_client_ws_functional" name="test_close[pyloop]" time="0.054" /><testcase classname="tests.test_client_middleware_digest_auth" name="test_digest_response_exact_match[body1-this is a body-SHA-SESS-auth]" time="0.049" /><testcase classname="tests.test_client_functional" name="test_rejected_upload[pyloop]" time="0.069" /><testcase classname="tests.test_client_request" name="test_gen_default_accept_encoding[False-False-gzip, deflate]" time="0.001" /><testcase classname="tests.test_client_request" name="test_gen_default_accept_encoding[True-False-gzip, deflate, br]" time="0.001" /><testcase classname="tests.test_client_request" name="test_gen_default_accept_encoding[False-True-gzip, deflate, zstd]" time="0.001" /><testcase classname="tests.test_client_request" name="test_gen_default_accept_encoding[True-True-gzip, deflate, br, zstd]" time="0.002" /><testcase classname="tests.test_client_request" name="test_basicauth_from_netrc_present_untrusted_env[pyloop-machine example.com login username password pass\n]" time="0.044" /><testcase classname="tests.test_client_functional" name="test_keepalive_timeout_async_sleep[pyloop]" time="0.074" /><testcase classname="tests.test_benchmarks_client" name="test_ten_streamed_responses_iter_chunks[pyloop]" time="0.079" /><testcase classname="tests.test_client_ws_functional" name="test_concurrent_task_close[pyloop]" time="0.168" /><testcase classname="tests.test_client_middleware_digest_auth" name="test_digest_response_exact_match[body1-this is a body-SHA-SESS-auth-int]" time="0.060" /><testcase classname="tests.test_client_session" name="test_close_conn_on_error[pyloop]" time="0.087" /><testcase classname="tests.test_client_request" name="test_basicauth_from_empty_netrc[pyloop-]" time="0.066" /><testcase classname="tests.test_client_functional" name="test_request_with_wrong_ssl_type[pyloop]" time="0.074" /><testcase classname="tests.test_client_functional" name="test_keepalive_timeout_sync_sleep[pyloop]" time="0.218" /><testcase classname="tests.test_benchmarks_client_request" name="test_client_request_update_cookies[pyloop]" time="0.054" /><testcase classname="tests.test_client_middleware_digest_auth" name="test_digest_response_exact_match[body1-this is a body-SHA-SESS-auth,auth-int]" time="0.071" /><testcase classname="tests.test_client_request" name="test_connection_key_with_proxy" time="0.071" /><testcase classname="tests.test_client_session" name="test_ws_connect_allowed_protocols[pyloop-http]" time="0.263" /><testcase classname="tests.test_client_functional" name="test_request_with_wrong_proxy[pyloop-42-TypeError]" time="0.074" /><testcase classname="tests.test_benchmarks_client_request" name="test_create_client_request_with_cookies[pyloop]" time="0.079" /><testcase classname="tests.test_client_middleware_digest_auth" name="test_digest_response_exact_match[body1-this is a body-SHA-SESS-]" time="0.148" /><testcase classname="tests.test_client_request" name="test_connection_key_without_proxy" time="0.134" /><testcase classname="tests.test_client_ws_functional" name="test_concurrent_close[pyloop]" time="0.175" /><testcase classname="tests.test_client_functional" name="test_request_with_wrong_proxy[pyloop-InvalidUrl-InvalidURL]" time="0.150" /><testcase classname="tests.test_benchmarks_client_request" name="test_create_client_request_with_headers[pyloop]" time="0.127" /><testcase classname="tests.test_client_functional" name="test_release_early[pyloop]" time="0.092" /><testcase classname="tests.test_client_middleware_digest_auth" name="test_digest_response_exact_match[body1-this is a body-SHA256-auth]" time="0.081" /><testcase classname="tests.test_client_request" name="test_request_info_back_compat" time="0.002" /><testcase classname="tests.test_client_request" name="test_request_info_tuple_new" time="0.002" /><testcase classname="tests.test_client_request" name="test_get_content_length[pyloop]" time="0.087" /><testcase classname="tests.test_client_functional" name="test_raise_for_status_is_none[pyloop]" time="0.097" /><testcase classname="tests.test_benchmarks_client_request" name="test_send_client_request_one_hundred[pyloop]" time="0.055" /><testcase classname="tests.test_client_ws_functional" name="test_concurrent_close_multiple_tasks[pyloop]" time="0.084" /><testcase classname="tests.test_client_session" name="test_ws_connect_allowed_protocols[pyloop-https]" time="0.145" /><testcase classname="tests.test_client_functional" name="test_HTTP_304[pyloop]" time="0.073" /><testcase classname="tests.test_client_middleware_digest_auth" name="test_digest_response_exact_match[body1-this is a body-SHA256-auth-int]" time="0.055" /><testcase classname="tests.test_benchmarks_client_ws" name="test_one_thousand_round_trip_websocket_text_messages[pyloop]" time="0.085" /><testcase classname="tests.test_client_request" name="test_write_bytes_with_content_length_limit[pyloop]" time="0.074" /><testcase classname="tests.test_client_ws_functional" name="test_close_from_server[pyloop]" time="0.063" /><testcase classname="tests.test_client_functional" name="test_header_too_large_error[pyloop]" time="0.071" /><testcase classname="tests.test_client_middleware_digest_auth" name="test_digest_response_exact_match[body1-this is a body-SHA256-auth,auth-int]" time="0.065" /><testcase classname="tests.test_client_functional" name="test_stream_request_on_server_eof[pyloop]" time="0.076" /><testcase classname="tests.test_benchmarks_client_ws" name="test_one_thousand_round_trip_websocket_binary_messages[pyloop-small]" time="0.066" /><testcase classname="tests.test_client_request" name="test_write_bytes_with_iterable_content_length_limit[pyloop-data0]" time="0.064" /><testcase classname="tests.test_client_ws_functional" name="test_close_manual[pyloop]" time="0.060" /><testcase classname="tests.test_client_middleware_digest_auth" name="test_digest_response_exact_match[body1-this is a body-SHA256-]" time="0.049" /><testcase classname="tests.test_client_functional" name="test_exception_when_read_outside_of_session[pyloop]" time="0.060" /><testcase classname="tests.test_client_session" name="test_ws_connect_allowed_protocols[pyloop-ws]" time="0.105" /><testcase classname="tests.test_client_functional" name="test_stream_request_on_server_eof_nested[pyloop]" time="0.052" /><testcase classname="tests.test_client_request" name="test_write_bytes_with_iterable_content_length_limit[pyloop-Part1Part2Part3]" time="0.055" /><testcase classname="tests.test_benchmarks_client_ws" name="test_one_thousand_round_trip_websocket_binary_messages[pyloop-large]" time="0.112" /><testcase classname="tests.test_client_middleware_digest_auth" name="test_digest_response_exact_match[body1-this is a body-SHA256-SESS-auth]" time="0.045" /><testcase classname="tests.test_client_ws_functional" name="test_close_timeout_sock_close_read[pyloop]" time="0.265" /><testcase classname="tests.test_client_functional" name="test_content_length_limit_enforced[pyloop]" time="0.047" /><testcase classname="tests.test_client_functional" name="test_HTTP_304_WITH_BODY[pyloop]" time="0.049" /><testcase classname="tests.test_client_middleware_digest_auth" name="test_digest_response_exact_match[body1-this is a body-SHA256-SESS-auth-int]" time="0.041" /><testcase classname="tests.test_client_request" name="test_write_bytes_empty_iterable_with_content_length[pyloop]" time="0.052" /><testcase classname="tests.test_client_functional" name="test_content_length_limit_with_multiple_reads[pyloop]" time="0.046" /><testcase classname="tests.test_client_session" name="test_ws_connect_allowed_protocols[pyloop-wss]" time="0.103" /><testcase classname="tests.test_client_functional" name="test_auto_header_user_agent[pyloop]" time="0.048" /><testcase classname="tests.test_client_middleware_digest_auth" name="test_digest_response_exact_match[body1-this is a body-SHA256-SESS-auth,auth-int]" time="0.040" /><testcase classname="tests.test_client_request" name="test_warn_if_unclosed_payload_via_body_setter[pyloop]" time="0.047" /><testcase classname="tests.test_benchmarks_client_ws" name="test_one_thousand_large_round_trip_websocket_text_messages[pyloop]" time="0.055" /><testcase classname="tests.test_client_functional" name="test_post_connection_cleanup_with_bytesio[pyloop]" time="0.064" /><testcase classname="tests.test_client_functional" name="test_skip_auto_headers_user_agent[pyloop]" time="0.050" /><testcase classname="tests.test_client_middleware_digest_auth" name="test_digest_response_exact_match[body1-this is a body-SHA256-SESS-]" time="0.046" /><testcase classname="tests.test_client_request" name="test_no_warn_for_autoclose_payload_via_body_setter[pyloop]" time="0.046" /><testcase classname="tests.test_benchmarks_client_ws" name="test_client_send_large_websocket_compressed_messages[zlib-pyloop]" time="0.068" /><testcase classname="tests.test_client_session" name="test_ws_connect_unix_socket_allowed_protocols[pyloop-http]" time="0.124" /><testcase classname="tests.test_client_middleware_digest_auth" name="test_digest_response_exact_match[body1-this is a body-SHA512-auth]" time="0.048" /><testcase classname="tests.test_client_functional" name="test_skip_default_auto_headers_user_agent[pyloop]" time="0.053" /><testcase classname="tests.test_client_functional" name="test_post_connection_cleanup_with_file[pyloop]" time="0.167" /><testcase classname="tests.test_client_request" name="test_no_warn_for_consumed_payload_via_body_setter[pyloop]" time="0.054" /><testcase classname="tests.test_client_middleware_digest_auth" name="test_digest_response_exact_match[body1-this is a body-SHA512-auth-int]" time="0.055" /><testcase classname="tests.test_client_functional" name="test_skip_auto_headers_content_type[pyloop]" time="0.062" /><testcase classname="tests.test_benchmarks_client_ws" name="test_client_send_large_websocket_compressed_messages[zlib_ng.zlib_ng-pyloop]" time="0.066" /><testcase classname="tests.test_client_request" name="test_warn_if_unclosed_payload_via_update_body_from_data[pyloop]" time="0.054" /><testcase classname="tests.test_client_ws_functional" name="test_close_timeout_deprecated[pyloop]" time="0.267" /><testcase classname="tests.test_client_middleware_digest_auth" name="test_digest_response_exact_match[body1-this is a body-SHA512-auth,auth-int]" time="0.041" /><testcase classname="tests.test_client_functional" name="test_post_data_bytesio[pyloop]" time="0.057" /><testcase classname="tests.test_client_session" name="test_ws_connect_unix_socket_allowed_protocols[pyloop-https]" time="0.112" /><testcase classname="tests.test_client_request" name="test_warn_via_update_with_file_payload[pyloop]" time="0.050" /><testcase classname="tests.test_benchmarks_client_ws" name="test_client_send_large_websocket_compressed_messages[isal.isal_zlib-pyloop]" time="0.057" /><testcase classname="tests.test_client_middleware_digest_auth" name="test_digest_response_exact_match[body1-this is a body-SHA512-]" time="0.051" /><testcase classname="tests.test_client_functional" name="test_post_content_exception_connection_kept[pyloop]" time="0.054" /><testcase classname="tests.test_client_request" name="test_no_warn_for_simple_data_via_update_body_from_data[pyloop]" time="0.048" /><testcase classname="tests.test_client_functional" name="test_post_data_with_bytesio_file[pyloop]" time="0.079" /><testcase classname="tests.test_benchmarks_client_ws" name="test_client_receive_large_websocket_compressed_messages[zlib-pyloop]" time="0.064" /><testcase classname="tests.test_client_middleware_digest_auth" name="test_digest_response_exact_match[body1-this is a body-SHA512-SESS-auth]" time="0.049" /><testcase classname="tests.test_client_request" name="test_update_body_closes_previous_payload[pyloop]" time="0.047" /><testcase classname="tests.test_client_functional" name="test_network_error_connection_closed[pyloop]" time="0.067" /><testcase classname="tests.test_client_session" name="test_ws_connect_unix_socket_allowed_protocols[pyloop-ws]" time="0.127" /><testcase classname="tests.test_benchmarks_client_ws" name="test_client_receive_large_websocket_compressed_messages[zlib_ng.zlib_ng-pyloop]" time="0.058" /><testcase classname="tests.test_client_middleware_digest_auth" name="test_digest_response_exact_match[body1-this is a body-SHA512-SESS-auth-int]" time="0.056" /><testcase classname="tests.test_client_functional" name="test_post_data_stringio[pyloop]" time="0.053" /><testcase classname="tests.test_client_request" name="test_body_setter_closes_previous_payload[pyloop]" time="0.064" /><testcase classname="tests.test_client_functional" name="test_client_side_network_error_connection_closed[pyloop]" time="0.071" /><testcase classname="tests.test_client_middleware_digest_auth" name="test_digest_response_exact_match[body1-this is a body-SHA512-SESS-auth,auth-int]" time="0.060" /><testcase classname="tests.test_benchmarks_client_ws" name="test_client_receive_large_websocket_compressed_messages[isal.isal_zlib-pyloop]" time="0.069" /><testcase classname="tests.test_client_functional" name="test_post_data_textio_encoding[pyloop]" time="0.062" /><testcase classname="tests.test_client_request" name="test_update_body_with_different_types[pyloop]" time="0.051" /><testcase classname="tests.test_client_session" name="test_ws_connect_unix_socket_allowed_protocols[pyloop-wss]" time="0.114" /><testcase classname="tests.test_client_ws_functional" name="test_close_cancel[pyloop]" time="0.263" /><testcase classname="tests.test_client_functional" name="test_empty_response_non_chunked[pyloop]" time="0.052" /><testcase classname="tests.test_client_middleware_digest_auth" name="test_digest_response_exact_match[body1-this is a body-SHA512-SESS-]" time="0.052" /><testcase classname="tests.test_client_functional" name="test_post_data_zipfile_filelike[pyloop]" time="0.058" /><testcase classname="tests.test_benchmarks_cookiejar" name="test_load_cookies_into_temp_cookiejar" time="0.050" /><testcase classname="tests.test_client_request" name="test_update_body_with_chunked_encoding[pyloop]" time="0.050" /><testcase classname="tests.test_client_functional" name="test_set_eof_on_empty_response[pyloop]" time="0.057" /><testcase classname="tests.test_client_middleware_digest_auth" name="test_parse_header_pairs[fully_quoted_header]" time="0.001" /><testcase classname="tests.test_client_middleware_digest_auth" name="test_parse_header_pairs[unquoted_header]" time="0.001" /><testcase classname="tests.test_client_middleware_digest_auth" name="test_parse_header_pairs[mixed_quoted_unquoted_with_commas]" time="0.001" /><testcase classname="tests.test_connector" name="test_tcp_connector_dns_cache_forever[pyloop]" time="0.055" /><testcase classname="tests.test_benchmarks_http_websocket" name="test_read_large_binary_websocket_messages[pyloop]" time="0.046" /><testcase classname="tests.test_client_functional" name="test_post_data_tarfile_filelike[pyloop]" time="0.054" /><testcase classname="tests.test_client_request" name="test_update_body_get_method_with_none_body[pyloop]" time="0.055" /><testcase classname="tests.test_client_functional" name="test_bytes_payload_redirect[pyloop]" time="0.049" /><testcase classname="tests.test_client_session" name="test_ws_connect_unix_socket_allowed_protocols[pyloop-unix]" time="0.104" /><testcase classname="tests.test_benchmarks_http_websocket" name="test_read_one_hundred_websocket_text_messages[pyloop]" time="0.043" /><testcase classname="tests.test_connector" name="test_tcp_connector_use_dns_cache_disabled[pyloop]" time="0.053" /><testcase classname="tests.test_client_functional" name="test_post_bytes_data_content_length_from_body[pyloop]" time="0.049" /><testcase classname="tests.test_client_request" name="test_update_body_updates_content_length[pyloop]" time="0.043" /><testcase classname="tests.test_benchmarks_http_websocket" name="test_send_one_hundred_websocket_text_messages[pyloop]" time="0.049" /><testcase classname="tests.test_client_functional" name="test_string_payload_redirect[pyloop]" time="0.057" /><testcase classname="tests.test_connector" name="test_tcp_connector_dns_throttle_requests[pyloop]" time="0.077" /><testcase classname="tests.test_client_functional" name="test_post_custom_payload_without_content_length[pyloop]" time="0.053" /><testcase classname="tests.test_client_request" name="test_warn_stacklevel_points_to_user_code[pyloop]" time="0.044" /><testcase classname="tests.test_benchmarks_http_websocket" name="test_send_one_hundred_large_websocket_text_messages[pyloop]" time="0.058" /><testcase classname="tests.test_client_session" name="test_cookie_jar_usage[pyloop]" time="0.064" /><testcase classname="tests.test_client_functional" name="test_async_iterable_payload_redirect[pyloop]" time="0.054" /><testcase classname="tests.test_client_request" name="test_warn_stacklevel_update_body_from_data[pyloop]" time="0.050" /><testcase classname="tests.test_connector" name="test_tcp_connector_dns_throttle_requests_exception_spread[pyloop]" time="0.053" /><testcase classname="tests.test_client_functional" name="test_ssl_client[pyloop]" time="0.090" /><testcase classname="tests.test_client_ws_functional" name="test_override_default_headers[pyloop]" time="0.049" /><testcase classname="tests.test_benchmarks_http_websocket" name="test_send_one_hundred_websocket_text_messages_with_mask[pyloop]" time="0.045" /><testcase classname="tests.test_client_request" name="test_expect100_with_body_becomes_none" time="0.052" /><testcase classname="tests.test_client_functional" name="test_buffered_reader_payload_redirect[pyloop]" time="0.059" /><testcase classname="tests.test_client_session" name="test_cookies_with_not_quoted_cookie_jar[pyloop]" time="0.050" /><testcase classname="tests.test_connector" name="test_tcp_connector_dns_throttle_requests_cancelled_when_close[pyloop]" time="0.055" /><testcase classname="tests.test_benchmarks_http_websocket" name="test_send_one_hundred_websocket_compressed_messages[zlib-pyloop]" time="0.058" /><testcase classname="tests.test_client_ws_functional" name="test_additional_headers[pyloop]" time="0.066" /><testcase classname="tests.test_client_request" name="test_content_length_for_methods[pyloop-GET-None-None]" time="0.051" /><testcase classname="tests.test_client_functional" name="test_ssl_client_shutdown_timeout[pyloop]" time="0.079" /><testcase classname="tests.test_client_session" name="test_session_default_version[pyloop]" time="0.071" /><testcase classname="tests.test_client_functional" name="test_string_io_payload_redirect[pyloop]" time="0.069" /><testcase classname="tests.test_connector" name="test_tcp_connector_cancel_dns_error_captured[pyloop]" time="0.127" /><testcase classname="tests.test_benchmarks_http_websocket" name="test_send_one_hundred_websocket_compressed_messages[zlib_ng.zlib_ng-pyloop]" time="0.052" /><testcase classname="tests.test_client_request" name="test_content_length_for_methods[pyloop-HEAD-None-None]" time="0.058" /><testcase classname="tests.test_client_ws_functional" name="test_recv_protocol_error[pyloop]" time="0.068" /><testcase classname="tests.test_client_functional" name="test_bytes_io_payload_redirect[pyloop]" time="0.062" /><testcase classname="tests.test_client_functional" name="test_set_cookies_max_age_overflow[pyloop]" time="0.063" /><testcase classname="tests.test_client_functional" name="test_ssl_client_alpn[pyloop]" time="0.080" /><testcase classname="tests.test_client_session" name="test_proxy_str[pyloop]" time="0.060" /><testcase classname="tests.test_benchmarks_http_websocket" name="test_send_one_hundred_websocket_compressed_messages[isal.isal_zlib-pyloop]" time="0.060" /><testcase classname="tests.test_client_request" name="test_content_length_for_methods[pyloop-OPTIONS-None-None]" time="0.056" /><testcase classname="tests.test_client_ws_functional" name="test_recv_timeout[pyloop]" time="0.079" /><testcase classname="tests.test_client_functional" name="test_request_conn_error[pyloop]" time="0.048" /><testcase classname="tests.test_client_session" name="test_default_proxy[pyloop]" time="0.056" /><testcase classname="tests.test_client_functional" name="test_multiple_redirects_with_bytes_payload[pyloop]" time="0.068" /><testcase classname="tests.test_connector" name="test_tcp_connector_dns_tracing[pyloop]" time="0.080" /><testcase classname="tests.test_benchmarks_http_writer" name="test_serialize_headers" time="0.001" /><testcase classname="tests.test_benchmarks_web_fileresponse" name="test_simple_web_file_response[pyloop]" time="0.393" /><testcase classname="tests.test_client_functional" name="test_tcp_connector_fingerprint_ok[pyloop]" time="0.072" /><testcase classname="tests.test_client_request" name="test_content_length_for_methods[pyloop-TRACE-None-None]" time="0.066" /><testcase classname="tests.test_client_functional" name="test_broken_connection[pyloop]" time="0.045"><skipped type="pytest.xfail" message="" /></testcase><testcase classname="tests.test_client_session" name="test_request_tracing[pyloop]" time="0.076" /><testcase classname="tests.test_client_ws_functional" name="test_receive_timeout_sock_read[pyloop]" time="0.104" /><testcase classname="tests.test_client_functional" name="test_redirect_with_empty_payload[pyloop]" time="0.072" /><testcase classname="tests.test_client_functional" name="test_tcp_connector_fingerprint_fail[pyloop]" time="0.078" /><testcase classname="tests.test_connector" name="test_limit_per_host_property_default[pyloop]" time="0.053" /><testcase classname="tests.test_connector" name="test_tcp_connector_dns_tracing_cache_disabled[pyloop]" time="0.054" /><testcase classname="tests.test_client_session" name="test_request_tracing_url_params[pyloop]" time="0.085" /><testcase classname="tests.test_client_functional" name="test_redirect_preserves_content_type[pyloop]" time="0.061" /><testcase classname="tests.test_connector" name="test_force_close_and_explicit_keep_alive[pyloop]" time="0.046" /><testcase classname="tests.test_connector" name="test_tcp_connector_dns_tracing_throttle_requests[pyloop]" time="0.047" /><testcase classname="tests.test_client_functional" name="test_format_task_get[pyloop]" time="0.052" /><testcase classname="tests.test_client_ws_functional" name="test_receive_timeout_deprecation[pyloop]" time="0.105" /><testcase classname="tests.test_connector" name="test_error_on_connection[pyloop]" time="0.075" /><testcase classname="tests.test_connector" name="test_tcp_connector_close_resolver" time="0.045" /><testcase classname="tests.test_client_functional" name="test_too_many_redirects_closes_payload[pyloop]" time="0.060" /><testcase classname="tests.test_client_functional" name="test_str_params[pyloop]" time="0.055" /><testcase classname="tests.test_client_session" name="test_request_tracing_exception" time="0.068" /><testcase classname="tests.test_client_functional" name="test_broken_connection_2[pyloop]" time="0.053" /><testcase classname="tests.test_connector" name="test_dns_error[pyloop]" time="0.048" /><testcase classname="tests.test_client_functional" name="test_invalid_url_redirect_closes_payload[pyloop]" time="0.092" /><testcase classname="tests.test_connector" name="test_cancelled_waiter[pyloop]" time="0.168" /><testcase classname="tests.test_client_ws_functional" name="test_custom_receive_timeout[pyloop]" time="0.147" /><testcase classname="tests.test_client_functional" name="test_custom_headers[pyloop]" time="0.128" /><testcase classname="tests.test_client_functional" name="test_params_and_query_string[pyloop]" time="0.164" /><testcase classname="tests.test_client_session" name="test_request_tracing_interpose_headers[pyloop]" time="0.131" /><testcase classname="tests.test_connector" name="test_get_pop_empty_conns[pyloop]" time="0.048" /><testcase classname="tests.test_connector" name="test_release_close_do_not_add_to_pool[pyloop]" time="0.104" /><testcase classname="tests.test_client_functional" name="test_non_http_redirect_closes_payload[pyloop]" time="0.118" /><testcase classname="tests.test_client_functional" name="test_redirect_to_absolute_url[pyloop]" time="0.076" /><testcase classname="tests.test_benchmarks_web_fileresponse" name="test_simple_web_file_sendfile_fallback_response[pyloop]" time="0.226" /><testcase classname="tests.test_client_session" name="test_client_session_inheritance" time="0.001" /><testcase classname="tests.test_client_session" name="test_client_session_custom_attr" time="0.058" /><testcase classname="tests.test_client_ws_functional" name="test_heartbeat[pyloop]" time="0.163" /><testcase classname="tests.test_connector" name="test_error_on_connection_with_cancelled_waiter[pyloop]" time="0.064" /><testcase classname="tests.test_client_functional" name="test_empty_params_and_query_string[pyloop-None]" time="0.055" /><testcase classname="tests.test_connector" name="test_release_close_do_not_delete_existing_connections[pyloop]" time="0.066" /><testcase classname="tests.test_client_functional" name="test_invalid_redirect_origin_closes_payload[pyloop]" time="0.048" /><testcase classname="tests.test_client_session" name="test_client_session_timeout_default_args[pyloop]" time="0.043" /><testcase classname="tests.test_client_functional" name="test_redirect_without_location_header[pyloop]" time="0.049" /><testcase classname="tests.test_client_functional" name="test_empty_params_and_query_string[pyloop-]" time="0.050" /><testcase classname="tests.test_connector" name="test_tcp_connector[pyloop]" time="0.053" /><testcase classname="tests.test_connector" name="test_release_not_started[pyloop]" time="0.053" /><testcase classname="tests.test_client_session" name="test_client_session_timeout_zero[pyloop]" time="0.077" /><testcase classname="tests.test_client_functional" name="test_amazon_like_cookie_scenario[pyloop]" time="0.054" /><testcase classname="tests.test_client_functional" name="test_invalid_and_non_http_url[pyloop-http://:/-http://:/-InvalidUrlClientError]" time="0.048" /><testcase classname="tests.test_client_functional" name="test_empty_params_and_query_string[pyloop-params2]" time="0.050" /><testcase classname="tests.test_connector" name="test_unix_connector_not_found[pyloop]" time="0.048" /><testcase classname="tests.test_connector" name="test_release_not_opened[pyloop]" time="0.060" /><testcase classname="tests.test_client_functional" name="test_file_upload_307_308_redirect[pyloop-307]" time="0.055" /><testcase classname="tests.test_client_functional" name="test_invalid_and_non_http_url[pyloop-http://example.org:non_int_port/-http://example.org:non_int_port/-InvalidUrlClientError]" time="0.051" /><testcase classname="tests.test_client_ws_functional" name="test_heartbeat_connection_closed[pyloop]" time="0.359" /><testcase classname="tests.test_client_functional" name="test_empty_params_and_query_string[pyloop-params3]" time="0.051" /><testcase classname="tests.test_client_session" name="test_client_session_timeout_bad_argument" time="0.049" /><testcase classname="tests.test_connector" name="test_unix_connector_permission[pyloop]" time="0.044" /><testcase classname="tests.test_connector" name="test_connect[pyloop]" time="0.068" /><testcase classname="tests.test_client_functional" name="test_invalid_and_non_http_url[pyloop-http:/-http:///-InvalidUrlClientError]" time="0.052" /><testcase classname="tests.test_client_functional" name="test_file_upload_307_308_redirect[pyloop-308]" time="0.056" /><testcase classname="tests.test_benchmarks_web_fileresponse" name="test_simple_web_file_response_not_modified[pyloop]" time="0.212" /><testcase classname="tests.test_client_functional" name="test_drop_params_on_redirect[pyloop]" time="0.048" /><testcase classname="tests.test_connector" name="test_named_pipe_connector_wrong_loop" time="0.000"><skipped type="pytest.skip" message="Proactor Event loop present only in Windows">/Users/rabeyakhatunmuna/Documents/mini-swe-agent-ci-based/results/miniswe-agent/bidirectional/l1_l2_l3_minimax-m2.5/L1_L2_L3/adafb541714013634f654850ffd105f3e266568c/testbed/tests/test_connector.py:3744: Proactor Event loop present only in Windows</skipped></testcase><testcase classname="tests.test_connector" name="test_named_pipe_connector_not_found" time="0.000"><skipped type="pytest.skip" message="Proactor Event loop present only in Windows">/Users/rabeyakhatunmuna/Documents/mini-swe-agent-ci-based/results/miniswe-agent/bidirectional/l1_l2_l3_minimax-m2.5/L1_L2_L3/adafb541714013634f654850ffd105f3e266568c/testbed/tests/test_connector.py:3754: Proactor Event loop present only in Windows</skipped></testcase><testcase classname="tests.test_connector" name="test_named_pipe_connector_permission" time="0.000"><skipped type="pytest.skip" message="Proactor Event loop present only in Windows">/Users/rabeyakhatunmuna/Documents/mini-swe-agent-ci-based/results/miniswe-agent/bidirectional/l1_l2_l3_minimax-m2.5/L1_L2_L3/adafb541714013634f654850ffd105f3e266568c/testbed/tests/test_connector.py:3768: Proactor Event loop present only in Windows</skipped></testcase><testcase classname="tests.test_connector" name="test_default_use_dns_cache" time="0.047" /><testcase classname="tests.test_client_session" name="test_requote_redirect_url_default" time="0.044" /><testcase classname="tests.test_client_functional" name="test_invalid_and_non_http_url[pyloop-http:/example.com-http:///example.com-InvalidUrlClientError]" time="0.050" /><testcase classname="tests.test_client_functional" name="test_file_upload_301_302_redirect_non_post[pyloop-PUT-301]" time="0.054" /><testcase classname="tests.test_client_session" name="test_requote_redirect_url_default_disable" time="0.064" /><testcase classname="tests.test_client_functional" name="test_drop_fragment_on_redirect[pyloop]" time="0.050" /><testcase classname="tests.test_connector" name="test_connect_tracing[pyloop]" time="0.065" /><testcase classname="tests.test_connector" name="test_resolver_not_called_with_address_is_ip[pyloop]" time="0.048" /><testcase classname="tests.test_client_functional" name="test_invalid_and_non_http_url[pyloop-http:///example.com-http:///example.com-InvalidUrlClientError]" time="0.057" /><testcase classname="tests.test_client_functional" name="test_drop_fragment[pyloop]" time="0.080" /><testcase classname="tests.test_client_functional" name="test_file_upload_301_302_redirect_non_post[pyloop-PUT-302]" time="0.076" /><testcase classname="tests.test_connector" name="test_tcp_connector_raise_connector_ssl_error[pyloop]" time="0.085" /><testcase classname="tests.test_client_session" name="test_build_url_returns_expected_url[pyloop-base_url=None url='http://example.com/test']" time="0.076" /><testcase classname="tests.test_connector" name="test_exception_during_connetion_create_tracing[pyloop-on_connection_create_start]" time="0.081" /><testcase classname="tests.test_client_functional" name="test_invalid_and_non_http_url[pyloop-call:+380123456789-call:\\+380123456789-NonHttpUrlClientError]" time="0.076" /><testcase classname="tests.test_client_functional" name="test_history[pyloop]" time="0.070" /><testcase classname="tests.test_client_functional" name="test_file_upload_301_302_redirect_non_post[pyloop-PATCH-301]" time="0.101" /><testcase classname="tests.test_client_session" name="test_build_url_returns_expected_url[pyloop-base_url=None url=URL('http://example.com/test')]" time="0.059" /><testcase classname="tests.test_connector" name="test_exception_during_connetion_create_tracing[pyloop-on_connection_create_end]" time="0.089" /><testcase classname="tests.test_benchmarks_web_middleware" name="test_ten_web_middlewares[pyloop]" time="0.180" /><testcase classname="tests.test_connector" name="test_tcp_connector_do_not_raise_connector_ssl_error[pyloop-ip address]" time="0.085" /><testcase classname="tests.test_client_functional" name="test_invalid_and_non_http_url[pyloop-skype:handle-skype:handle-NonHttpUrlClientError]" time="0.067" /><testcase classname="tests.test_client_session" name="test_build_url_returns_expected_url[pyloop-base_url='http://example.com' url='/test']" time="0.054" /><testcase classname="tests.test_client_functional" name="test_keepalive_closed_by_server[pyloop]" time="0.068" /><testcase classname="tests.test_connector" name="test_tcp_connector_do_not_raise_connector_ssl_error[pyloop-domain name]" time="0.074" /><testcase classname="tests.test_client_functional" name="test_file_upload_301_302_redirect_non_post[pyloop-PATCH-302]" time="0.083" /><testcase classname="tests.test_connector" name="test_exception_during_connection_queued_tracing[pyloop]" time="0.053" /><testcase classname="tests.test_client_ws_functional" name="test_heartbeat_no_pong[pyloop]" time="0.257" /><testcase classname="tests.test_client_functional" name="test_invalid_and_non_http_url[pyloop-slack://instance/room-slack://instance/room-NonHttpUrlClientError]" time="0.046" /><testcase classname="tests.test_client_session" name="test_build_url_returns_expected_url[pyloop-base_url=URL('http://example.com') url='/test']" time="0.051" /><testcase classname="tests.test_client_functional" name="test_wait_for[pyloop]" time="0.052" /><testcase classname="tests.test_client_functional" name="test_invalid_and_non_http_url[pyloop-steam:code-steam:code-NonHttpUrlClientError]" time="0.049" /><testcase classname="tests.test_connector" name="test_exception_during_connection_reuse_tracing[pyloop]" time="0.054" /><testcase classname="tests.test_client_session" name="test_build_url_returns_expected_url[pyloop-base_url=URL('http://example.com/test1/') url='test2']" time="0.045" /><testcase classname="tests.test_connector" name="test_tcp_connector_do_not_raise_connector_ssl_error[pyloop-fully-qualified domain name]" time="0.060" /><testcase classname="tests.test_client_functional" name="test_file_upload_301_302_redirect_non_post[pyloop-DELETE-301]" time="0.061" /><testcase classname="tests.test_client_functional" name="test_raw_headers[pyloop]" time="0.047" /><testcase classname="tests.test_benchmarks_web_response" name="test_simple_web_response" time="0.000" /><testcase classname="tests.test_benchmarks_web_response" name="test_web_response_with_headers" time="0.000" /><testcase classname="tests.test_benchmarks_web_response" name="test_web_response_with_bytes_body" time="0.000" /><testcase classname="tests.test_benchmarks_web_response" name="test_web_response_with_text_body" time="0.000" /><testcase classname="tests.test_benchmarks_web_response" name="test_simple_web_stream_response" time="0.000" /><testcase classname="tests.test_benchmarks_web_urldispatcher" name="test_resolve_root_route[pyloop]" time="0.044" /><testcase classname="tests.test_client_functional" name="test_invalid_and_non_http_url[pyloop-twitter://handle-twitter://handle-NonHttpUrlClientError]" time="0.046" /><testcase classname="tests.test_connector" name="test_cancellation_during_waiting_for_free_connection[pyloop]" time="0.058" /><testcase classname="tests.test_client_session" name="test_build_url_returns_expected_url[pyloop-base_url=URL('http://example.com/test1/') url='/test2']" time="0.048" /><testcase classname="tests.test_client_functional" name="test_host_header_first[pyloop]" time="0.058" /><testcase classname="tests.test_connector" name="test_tcp_connector_do_not_raise_connector_ssl_error[pyloop-fully-qualified domain name with multiple trailing dots]" time="0.064" /><testcase classname="tests.test_client_functional" name="test_file_upload_301_302_redirect_non_post[pyloop-DELETE-302]" time="0.057" /><testcase classname="tests.test_benchmarks_web_urldispatcher" name="test_resolve_root_route_with_many_fixed_routes[pyloop]" time="0.048" /><testcase classname="tests.test_client_functional" name="test_invalid_and_non_http_url[pyloop-bluesky://profile/d:i:d-bluesky://profile/d:i:d-NonHttpUrlClientError]" time="0.057" /><testcase classname="tests.test_client_session" name="test_build_url_returns_expected_url[pyloop-base_url=URL('http://example.com/test1/') url='test2?q=foo#bar']" time="0.061" /><testcase classname="tests.test_connector" name="test_close_during_connect[pyloop]" time="0.090" /><testcase classname="tests.test_client_functional" name="test_empty_header_values[pyloop]" time="0.094" /><testcase classname="tests.test_benchmarks_web_urldispatcher" name="test_resolve_static_root_route[pyloop]" time="0.069" /><testcase classname="tests.test_client_functional" name="test_file_upload_307_302_redirect_chain[pyloop]" time="0.094" /><testcase classname="tests.test_connector" name="test_tcp_connector_do_not_raise_connector_ssl_error[pyloop-idna fully-qualified domain name]" time="0.092" /><testcase classname="tests.test_client_functional" name="test_invalid_redirect_url[pyloop-http:/-http:///-InvalidUrlRedirectClientError]" time="0.086" /><testcase classname="tests.test_client_session" name="test_build_url_returns_expected_url[pyloop-base_url=URL('http://example.com/test1/') url='http://foo.com/bar']" time="0.086" /><testcase classname="tests.test_benchmarks_web_urldispatcher" name="test_resolve_single_fixed_url_with_many_routes[pyloop]" time="0.061" /><testcase classname="tests.test_connector" name="test_ctor_cleanup" time="0.064" /><testcase classname="tests.test_client_ws_functional" name="test_heartbeat_no_pong_after_receive_many_messages[pyloop]" time="0.312" /><testcase classname="tests.test_connector" name="test_tcp_connector_uses_provided_local_addr[pyloop]" time="0.060" /><testcase classname="tests.test_client_functional" name="test_204_with_gzipped_content_encoding[pyloop]" time="0.056" /><testcase classname="tests.test_client_functional" name="test_stream_reader_total_raw_bytes[pyloop]" time="0.062" /><testcase classname="tests.test_client_functional" name="test_invalid_redirect_url[pyloop-http:/example.com-http:///example.com-InvalidUrlRedirectClientError]" time="0.060" /><testcase classname="tests.test_client_session" name="test_build_url_returns_expected_url[pyloop-base_url=URL('http://example.com') url='http://foo.com/bar']" time="0.053" /><testcase classname="tests.test_benchmarks_web_urldispatcher" name="test_resolve_multiple_fixed_url_with_many_routes[pyloop]" time="0.091" /><testcase classname="tests.test_connector" name="test_cleanup" time="0.052" /><testcase classname="tests.test_client_functional" name="test_timeout_on_reading_headers[pyloop]" time="0.070" /><testcase classname="tests.test_connector" name="test_unix_connector[pyloop]" time="0.056" /><testcase classname="tests.test_client_middleware" name="test_client_middleware_called[pyloop]" time="0.058" /><testcase classname="tests.test_client_functional" name="test_invalid_redirect_url[pyloop-http:///example.com-http:///example.com-InvalidUrlRedirectClientError]" time="0.058" /><testcase classname="tests.test_client_session" name="test_build_url_returns_expected_url[pyloop-base_url=URL('http://example.com/test1/') url='http://foo.com']" time="0.052" /><testcase classname="tests.test_connector" name="test_cleanup_close_ssl_transport[pyloop]" time="0.059" /><testcase classname="tests.test_connector" name="test_named_pipe_connector" time="0.000"><skipped type="pytest.skip" message="Proactor Event loop present only in Windows">/Users/rabeyakhatunmuna/Documents/mini-swe-agent-ci-based/results/miniswe-agent/bidirectional/l1_l2_l3_minimax-m2.5/L1_L2_L3/adafb541714013634f654850ffd105f3e266568c/testbed/tests/test_connector.py:3973: Proactor Event loop present only in Windows</skipped></testcase><testcase classname="tests.test_connector.TestDNSCacheTable" name="test_next_addrs_basic" time="0.001" /><testcase classname="tests.test_connector.TestDNSCacheTable" name="test_remove" time="0.001" /><testcase classname="tests.test_connector.TestDNSCacheTable" name="test_clear" time="0.002" /><testcase classname="tests.test_client_middleware" name="test_client_middleware_retry[pyloop]" time="0.056" /><testcase classname="tests.test_connector.TestDNSCacheTable" name="test_not_expired_ttl_None" time="0.001" /><testcase classname="tests.test_connector.TestDNSCacheTable" name="test_not_expired_ttl" time="0.001" /><testcase classname="tests.test_connector.TestDNSCacheTable" name="test_expired_ttl" time="0.001" /><testcase classname="tests.test_connector.TestDNSCacheTable" name="test_never_expire" time="0.001" /><testcase classname="tests.test_connector.TestDNSCacheTable" name="test_always_expire" time="0.001" /><testcase classname="tests.test_client_functional" name="test_timeout_on_conn_reading_headers[pyloop]" time="0.066" /><testcase classname="tests.test_connector.TestDNSCacheTable" name="test_next_addrs" time="0.001" /><testcase classname="tests.test_benchmarks_web_urldispatcher" name="test_resolve_multiple_level_fixed_url_with_many_routes[pyloop]" time="0.232" /><testcase classname="tests.test_connector.TestDNSCacheTable" name="test_next_addrs_single" time="0.001" /><testcase classname="tests.test_connector" name="test_connector_cache_trace_race" time="0.052" /><testcase classname="tests.test_client_functional" name="test_invalid_redirect_url[pyloop-http://:/-http://:/-InvalidUrlRedirectClientError]" time="0.051" /><testcase classname="tests.test_client_session" name="test_base_url_without_trailing_slash" time="0.057" /><testcase classname="tests.test_connector" name="test_cleanup2[pyloop]" time="0.063" /><testcase classname="tests.test_client_middleware" name="test_client_middleware_per_request[pyloop]" time="0.060" /><testcase classname="tests.test_connector" name="test_connector_throttle_trace_race[pyloop]" time="0.051" /><testcase classname="tests.test_client_functional" name="test_invalid_redirect_url[pyloop-http://example.org:non_int_port/-http://example.org:non_int_port/-InvalidUrlRedirectClientError]" time="0.071" /><testcase classname="tests.test_client_session" name="test_instantiation_with_invalid_timeout_value[pyloop]" time="0.052" /><testcase classname="tests.test_client_functional" name="test_timeout_on_session_read_timeout[pyloop]" time="0.069" /><testcase classname="tests.test_connector" name="test_cleanup3[pyloop]" time="0.088" /><testcase classname="tests.test_connector" name="test_connector_resolve_in_case_of_trace_cache_miss_exception[pyloop]" time="0.052" /><testcase classname="tests.test_client_middleware" name="test_multiple_client_middlewares[pyloop]" time="0.066" /><testcase classname="tests.test_client_session" name="test_properties[pyloop-skip_auto_headers-_skip_auto_headers]" time="0.053" /><testcase classname="tests.test_client_functional" name="test_invalid_redirect_url[pyloop-call:+380123456789-call:\\+380123456789-NonHttpUrlRedirectClientError]" time="0.057" /><testcase classname="tests.test_client_functional" name="test_read_timeout_between_chunks[pyloop]" time="2.059" /><testcase classname="tests.test_connector" name="test_connector_does_not_remove_needed_waiters[pyloop]" time="0.062" /><testcase classname="tests.test_client_ws_functional" name="test_heartbeat_no_pong_after_send_many_messages[pyloop]" time="0.299" /><testcase classname="tests.test_client_session" name="test_properties[pyloop-auth-_default_auth]" time="0.044" /><testcase classname="tests.test_client_middleware" name="test_client_middleware_auth_example[pyloop]" time="0.052" /><testcase classname="tests.test_connector" name="test_cleanup_closed[pyloop]" time="0.051" /><testcase classname="tests.test_client_functional" name="test_invalid_redirect_url[pyloop-skype:handle-skype:handle-NonHttpUrlRedirectClientError]" time="0.052" /><testcase classname="tests.test_client_session" name="test_properties[pyloop-json_serialize-_json_serialize]" time="0.044" /><testcase classname="tests.test_connector" name="test_connector_multiple_event_loop" time="0.005" /><testcase classname="tests.test_client_middleware" name="test_client_middleware_challenge_auth[pyloop]" time="0.047" /><testcase classname="tests.test_connector" name="test_cleanup_closed_is_noop_on_fixed_cpython" time="0.041" /><testcase classname="tests.test_benchmarks_web_urldispatcher" name="test_resolve_dynamic_resource_url_with_many_static_routes[pyloop]" time="0.079" /><testcase classname="tests.test_connector" name="test_tcp_connector_socket_factory[pyloop]" time="0.063" /><testcase classname="tests.test_client_functional" name="test_invalid_redirect_url[pyloop-slack://instance/room-slack://instance/room-NonHttpUrlRedirectClientError]" time="0.048" /><testcase classname="tests.test_client_session" name="test_properties[pyloop-connector_owner-_connector_owner]" time="0.049" /><testcase classname="tests.test_connector" name="test_cleanup_closed_disabled[pyloop]" time="0.044" /><testcase classname="tests.test_client_middleware" name="test_client_middleware_multi_step_auth[pyloop]" time="0.046" /><testcase classname="tests.test_client_functional" name="test_invalid_redirect_url[pyloop-steam:code-steam:code-NonHttpUrlRedirectClientError]" time="0.049" /><testcase classname="tests.test_connector" name="test_default_ssl_context_creation_without_ssl" time="0.001" /><testcase classname="tests.test_connector" name="test_available_connections_with_limit_per_host" time="0.083" /><testcase classname="tests.test_client_session" name="test_properties[pyloop-raise_for_status-_raise_for_status]" time="0.048" /><testcase classname="tests.test_benchmarks_web_urldispatcher" name="test_resolve_dynamic_resource_url_with_many_dynamic_routes[pyloop]" time="0.094" /><testcase classname="tests.test_connector" name="test_tcp_connector_ctor[pyloop]" time="0.045" /><testcase classname="tests.test_client_middleware" name="test_client_middleware_conditional_retry[pyloop]" time="0.048" /><testcase classname="tests.test_client_functional" name="test_invalid_redirect_url[pyloop-twitter://handle-twitter://handle-NonHttpUrlRedirectClientError]" time="0.050" /><testcase classname="tests.test_client_session" name="test_properties[pyloop-trust_env-_trust_env]" time="0.046" /><testcase classname="tests.test_connector" name="test_tcp_connector_ssl_shutdown_timeout[pyloop]" time="0.044" /><testcase classname="tests.test_connector" name="test_available_connections_without_limit_per_host[0]" time="0.078" /><testcase classname="tests.test_client_middleware" name="test_build_client_middlewares_empty" time="0.042" /><testcase classname="tests.test_client_functional" name="test_invalid_redirect_url[pyloop-bluesky://profile/d:i:d-bluesky://profile/d:i:d-NonHttpUrlRedirectClientError]" time="0.045" /><testcase classname="tests.test_client_session" name="test_properties[pyloop-trace_configs-_trace_configs]" time="0.043" /><testcase classname="tests.test_benchmarks_web_urldispatcher" name="test_resolve_dynamic_resource_url_with_many_dynamic_routes_with_common_prefix[pyloop]" time="0.151" /><testcase classname="tests.test_connector" name="test_tcp_connector_ssl_shutdown_timeout_pre_311[pyloop]" time="0.000"><skipped type="pytest.skip" message="This test is for Python &lt; 3.11 runtime warning behavior">/Users/rabeyakhatunmuna/Documents/mini-swe-agent-ci-based/results/miniswe-agent/bidirectional/l1_l2_l3_minimax-m2.5/L1_L2_L3/adafb541714013634f654850ffd105f3e266568c/testbed/tests/test_connector.py:2126: This test is for Python &lt; 3.11 runtime warning behavior</skipped></testcase><testcase classname="tests.test_client_middleware" name="test_client_middleware_class_based_auth[pyloop]" time="0.046" /><testcase classname="tests.test_connector" name="test_tcp_connector_ssl_shutdown_timeout_passed_to_create_connection[pyloop]" time="0.111" /><testcase classname="tests.test_client_functional" name="test_invalid_redirect_url_multiple_redirects[pyloop-http:/-http:///-InvalidUrlRedirectClientError]" time="0.044" /><testcase classname="tests.test_client_session" name="test_netrc_auth_with_trust_env[pyloop]" time="0.053" /><testcase classname="tests.test_connector" name="test_available_connections_without_limit_per_host[10]" time="0.080" /><testcase classname="tests.test_client_ws_functional" name="test_heartbeat_no_pong_concurrent_receive[pyloop]" time="0.201" /><testcase classname="tests.test_client_middleware" name="test_client_middleware_stateful_retry[pyloop]" time="0.045" /><testcase classname="tests.test_client_functional" name="test_invalid_redirect_url_multiple_redirects[pyloop-http:/example.com-http:///example.com-InvalidUrlRedirectClientError]" time="0.048" /><testcase classname="tests.test_client_session" name="test_netrc_auth_skipped_without_trust_env[pyloop]" time="0.049" /><testcase classname="tests.test_client_middleware" name="test_client_middleware_multiple_instances[pyloop]" time="0.052" /><testcase classname="tests.test_connector" name="test_tcp_connector_ssl_shutdown_timeout_not_passed_pre_311[pyloop]" time="0.000"><skipped type="pytest.skip" message="Test for Python &lt; 3.11">/Users/rabeyakhatunmuna/Documents/mini-swe-agent-ci-based/results/miniswe-agent/bidirectional/l1_l2_l3_minimax-m2.5/L1_L2_L3/adafb541714013634f654850ffd105f3e266568c/testbed/tests/test_connector.py:2209: Test for Python &lt; 3.11</skipped></testcase><testcase classname="tests.test_connector" name="test_tcp_connector_close_abort_ssl_when_shutdown_timeout_zero[pyloop]" time="0.058" /><testcase classname="tests.test_client_functional" name="test_invalid_redirect_url_multiple_redirects[pyloop-http:///example.com-http:///example.com-InvalidUrlRedirectClientError]" time="0.054" /><testcase classname="tests.test_connector" name="test_available_connections_no_limits" time="0.058" /><testcase classname="tests.test_client_session" name="test_netrc_auth_skipped_without_netrc_env[pyloop]" time="0.046" /><testcase classname="tests.test_benchmarks_web_urldispatcher" name="test_resolve_gitapi[pyloop]" time="0.223" /><testcase classname="tests.test_client_middleware" name="test_request_middleware_overrides_session_middleware_with_empty[pyloop]" time="0.046" /><testcase classname="tests.test_connector" name="test_tcp_connector_close_doesnt_abort_non_ssl_when_shutdown_timeout_zero[pyloop]" time="0.055" /><testcase classname="tests.test_client_functional" name="test_invalid_redirect_url_multiple_redirects[pyloop-http://:/-http://:/-InvalidUrlRedirectClientError]" time="0.045" /><testcase classname="tests.test_connector" name="test_connect_tunnel_connection_release[pyloop]" time="0.062" /><testcase classname="tests.test_client_session" name="test_netrc_auth_overridden_by_explicit_auth[pyloop]" time="0.052" /><testcase classname="tests.test_client_middleware" name="test_request_middleware_overrides_session_middleware_with_specific[pyloop]" time="0.049" /><testcase classname="tests.test_client_functional" name="test_invalid_redirect_url_multiple_redirects[pyloop-http://example.org:non_int_port/-http://example.org:non_int_port/-InvalidUrlRedirectClientError]" time="0.053" /><testcase classname="tests.test_connector" name="test_tcp_connector_ssl_shutdown_timeout_warning_pre_311[pyloop]" time="0.048" /><testcase classname="tests.test_cookie_helpers" name="test_known_attrs_is_superset_of_morsel_reserved" time="0.001" /><testcase classname="tests.test_cookie_helpers" name="test_bool_attrs_is_superset_of_morsel_flags" time="0.001" /><testcase classname="tests.test_cookie_helpers" name="test_preserve_morsel_with_coded_value" time="0.001" /><testcase classname="tests.test_client_session" name="test_netrc_auth_host_not_in_netrc[pyloop]" time="0.052" /><testcase classname="tests.test_cookie_helpers" name="test_preserve_morsel_with_coded_value_no_coded_value" time="0.001" /><testcase classname="tests.test_cookie_helpers" name="test_parse_set_cookie_headers_simple" time="0.001" /><testcase classname="tests.test_client_middleware" name="test_client_middleware_exception_closes_connection[pyloop-ValueError-Middleware error]" time="0.044" /><testcase classname="tests.test_cookie_helpers" name="test_parse_set_cookie_headers_with_attributes" time="0.001" /><testcase classname="tests.test_cookie_helpers" name="test_parse_set_cookie_headers_special_chars_in_names" time="0.001" /><testcase classname="tests.test_cookie_helpers" name="test_parse_set_cookie_headers_invalid_names" time="0.001" /><testcase classname="tests.test_cookie_helpers" name="test_parse_set_cookie_headers_empty_and_invalid" time="0.001" /><testcase classname="tests.test_cookie_helpers" name="test_parse_set_cookie_headers_quoted_values" time="0.001" /><testcase classname="tests.test_client_ws_functional" name="test_close_websocket_while_ping_inflight[pyloop]" time="0.171" /><testcase classname="tests.test_cookie_helpers" name="test_parse_set_cookie_headers_semicolon_in_quoted_values[session=&quot;abc;xyz&quot;; token=123]" time="0.001" /><testcase classname="tests.test_cookie_helpers" name="test_parse_set_cookie_headers_semicolon_in_quoted_values[data=&quot;value;with;multiple;semicolons&quot;; next=cookie]" time="0.001" /><testcase classname="tests.test_cookie_helpers" name="test_parse_set_cookie_headers_semicolon_in_quoted_values[complex=&quot;a=b;c=d&quot;; simple=value]" time="0.001" /><testcase classname="tests.test_cookie_helpers" name="test_parse_set_cookie_headers_multiple_cookies_same_header" time="0.001" /><testcase classname="tests.test_cookie_helpers" name="test_parse_set_cookie_headers_compatibility_with_simple_cookie[session=abc123]" time="0.001" /><testcase classname="tests.test_cookie_helpers" name="test_parse_set_cookie_headers_compatibility_with_simple_cookie[user=john; Path=/]" time="0.001" /><testcase classname="tests.test_cookie_helpers" name="test_parse_set_cookie_headers_compatibility_with_simple_cookie[token=xyz; Secure; HttpOnly]" time="0.001" /><testcase classname="tests.test_cookie_helpers" name="test_parse_set_cookie_headers_compatibility_with_simple_cookie[empty=]" time="0.001" /><testcase classname="tests.test_cookie_helpers" name="test_parse_set_cookie_headers_compatibility_with_simple_cookie[quoted=&quot;value with spaces&quot;]" time="0.001" /><testcase classname="tests.test_cookie_helpers" name="test_parse_set_cookie_headers_compatibility_with_simple_cookie[complex=value; Domain=.example.com; Path=/app; Max-Age=3600]" time="0.001" /><testcase classname="tests.test_cookie_helpers" name="test_parse_set_cookie_headers_relaxed_validation_differences" time="0.001" /><testcase classname="tests.test_cookie_helpers" name="test_parse_set_cookie_headers_case_insensitive_attrs" time="0.001" /><testcase classname="tests.test_cookie_helpers" name="test_parse_set_cookie_headers_unknown_attrs_ignored" time="0.001" /><testcase classname="tests.test_cookie_helpers" name="test_parse_set_cookie_headers_complex_real_world" time="0.001" /><testcase classname="tests.test_cookie_helpers" name="test_parse_set_cookie_headers_boolean_attrs" time="0.001" /><testcase classname="tests.test_cookie_helpers" name="test_parse_set_cookie_headers_boolean_attrs_with_partitioned" time="0.000"><skipped type="pytest.skip" message="Partitioned cookies support requires Python 3.14+">/Users/rabeyakhatunmuna/Documents/mini-swe-agent-ci-based/results/miniswe-agent/bidirectional/l1_l2_l3_minimax-m2.5/L1_L2_L3/adafb541714013634f654850ffd105f3e266568c/testbed/tests/test_cookie_helpers.py:431: Partitioned cookies support requires Python 3.14+</skipped></testcase><testcase classname="tests.test_cookie_helpers" name="test_parse_set_cookie_headers_encoded_values" time="0.001" /><testcase classname="tests.test_client_functional" name="test_invalid_redirect_url_multiple_redirects[pyloop-call:+380123456789-call:\\+380123456789-NonHttpUrlRedirectClientError]" time="0.044" /><testcase classname="tests.test_cookie_helpers" name="test_parse_set_cookie_headers_partitioned" time="0.000"><skipped type="pytest.skip" message="Partitioned cookies support requires Python 3.14+">/Users/rabeyakhatunmuna/Documents/mini-swe-agent-ci-based/results/miniswe-agent/bidirectional/l1_l2_l3_minimax-m2.5/L1_L2_L3/adafb541714013634f654850ffd105f3e266568c/testbed/tests/test_cookie_helpers.py:490: Partitioned cookies support requires Python 3.14+</skipped></testcase><testcase classname="tests.test_cookie_helpers" name="test_parse_set_cookie_headers_partitioned_case_insensitive" time="0.000"><skipped type="pytest.skip" message="Partitioned cookies support requires Python 3.14+">/Users/rabeyakhatunmuna/Documents/mini-swe-agent-ci-based/results/miniswe-agent/bidirectional/l1_l2_l3_minimax-m2.5/L1_L2_L3/adafb541714013634f654850ffd105f3e266568c/testbed/tests/test_cookie_helpers.py:530: Partitioned cookies support requires Python 3.14+</skipped></testcase><testcase classname="tests.test_cookie_helpers" name="test_parse_set_cookie_headers_partitioned_not_set" time="0.001" /><testcase classname="tests.test_connector" name="test_tcp_connector_ssl_shutdown_timeout_zero_no_warning_pre_311[pyloop]" time="0.043" /><testcase classname="tests.test_cookie_helpers" name="test_parse_set_cookie_headers_partitioned_not_set_if_no_support" time="0.001" /><testcase classname="tests.test_cookie_helpers" name="test_parse_set_cookie_headers_partitioned_with_other_attrs_manual" time="0.001" /><testcase classname="tests.test_cookie_helpers" name="test_cookie_helpers_constants_include_partitioned" time="0.001" /><testcase classname="tests.test_cookie_helpers" name="test_cookie_pattern_matches_partitioned_attribute[ Partitioned ]" time="0.001" /><testcase classname="tests.test_cookie_helpers" name="test_cookie_pattern_matches_partitioned_attribute[ partitioned ]" time="0.001" /><testcase classname="tests.test_cookie_helpers" name="test_cookie_pattern_matches_partitioned_attribute[ PARTITIONED ]" time="0.001" /><testcase classname="tests.test_cookie_helpers" name="test_cookie_pattern_matches_partitioned_attribute[ Partitioned; ]" time="0.001" /><testcase classname="tests.test_cookie_helpers" name="test_cookie_pattern_matches_partitioned_attribute[ Partitioned= ]" time="0.001" /><testcase classname="tests.test_cookie_helpers" name="test_cookie_pattern_matches_partitioned_attribute[ Partitioned=true ]" time="0.001" /><testcase classname="tests.test_cookie_helpers" name="test_parse_set_cookie_headers_issue_7993_double_quotes" time="0.001" /><testcase classname="tests.test_cookie_helpers" name="test_parse_set_cookie_headers_empty_headers" time="0.001" /><testcase classname="tests.test_cookie_helpers" name="test_parse_set_cookie_headers_invalid_cookie_syntax" time="0.001" /><testcase classname="tests.test_cookie_helpers" name="test_parse_set_cookie_headers_illegal_cookie_names" time="0.001" /><testcase classname="tests.test_client_middleware" name="test_client_middleware_exception_closes_connection[pyloop-ClientError-Client error from middleware]" time="0.039" /><testcase classname="tests.test_http_parser" name="test_invalid_header_spacing[py-parser-pyloop-pre-SPSP-post-LF-name-empty]" time="0.048" /><testcase classname="tests.test_client_ws" name="test_ws_connect[pyloop]" time="0.050" /><testcase classname="tests.test_client_functional" name="test_invalid_redirect_url_multiple_redirects[pyloop-skype:handle-skype:handle-NonHttpUrlRedirectClientError]" time="0.049" /><testcase classname="tests.test_connector" name="test_tcp_connector_ssl_shutdown_timeout_sentinel_no_warning_pre_311[pyloop]" time="0.043" /><testcase classname="tests.test_client_middleware" name="test_client_middleware_exception_closes_connection[pyloop-OSError-OS error from middleware]" time="0.046" /><testcase classname="tests.test_http_parser" name="test_invalid_header_spacing[py-parser-pyloop-pre-SPSP-post-LF-with-name]" time="0.047" /><testcase classname="tests.test_client_ws" name="test_ws_connect_read_timeout_is_reset_to_inf[pyloop]" time="0.059" /><testcase classname="tests.test_client_functional" name="test_invalid_redirect_url_multiple_redirects[pyloop-slack://instance/room-slack://instance/room-NonHttpUrlRedirectClientError]" time="0.057" /><testcase classname="tests.test_connector" name="test_tcp_connector_ssl_shutdown_timeout_zero_not_passed[pyloop]" time="0.074" /><testcase classname="tests.test_benchmarks_web_urldispatcher" name="test_resolve_gitapi_subapps[pyloop]" time="0.292" /><testcase classname="tests.test_client_middleware" name="test_client_middleware_blocks_connection_before_established[pyloop]" time="0.050" /><testcase classname="tests.test_http_parser" name="test_invalid_header_spacing[py-parser-pyloop-pre-SPSP-post-NBSP-name-empty]" time="0.057" /><testcase classname="tests.test_client_ws" name="test_ws_connect_read_timeout_stays_inf[pyloop]" time="0.060" /><testcase classname="tests.test_client_ws_functional" name="test_send_recv_compress[zlib-pyloop]" time="0.049" /><testcase classname="tests.test_client_functional" name="test_invalid_redirect_url_multiple_redirects[pyloop-steam:code-steam:code-NonHttpUrlRedirectClientError]" time="0.051" /><testcase classname="tests.test_client_middleware" name="test_client_middleware_blocks_connection_without_dns_lookup[pyloop]" time="0.059" /><testcase classname="tests.test_connector" name="test_tcp_connector_ssl_shutdown_timeout_nonzero_passed[pyloop]" time="0.104" /><testcase classname="tests.test_http_parser" name="test_invalid_header_spacing[py-parser-pyloop-pre-SPSP-post-NBSP-with-name]" time="0.053" /><testcase classname="tests.test_client_ws" name="test_ws_connect_read_timeout_reset_to_max[pyloop]" time="0.052" /><testcase classname="tests.test_client_ws_functional" name="test_send_recv_compress[zlib_ng.zlib_ng-pyloop]" time="0.058" /><testcase classname="tests.test_client_functional" name="test_invalid_redirect_url_multiple_redirects[pyloop-twitter://handle-twitter://handle-NonHttpUrlRedirectClientError]" time="0.060" /><testcase classname="tests.test_client_middleware" name="test_client_middleware_retry_reuses_connection[pyloop]" time="0.057" /><testcase classname="tests.test_http_parser" name="test_invalid_header_spacing[py-parser-pyloop-pre-SPSP-post-TABSP-name-empty]" time="0.052" /><testcase classname="tests.test_client_ws" name="test_ws_connect_with_origin[pyloop]" time="0.054" /><testcase classname="tests.test_client_functional" name="test_invalid_redirect_url_multiple_redirects[pyloop-bluesky://profile/d:i:d-bluesky://profile/d:i:d-NonHttpUrlRedirectClientError]" time="0.048" /><testcase classname="tests.test_connector" name="test_tcp_connector_close_abort_ssl_connections_in_conns[pyloop]" time="0.058" /><testcase classname="tests.test_client_ws_functional" name="test_send_recv_compress[isal.isal_zlib-pyloop]" time="0.063" /><testcase classname="tests.test_client_middleware" name="test_middleware_uses_session_avoids_recursion_with_path_check[pyloop]" time="0.074" /><testcase classname="tests.test_http_parser" name="test_invalid_header_spacing[py-parser-pyloop-pre-SPSP-post-TABSP-with-name]" time="0.052" /><testcase classname="tests.test_client_ws" name="test_ws_connect_with_params[pyloop]" time="0.064" /><testcase classname="tests.test_client_functional" name="test_ok_from_status[pyloop-200-True]" time="0.064" /><testcase classname="tests.test_client_ws_functional" name="test_send_recv_compress_wbits[zlib-pyloop]" time="0.064" /><testcase classname="tests.test_connector" name="test_tcp_connector_allowed_protocols[pyloop]" time="0.052" /><testcase classname="tests.test_http_parser" name="test_invalid_header_spacing[py-parser-pyloop-pre-LF-post-empty-name-empty]" time="0.061" /><testcase classname="tests.test_cookie_helpers" name="test_parse_set_cookie_headers_attributes_before_cookie" time="0.003" /><testcase classname="tests.test_cookie_helpers" name="test_parse_set_cookie_headers_attributes_without_values" time="0.001" /><testcase classname="tests.test_cookie_helpers" name="test_parse_set_cookie_headers_dollar_prefixed_names" time="0.001" /><testcase classname="tests.test_cookie_helpers" name="test_parse_set_cookie_headers_dollar_attributes" time="0.001" /><testcase classname="tests.test_cookie_helpers" name="test_parse_set_cookie_headers_attributes_after_illegal_cookie" time="0.001" /><testcase classname="tests.test_cookie_helpers" name="test_parse_set_cookie_headers_unmatched_quotes_compatibility" time="0.001" /><testcase classname="tests.test_cookie_helpers" name="test_parse_set_cookie_headers_expires_attribute" time="0.001" /><testcase classname="tests.test_cookie_helpers" name="test_parse_set_cookie_headers_edge_cases" time="0.001" /><testcase classname="tests.test_cookie_helpers" name="test_parse_set_cookie_headers_various_date_formats_issue_4327" time="0.001" /><testcase classname="tests.test_cookie_helpers" name="test_parse_set_cookie_headers_ansi_c_asctime_format" time="0.001" /><testcase classname="tests.test_cookie_helpers" name="test_parse_set_cookie_headers_rfc2822_timezone_issue_4493" time="0.001" /><testcase classname="tests.test_client_ws" name="test_ws_connect_custom_response[pyloop]" time="0.070" /><testcase classname="tests.test_cookie_helpers" name="test_parse_set_cookie_headers_rfc2822_with_attributes" time="0.001" /><testcase classname="tests.test_cookie_helpers" name="test_parse_set_cookie_headers_date_formats_with_attributes" time="0.001" /><testcase classname="tests.test_cookie_helpers" name="test_parse_set_cookie_headers_uses_unquote_with_octal[name=&quot;\\012newline\\012&quot;-name-\nnewline\n-&quot;\\012newline\\012&quot;]" time="0.002" /><testcase classname="tests.test_cookie_helpers" name="test_parse_set_cookie_headers_uses_unquote_with_octal[tab=&quot;\\011separated\\011values&quot;-tab-\tseparated\tvalues-&quot;\\011separated\\011values&quot;]" time="0.001" /><testcase classname="tests.test_cookie_helpers" name="test_parse_set_cookie_headers_uses_unquote_with_octal[mixed=&quot;hello\\040world\\041&quot;-mixed-hello world!-&quot;hello\\040world\\041&quot;]" time="0.001" /><testcase classname="tests.test_cookie_helpers" name="test_parse_set_cookie_headers_uses_unquote_with_octal[complex=&quot;\\042quoted\\042 text with \\012 newline&quot;-complex-&quot;quoted&quot; text with \n newline-&quot;\\042quoted\\042 text with \\012 newline&quot;]" time="0.001" /><testcase classname="tests.test_cookie_helpers" name="test_parse_cookie_header_simple" time="0.002" /><testcase classname="tests.test_connector" name="test_start_tls_exception_with_ssl_shutdown_timeout_zero[pyloop]" time="0.061" /><testcase classname="tests.test_cookie_helpers" name="test_parse_cookie_header_empty" time="0.001" /><testcase classname="tests.test_cookie_helpers" name="test_parse_cookie_gstate_header" time="0.001"><skipped type="pytest.xfail" message="https://github.com/aio-libs/aiohttp/issues/11632" /></testcase><testcase classname="tests.test_client_functional" name="test_ok_from_status[pyloop-201-True]" time="0.065" /><testcase classname="tests.test_client_ws_functional" name="test_send_recv_compress_wbits[zlib_ng.zlib_ng-pyloop]" time="0.055" /><testcase classname="tests.test_benchmarks_web_urldispatcher" name="test_resolve_gitapi_root[pyloop]" time="0.114" /><testcase classname="tests.test_http_parser" name="test_invalid_header_spacing[py-parser-pyloop-pre-LF-post-empty-with-name]" time="0.049" /><testcase classname="tests.test_cookie_helpers" name="test_parse_cookie_header_quoted_values" time="0.001" /><testcase classname="tests.test_cookie_helpers" name="test_parse_cookie_header_special_chars" time="0.001" /><testcase classname="tests.test_cookie_helpers" name="test_parse_cookie_header_invalid_names" time="0.003" /><testcase classname="tests.test_cookie_helpers" name="test_parse_cookie_header_no_attributes" time="0.001" /><testcase classname="tests.test_cookie_helpers" name="test_parse_cookie_header_empty_value" time="0.001" /><testcase classname="tests.test_cookie_helpers" name="test_parse_cookie_header_spaces" time="0.001" /><testcase classname="tests.test_cookie_helpers" name="test_parse_cookie_header_encoded_values" time="0.001" /><testcase classname="tests.test_cookie_helpers" name="test_parse_cookie_header_malformed" time="0.001" /><testcase classname="tests.test_cookie_helpers" name="test_parse_cookie_header_complex_quoted" time="0.001" /><testcase classname="tests.test_cookie_helpers" name="test_parse_cookie_header_unmatched_quotes" time="0.001" /><testcase classname="tests.test_cookie_helpers" name="test_parse_cookie_header_vs_parse_set_cookie_headers" time="0.001" /><testcase classname="tests.test_cookie_helpers" name="test_parse_cookie_header_compatibility_with_simple_cookie" time="0.001" /><testcase classname="tests.test_cookie_helpers" name="test_parse_cookie_header_real_world_examples" time="0.005" /><testcase classname="tests.test_cookie_helpers" name="test_parse_cookie_header_issue_7993" time="0.002" /><testcase classname="tests.test_cookie_helpers" name="test_parse_cookie_header_illegal_names" time="0.002" /><testcase classname="tests.test_cookie_helpers" name="test_unquote_basic[simple-simple]" time="0.001" /><testcase classname="tests.test_cookie_helpers" name="test_unquote_basic[with spaces-with spaces]" time="0.001" /><testcase classname="tests.test_cookie_helpers" name="test_unquote_basic[-]" time="0.001" /><testcase classname="tests.test_cookie_helpers" name="test_unquote_basic[&quot;-&quot;]" time="0.001" /><testcase classname="tests.test_cookie_helpers" name="test_unquote_basic[some&quot;text-some&quot;text]" time="0.001" /><testcase classname="tests.test_cookie_helpers" name="test_unquote_basic[text&quot;with&quot;quotes-text&quot;with&quot;quotes]" time="0.001" /><testcase classname="tests.test_client_ws" name="test_ws_connect_err_status[pyloop]" time="0.044" /><testcase classname="tests.test_cookie_helpers" name="test_unquote_quoted_strings[&quot;quoted&quot;-quoted]" time="0.001" /><testcase classname="tests.test_cookie_helpers" name="test_unquote_quoted_strings[&quot;with spaces&quot;-with spaces]" time="0.001" /><testcase classname="tests.test_connector" name="test_start_tls_exception_with_ssl_shutdown_timeout_nonzero[pyloop]" time="0.055" /><testcase classname="tests.test_cookie_helpers" name="test_unquote_quoted_strings[&quot;&quot;-]" time="0.001" /><testcase classname="tests.test_cookie_helpers" name="test_unquote_quoted_strings[&quot;hello, world!&quot;-hello, world!]" time="0.001" /><testcase classname="tests.test_cookie_helpers" name="test_unquote_quoted_strings[&quot;path=/test&quot;-path=/test]" time="0.001" /><testcase classname="tests.test_cookie_helpers" name="test_unquote_escaped_quotes[&quot;say \\&quot;hello\\&quot;&quot;-say &quot;hello&quot;]" time="0.001" /><testcase classname="tests.test_client_ws_functional" name="test_send_recv_compress_wbits[isal.isal_zlib-pyloop]" time="0.047" /><testcase classname="tests.test_client_functional" name="test_ok_from_status[pyloop-301-True]" time="0.063" /><testcase classname="tests.test_http_parser" name="test_invalid_header_spacing[py-parser-pyloop-pre-LF-post-NUL-name-empty]" time="0.054" /><testcase classname="tests.test_cookie_helpers" name="test_unquote_escaped_quotes[&quot;nested \\&quot;quotes\\&quot; here&quot;-nested &quot;quotes&quot; here]" time="0.002" /><testcase classname="tests.test_cookie_helpers" name="test_unquote_escaped_quotes[&quot;\\&quot;start\\&quot; middle \\&quot;end\\&quot;&quot;-&quot;start&quot; middle &quot;end&quot;]" time="0.001" /><testcase classname="tests.test_cookie_helpers" name="test_unquote_escaped_backslashes[&quot;path\\\\to\\\\file&quot;-path\\to\\file]" time="0.001" /><testcase classname="tests.test_cookie_helpers" name="test_unquote_escaped_backslashes[&quot;end with slash\\\\&quot;-end with slash\\]" time="0.001" /><testcase classname="tests.test_cookie_helpers" name="test_unquote_escaped_backslashes[&quot;path\\\\to\\\\\\&quot;file\\&quot;&quot;-path\\to\\&quot;file&quot;]" time="0.001" /><testcase classname="tests.test_cookie_helpers" name="test_unquote_octal_sequences[&quot;\\012&quot;-\n]" time="0.001" /><testcase classname="tests.test_cookie_helpers" name="test_unquote_octal_sequences[&quot;\\011&quot;-\t]" time="0.002" /><testcase classname="tests.test_cookie_helpers" name="test_unquote_octal_sequences[&quot;\\015&quot;-\r]" time="0.001" /><testcase classname="tests.test_cookie_helpers" name="test_unquote_octal_sequences[&quot;\\040&quot;- ]" time="0.001" /><testcase classname="tests.test_cookie_helpers" name="test_unquote_octal_sequences[&quot;line1\\012line2&quot;-line1\nline2]" time="0.001" /><testcase classname="tests.test_cookie_helpers" name="test_unquote_octal_sequences[&quot;tab\\011separated&quot;-tab\tseparated]" time="0.001" /><testcase classname="tests.test_cookie_helpers" name="test_unquote_octal_sequences[&quot;\\012\\011\\015&quot;-\n\t\r]" time="0.002" /><testcase classname="tests.test_cookie_helpers" name="test_unquote_octal_sequences[&quot;hello\\040world\\041&quot;-hello world!]" time="0.001" /><testcase classname="tests.test_cookie_helpers" name="test_unquote_octal_full_range[&quot;\\000&quot;-\x00]" time="0.001" /><testcase classname="tests.test_cookie_helpers" name="test_unquote_octal_full_range[&quot;\\001&quot;-\x01]" time="0.001" /><testcase classname="tests.test_cookie_helpers" name="test_unquote_octal_full_range[&quot;\\177&quot;-\x7f]" time="0.001" /><testcase classname="tests.test_cookie_helpers" name="test_unquote_octal_full_range[&quot;\\200&quot;-\x80]" time="0.001" /><testcase classname="tests.test_cookie_helpers" name="test_unquote_octal_full_range[&quot;\\377&quot;-\xff]" time="0.002" /><testcase classname="tests.test_cookie_helpers" name="test_unquote_octal_full_range[&quot;\\400&quot;-400]" time="0.001" /><testcase classname="tests.test_cookie_helpers" name="test_unquote_octal_full_range[&quot;\\777&quot;-777]" time="0.001" /><testcase classname="tests.test_client_ws" name="test_ws_connect_err_upgrade[pyloop]" time="0.051" /><testcase classname="tests.test_cookie_helpers" name="test_unquote_mixed_escapes[&quot;say \\&quot;hello\\&quot;\\012new line&quot;-say &quot;hello&quot;\nnew line]" time="0.001" /><testcase classname="tests.test_cookie_helpers" name="test_unquote_mixed_escapes[&quot;path\\\\to\\\\file\\011\\011data&quot;-path\\to\\file\t\tdata]" time="0.001" /><testcase classname="tests.test_cookie_helpers" name="test_unquote_mixed_escapes[&quot;\\042quoted\\042 and \\134backslash\\134&quot;-&quot;quoted&quot; and \\backslash\\]" time="0.001" /><testcase classname="tests.test_cookie_helpers" name="test_unquote_mixed_escapes[&quot;\\a\\b\\c&quot;-abc]" time="0.001" /><testcase classname="tests.test_cookie_helpers" name="test_unquote_edge_cases[&quot;not closed-&quot;not closed]" time="0.001" /><testcase classname="tests.test_cookie_helpers" name="test_unquote_edge_cases[not opened&quot;-not opened&quot;]" time="0.002" /><testcase classname="tests.test_cookie_helpers" name="test_unquote_edge_cases[&quot;&quot;&quot;-&quot;]" time="0.001" /><testcase classname="tests.test_client_ws_functional" name="test_send_recv_compress_wbit_error[pyloop]" time="0.044" /><testcase classname="tests.test_cookie_helpers" name="test_unquote_edge_cases[&quot;&quot;&quot;&quot;-&quot;&quot;]" time="0.001" /><testcase classname="tests.test_connector" name="test_start_tls_exception_with_ssl_shutdown_timeout_nonzero_pre_311[pyloop]" time="0.000"><skipped type="pytest.skip" message="This test is for Python &lt; 3.11 runtime warning behavior">/Users/rabeyakhatunmuna/Documents/mini-swe-agent-ci-based/results/miniswe-agent/bidirectional/l1_l2_l3_minimax-m2.5/L1_L2_L3/adafb541714013634f654850ffd105f3e266568c/testbed/tests/test_connector.py:2536: This test is for Python &lt; 3.11 runtime warning behavior</skipped></testcase><testcase classname="tests.test_cookie_helpers" name="test_unquote_edge_cases[&quot;ends with\\&quot;-ends with\\]" time="0.003" /><testcase classname="tests.test_cookie_helpers" name="test_unquote_edge_cases[&quot;test\\&quot;-test\\]" time="0.001" /><testcase classname="tests.test_connector" name="test_invalid_ssl_param" time="0.047" /><testcase classname="tests.test_http_parser" name="test_invalid_header_spacing[py-parser-pyloop-pre-LF-post-NUL-with-name]" time="0.053" /><testcase classname="tests.test_cookie_helpers" name="test_unquote_edge_cases[&quot;\\&quot;\\&quot;\\&quot;&quot;-&quot;&quot;&quot;]" time="0.001" /><testcase classname="tests.test_cookie_helpers" name="test_unquote_real_world_examples[&quot;{\\&quot;user\\&quot;:\\&quot;john\\&quot;,\\&quot;id\\&quot;:123}&quot;-{&quot;user&quot;:&quot;john&quot;,&quot;id&quot;:123}]" time="0.001" /><testcase classname="tests.test_cookie_helpers" name="test_unquote_real_world_examples[&quot;hello%20world&quot;-hello%20world]" time="0.001" /><testcase classname="tests.test_cookie_helpers" name="test_unquote_real_world_examples[&quot;C:\\\\Users\\\\John\\\\Documents&quot;-C:\\Users\\John\\Documents]" time="0.001" /><testcase classname="tests.test_cookie_helpers" name="test_unquote_real_world_examples[&quot;session_data=\\&quot;user123\\&quot;;expires=2024&quot;-session_data=&quot;user123&quot;;expires=2024]" time="0.001" /><testcase classname="tests.test_cookie_helpers" name="test_unquote_compatibility_with_simplecookie[&quot;&quot;]" time="0.001" /><testcase classname="tests.test_cookie_helpers" name="test_unquote_compatibility_with_simplecookie[&quot;simple&quot;]" time="0.001" /><testcase classname="tests.test_benchmarks_web_urldispatcher" name="test_resolve_prefix_resources_many_prefix_many_plain[pyloop]" time="0.091" /><testcase classname="tests.test_client_functional" name="test_ok_from_status[pyloop-400-False]" time="0.048" /><testcase classname="tests.test_http_writer" name="test_write_payload_deflate_compression_chunked_writelines_all_zlib[zlib_ng.zlib_ng-pyloop]" time="0.065" /><testcase classname="tests.test_client_ws" name="test_ws_connect_err_conn[pyloop]" time="0.051" /><testcase classname="tests.test_client_ws_functional" name="test_ws_client_async_for[pyloop]" time="0.057" /><testcase classname="tests.test_connector" name="test_tcp_connector_ctor_fingerprint_valid[pyloop]" time="0.050" /><testcase classname="tests.test_http_parser" name="test_invalid_header_spacing[py-parser-pyloop-pre-LF-post-SP-name-empty]" time="0.049" /><testcase classname="tests.test_client_functional" name="test_ok_from_status[pyloop-403-False]" time="0.058" /><testcase classname="tests.test_client_ws" name="test_ws_connect_err_challenge[pyloop]" time="0.051" /><testcase classname="tests.test_http_writer" name="test_write_payload_deflate_compression_chunked_writelines_all_zlib[isal.isal_zlib-pyloop]" time="0.069" /><testcase classname="tests.test_client_ws_functional" name="test_ws_async_with[pyloop]" time="0.054" /><testcase classname="tests.test_connector" name="test_insecure_fingerprint_md5[pyloop]" time="0.045" /><testcase classname="tests.test_circular_imports" name="test_no_warnings[aiohttp._cookie_helpers]" time="0.241" /><testcase classname="tests.test_http_parser" name="test_invalid_header_spacing[py-parser-pyloop-pre-LF-post-SP-with-name]" time="0.047" /><testcase classname="tests.test_client_functional" name="test_ok_from_status[pyloop-500-False]" time="0.052" /><testcase classname="tests.test_client_ws" name="test_ws_connect_common_headers[pyloop]" time="0.060" /><testcase classname="tests.test_connector" name="test_insecure_fingerprint_sha1[pyloop]" time="0.048" /><testcase classname="tests.test_http_parser" name="test_invalid_header_spacing[py-parser-pyloop-pre-LF-post-SPSP-name-empty]" time="0.048" /><testcase classname="tests.test_client_ws_functional" name="test_ws_async_with_send[pyloop]" time="0.049" /><testcase classname="tests.test_http_writer" name="test_write_payload_deflate_and_chunked[pyloop]" time="0.056" /><testcase classname="tests.test_client_functional" name="test_raise_for_status[pyloop]" time="0.051" /><testcase classname="tests.test_connector" name="test_tcp_connector_clear_dns_cache[pyloop]" time="0.042" /><testcase classname="tests.test_http_parser" name="test_invalid_header_spacing[py-parser-pyloop-pre-LF-post-SPSP-with-name]" time="0.046" /><testcase classname="tests.test_client_ws" name="test_close[pyloop]" time="0.044" /><testcase classname="tests.test_client_ws_functional" name="test_ws_async_with_shortcut[pyloop]" time="0.049" /><testcase classname="tests.test_http_writer" name="test_write_payload_deflate_and_chunked_all_zlib[zlib-pyloop]" time="0.064" /><testcase classname="tests.test_client_functional" name="test_raise_for_status_per_request[pyloop]" time="0.048" /><testcase classname="tests.test_connector" name="test_tcp_connector_clear_dns_cache_bad_args[pyloop]" time="0.049" /><testcase classname="tests.test_client_ws" name="test_close_eofstream[pyloop]" time="0.046" /><testcase classname="tests.test_http_parser" name="test_invalid_header_spacing[py-parser-pyloop-pre-LF-post-LF-name-empty]" time="0.051" /><testcase classname="tests.test_client_ws_functional" name="test_closed_async_for[pyloop]" time="0.049" /><testcase classname="tests.test_client_functional" name="test_raise_for_status_disable_per_request[pyloop]" time="0.048" /><testcase classname="tests.test_http_writer" name="test_write_payload_deflate_and_chunked_all_zlib[zlib_ng.zlib_ng-pyloop]" time="0.055" /><testcase classname="tests.test_connector" name="test___get_ssl_context1" time="0.042" /><testcase classname="tests.test_client_ws" name="test_close_connection_lost[pyloop]" time="0.052" /><testcase classname="tests.test_http_parser" name="test_invalid_header_spacing[py-parser-pyloop-pre-LF-post-LF-with-name]" time="0.054" /><testcase classname="tests.test_client_ws_functional" name="test_peer_connection_lost[pyloop]" time="0.052" /><testcase classname="tests.test_client_functional" name="test_request_raise_for_status_default[pyloop]" time="0.044" /><testcase classname="tests.test_connector" name="test___get_ssl_context2" time="0.042" /><testcase classname="tests.test_http_writer" name="test_write_payload_deflate_and_chunked_all_zlib[isal.isal_zlib-pyloop]" time="0.061" /><testcase classname="tests.test_client_ws" name="test_close_exc[pyloop]" time="0.050" /><testcase classname="tests.test_circular_imports" name="test_no_warnings[aiohttp._websocket]" time="0.210" /><testcase classname="tests.test_http_parser" name="test_invalid_header_spacing[py-parser-pyloop-pre-LF-post-NBSP-name-empty]" time="0.046" /><testcase classname="tests.test_client_ws_functional" name="test_peer_connection_lost_iter[pyloop]" time="0.053" /><testcase classname="tests.test_cookie_helpers" name="test_unquote_compatibility_with_simplecookie[&quot;with \\&quot;quotes\\&quot;&quot;]" time="0.001" /><testcase classname="tests.test_cookie_helpers" name="test_unquote_compatibility_with_simplecookie[&quot;with \\\\backslash\\\\&quot;]" time="0.001" /><testcase classname="tests.test_cookie_helpers" name="test_unquote_compatibility_with_simplecookie[&quot;\\012newline&quot;]" time="0.001" /><testcase classname="tests.test_connector" name="test___get_ssl_context3" time="0.044" /><testcase classname="tests.test_cookie_helpers" name="test_unquote_compatibility_with_simplecookie[&quot;complex\\042quote\\134slash\\012&quot;]" time="0.001" /><testcase classname="tests.test_cookie_helpers" name="test_unquote_compatibility_with_simplecookie[&quot;not-quoted]" time="0.001" /><testcase classname="tests.test_cookie_helpers" name="test_unquote_compatibility_with_simplecookie[also-not-quoted&quot;]" time="0.001" /><testcase classname="tests.test_cookie_helpers" name="test_unquote_compatibility_with_simplecookie[&quot;mixed\\011\\042\\134test&quot;]" time="0.001" /><testcase classname="tests.test_cookiejar" name="test_date_parsing" time="0.001" /><testcase classname="tests.test_cookiejar" name="test_domain_matching" time="0.001" /><testcase classname="tests.test_cookiejar" name="test_constructor" time="0.044" /><testcase classname="tests.test_client_ws" name="test_close_exc2[pyloop]" time="0.050" /><testcase classname="tests.test_http_writer" name="test_write_payload_deflate_compression_chunked_data_in_eof[pyloop]" time="0.064" /><testcase classname="tests.test_http_parser" name="test_invalid_header_spacing[py-parser-pyloop-pre-LF-post-NBSP-with-name]" time="0.049" /><testcase classname="tests.test_client_ws_functional" name="test_ws_connect_with_wrong_ssl_type[pyloop]" time="0.050" /><testcase classname="tests.test_connector" name="test___get_ssl_context4" time="0.041" /><testcase classname="tests.test_cookiejar" name="test_constructor_with_expired" time="0.045" /><testcase classname="tests.test_client_ws" name="test_send_data_after_close[pyloop-ClientConnectionResetError]" time="0.055" /><testcase classname="tests.test_http_parser" name="test_invalid_header_spacing[py-parser-pyloop-pre-LF-post-TABSP-name-empty]" time="0.050" /><testcase classname="tests.test_connector" name="test___get_ssl_context5" time="0.043" /><testcase classname="tests.test_client_ws_functional" name="test_websocket_connection_not_closed_properly[pyloop]" time="0.058" /><testcase classname="tests.test_http_writer" name="test_write_payload_deflate_compression_chunked_data_in_eof_all_zlib[zlib-pyloop]" time="0.055" /><testcase classname="tests.test_cookiejar" name="test_save_load" time="0.003" /><testcase classname="tests.test_cookiejar" name="test_save_load_partitioned_cookies" time="0.004" /><testcase classname="tests.test_cookiejar" name="test_update_cookie_with_unicode_domain" time="0.059" /><testcase classname="tests.test_http_parser" name="test_invalid_header_spacing[py-parser-pyloop-pre-LF-post-TABSP-with-name]" time="0.045" /><testcase classname="tests.test_connector" name="test___get_ssl_context6" time="0.050" /><testcase classname="tests.test_client_ws" name="test_send_data_after_close[pyloop-ConnectionResetError]" time="0.054" /><testcase classname="tests.test_http_writer" name="test_write_payload_deflate_compression_chunked_data_in_eof_all_zlib[zlib_ng.zlib_ng-pyloop]" time="0.061" /><testcase classname="tests.test_client_ws_functional" name="test_websocket_connection_cancellation[pyloop]" time="0.052" /><testcase classname="tests.test_cookiejar" name="test_filter_cookie_with_unicode_domain" time="0.041" /><testcase classname="tests.test_http_parser" name="test_invalid_header_spacing[py-parser-pyloop-pre-NBSP-post-empty-name-empty]" time="0.047" /><testcase classname="tests.test_connector" name="test_ssl_context_once" time="0.044" /><testcase classname="tests.test_client_ws" name="test_send_data_type_errors[pyloop]" time="0.053" /><testcase classname="tests.test_circular_imports" name="test_no_warnings[aiohttp._websocket.helpers]" time="0.214" /><testcase classname="tests.test_compression_utils" name="test_compression_round_trip_in_executor[zlib]" time="0.042" /><testcase classname="tests.test_http_writer" name="test_write_payload_deflate_compression_chunked_data_in_eof_all_zlib[isal.isal_zlib-pyloop]" time="0.057" /><testcase classname="tests.test_cookiejar" name="test_filter_cookies_str_deprecated" time="0.042" /><testcase classname="tests.test_http_parser" name="test_invalid_header_spacing[py-parser-pyloop-pre-NBSP-post-empty-with-name]" time="0.044" /><testcase classname="tests.test_connector" name="test_close_twice[pyloop]" time="0.066" /><testcase classname="tests.test_client_ws" name="test_reader_read_exception[pyloop]" time="0.047" /><testcase classname="tests.test_compression_utils" name="test_compression_round_trip_in_executor[zlib_ng.zlib_ng]" time="0.043" /><testcase classname="tests.test_cookiejar" name="test_filter_cookies_with_domain_path_lookup_multilevelpath[http://pathtest.com/one/two/-expected_cookies0]" time="0.050" /><testcase classname="tests.test_http_writer" name="test_write_payload_deflate_compression_chunked_data_in_eof_writelines[pyloop]" time="0.062" /><testcase classname="tests.test_http_parser" name="test_invalid_header_spacing[py-parser-pyloop-pre-NBSP-post-NUL-name-empty]" time="0.047" /><testcase classname="tests.test_client_ws" name="test_receive_runtime_err[pyloop]" time="0.054" /><testcase classname="tests.test_compression_utils" name="test_compression_round_trip_in_executor[isal.isal_zlib]" time="0.041" /><testcase classname="tests.test_connector" name="test_close_cancels_cleanup_handle[pyloop]" time="0.053" /><testcase classname="tests.test_cookiejar" name="test_filter_cookies_with_domain_path_lookup_multilevelpath[http://pathtest.com/one/two-expected_cookies1]" time="0.042" /><testcase classname="tests.test_http_parser" name="test_invalid_header_spacing[py-parser-pyloop-pre-NBSP-post-NUL-with-name]" time="0.049" /><testcase classname="tests.test_compression_utils" name="test_compression_round_trip_in_event_loop[zlib]" time="0.042" /><testcase classname="tests.test_http_writer" name="test_write_payload_deflate_compression_chunked_data_in_eof_writelines_all_zlib[zlib-pyloop]" time="0.063" /><testcase classname="tests.test_client_ws" name="test_ws_connect_close_resp_on_err[pyloop]" time="0.049" /><testcase classname="tests.test_cookiejar" name="test_filter_cookies_with_domain_path_lookup_multilevelpath[http://pathtest.com/one/two/three/-expected_cookies2]" time="0.043" /><testcase classname="tests.test_connector" name="test_close_cancels_resolve_host[pyloop]" time="0.046" /><testcase classname="tests.test_http_parser" name="test_invalid_header_spacing[py-parser-pyloop-pre-NBSP-post-SP-name-empty]" time="0.049" /><testcase classname="tests.test_compression_utils" name="test_compression_round_trip_in_event_loop[zlib_ng.zlib_ng]" time="0.046" /><testcase classname="tests.test_cookiejar" name="test_filter_cookies_with_domain_path_lookup_multilevelpath[http://test1.example.com/-expected_cookies3]" time="0.043" /><testcase classname="tests.test_http_writer" name="test_write_payload_deflate_compression_chunked_data_in_eof_writelines_all_zlib[zlib_ng.zlib_ng-pyloop]" time="0.053" /><testcase classname="tests.test_client_ws" name="test_ws_connect_non_overlapped_protocols[pyloop]" time="0.058" /><testcase classname="tests.test_connector" name="test_multiple_dns_resolution_requests_success[pyloop]" time="0.044" /><testcase classname="tests.test_circular_imports" name="test_no_warnings[aiohttp._websocket.models]" time="0.223" /><testcase classname="tests.test_http_parser" name="test_invalid_header_spacing[py-parser-pyloop-pre-NBSP-post-SP-with-name]" time="0.048" /><testcase classname="tests.test_compression_utils" name="test_compression_round_trip_in_event_loop[isal.isal_zlib]" time="0.043" /><testcase classname="tests.test_cookiejar" name="test_filter_cookies_with_domain_path_lookup_multilevelpath[http://pathtest.com/-expected_cookies4]" time="0.045" /><testcase classname="tests.test_connector" name="test_multiple_dns_resolution_requests_failure[pyloop]" time="0.046" /><testcase classname="tests.test_http_writer" name="test_write_payload_deflate_compression_chunked_data_in_eof_writelines_all_zlib[isal.isal_zlib-pyloop]" time="0.056" /><testcase classname="tests.test_client_ws" name="test_ws_connect_non_overlapped_protocols_2[pyloop]" time="0.059" /><testcase classname="tests.test_http_parser" name="test_invalid_header_spacing[py-parser-pyloop-pre-NBSP-post-SPSP-name-empty]" time="0.044" /><testcase classname="tests.test_connector" name="test_connection_del[pyloop]" time="0.085" /><testcase classname="tests.test_cookiejar" name="test_domain_filter_ip_cookie_send" time="0.043" /><testcase classname="tests.test_connector" name="test_multiple_dns_resolution_requests_cancelled[pyloop]" time="0.052" /><testcase classname="tests.test_http_writer" name="test_write_large_payload_deflate_compression_chunked_data_in_eof[pyloop]" time="0.060" /><testcase classname="tests.test_http_parser" name="test_invalid_header_spacing[py-parser-pyloop-pre-NBSP-post-SPSP-with-name]" time="0.048" /><testcase classname="tests.test_client_ws" name="test_ws_connect_deflate[pyloop]" time="0.055" /><testcase classname="tests.test_cookiejar" name="test_domain_filter_ip_cookie_receive" time="0.043" /><testcase classname="tests.test_connector" name="test_multiple_dns_resolution_requests_first_cancelled[pyloop]" time="0.047" /><testcase classname="tests.test_connector" name="test_connection_del_loop_debug[pyloop]" time="0.086" /><testcase classname="tests.test_http_parser" name="test_invalid_header_spacing[py-parser-pyloop-pre-NBSP-post-LF-name-empty]" time="0.049" /><testcase classname="tests.test_http_writer" name="test_write_large_payload_deflate_compression_chunked_data_in_eof_all_zlib[zlib-pyloop]" time="0.064" /><testcase classname="tests.test_cookiejar" name="test_quotes_correctly_based_on_input[IP domain preserved]" time="0.053" /><testcase classname="tests.test_client_ws" name="test_ws_connect_deflate_per_message[pyloop]" time="0.046" /><testcase classname="tests.test_connector" name="test_multiple_dns_resolution_requests_first_fails_second_successful[pyloop]" time="0.047" /><testcase classname="tests.test_http_parser" name="test_invalid_header_spacing[py-parser-pyloop-pre-NBSP-post-LF-with-name]" time="0.052" /><testcase classname="tests.test_client_ws" name="test_ws_connect_deflate_server_not_support[pyloop]" time="0.050" /><testcase classname="tests.test_cookiejar" name="test_quotes_correctly_based_on_input[no shared cookie]" time="0.052" /><testcase classname="tests.test_http_writer" name="test_write_large_payload_deflate_compression_chunked_data_in_eof_all_zlib[zlib_ng.zlib_ng-pyloop]" time="0.064" /><testcase classname="tests.test_circular_imports" name="test_no_warnings[aiohttp._websocket.reader]" time="0.228" /><testcase classname="tests.test_connector" name="test_close_abort_closed_transports[pyloop]" time="0.041" /><testcase classname="tests.test_connector" name="test_connection_del_loop_closed[pyloop]" time="0.091" /><testcase classname="tests.test_client_functional" name="test_read_timeout_on_reading_chunks[pyloop]" time="0.258" /><testcase classname="tests.test_http_parser" name="test_invalid_header_spacing[py-parser-pyloop-pre-NBSP-post-NBSP-name-empty]" time="0.060" /><testcase classname="tests.test_client_ws" name="test_ws_connect_deflate_notakeover[pyloop]" time="0.062" /><testcase classname="tests.test_cookiejar" name="test_quotes_correctly_based_on_input[quoted cookie with special char]" time="0.043" /><testcase classname="tests.test_connector" name="test_close_cancels_cleanup_closed_handle[pyloop]" time="0.045" /><testcase classname="tests.test_http_writer" name="test_write_large_payload_deflate_compression_chunked_data_in_eof_all_zlib[isal.isal_zlib-pyloop]" time="0.079" /><testcase classname="tests.test_cookiejar" name="test_quotes_correctly_based_on_input[quoted cookie w/o special char]" time="0.053" /><testcase classname="tests.test_http_parser" name="test_invalid_header_spacing[py-parser-pyloop-pre-NBSP-post-NBSP-with-name]" time="0.051" /><testcase classname="tests.test_connector" name="test_ctor_with_default_loop[pyloop]" time="0.043" /><testcase classname="tests.test_connector" name="test_del[pyloop]" time="0.103" /><testcase classname="tests.test_client_ws" name="test_ws_connect_deflate_client_wbits[pyloop]" time="0.060" /><testcase classname="tests.test_connector" name="test_base_connector_allows_high_level_protocols[pyloop]" time="0.046" /><testcase classname="tests.test_cookiejar" name="test_quotes_correctly_based_on_input[unquoted cookie with special char]" time="0.055" /><testcase classname="tests.test_http_parser" name="test_invalid_header_spacing[py-parser-pyloop-pre-NBSP-post-TABSP-name-empty]" time="0.049" /><testcase classname="tests.test_http_writer" name="test_write_large_payload_deflate_compression_chunked_data_in_eof_writelines[pyloop]" time="0.063" /><testcase classname="tests.test_client_ws" name="test_ws_connect_deflate_client_wbits_bad[pyloop]" time="0.051" /><testcase classname="tests.test_connector" name="test_connect_with_limit[pyloop]" time="0.073" /><testcase classname="tests.test_http_parser" name="test_invalid_header_spacing[py-parser-pyloop-pre-NBSP-post-TABSP-with-name]" time="0.044" /><testcase classname="tests.test_cookiejar" name="test_quotes_correctly_based_on_input[pre-quoted cookie]" time="0.043" /><testcase classname="tests.test_connector" name="test_del_with_scheduled_cleanup[pyloop]" time="0.122"><skipped type="pytest.xfail" message="" /></testcase><testcase classname="tests.test_client_ws" name="test_ws_connect_deflate_server_ext_bad[pyloop]" time="0.051" /><testcase classname="tests.test_http_writer" name="test_write_large_payload_deflate_compression_chunked_data_in_eof_writelines_all_zlib[zlib-pyloop]" time="0.068" /><testcase classname="tests.test_circular_imports" name="test_no_warnings[aiohttp._websocket.reader_c]" time="0.229" /><testcase classname="tests.test_http_parser" name="test_invalid_header_spacing[py-parser-pyloop-pre-TABSP-post-empty-name-empty]" time="0.045" /><testcase classname="tests.test_cookiejar" name="test_quotes_correctly_based_on_input[pre-quoted cookie with domain]" time="0.046" /><testcase classname="tests.test_connector" name="test_connect_queued_operation_tracing[pyloop]" time="0.069" /><testcase classname="tests.test_client_ws_functional" name="test_send_recv_text[pyloop]" time="0.058" /><testcase classname="tests.test_client_functional" name="test_read_timeout_on_write[pyloop]" time="0.555" /><testcase classname="tests.test_http_writer" name="test_write_large_payload_deflate_compression_chunked_data_in_eof_writelines_all_zlib[zlib_ng.zlib_ng-pyloop]" time="0.060" /><testcase classname="tests.test_http_parser" name="test_invalid_header_spacing[py-parser-pyloop-pre-TABSP-post-empty-with-name]" time="0.044" /><testcase classname="tests.test_cookiejar" name="test_ignore_domain_ending_with_dot" time="0.049" /><testcase classname="tests.test_client_ws_functional" name="test_send_recv_bytes_bad_type[pyloop]" time="0.043" /><testcase classname="tests.test_http_parser" name="test_invalid_header_spacing[py-parser-pyloop-pre-TABSP-post-NUL-name-empty]" time="0.048" /><testcase classname="tests.test_connector" name="test_connect_reuseconn_tracing[pyloop]" time="0.055" /><testcase classname="tests.test_cookiejar.TestCookieJarSafe" name="test_domain_filter_same_host" time="0.001" /><testcase classname="tests.test_cookiejar.TestCookieJarSafe" name="test_domain_filter_same_host_and_subdomain" time="0.001" /><testcase classname="tests.test_cookiejar.TestCookieJarSafe" name="test_domain_filter_same_host_diff_subdomain" time="0.001" /><testcase classname="tests.test_cookiejar.TestCookieJarSafe" name="test_domain_filter_diff_host" time="0.001" /><testcase classname="tests.test_cookiejar.TestCookieJarSafe" name="test_domain_filter_host_only" time="0.001" /><testcase classname="tests.test_http_writer" name="test_write_large_payload_deflate_compression_chunked_data_in_eof_writelines_all_zlib[isal.isal_zlib-pyloop]" time="0.059" /><testcase classname="tests.test_cookiejar.TestCookieJarSafe" name="test_secure_filter" time="0.001" /><testcase classname="tests.test_cookiejar.TestCookieJarSafe" name="test_path_filter_root" time="0.001" /><testcase classname="tests.test_cookiejar.TestCookieJarSafe" name="test_path_filter_folder" time="0.001" /><testcase classname="tests.test_cookiejar.TestCookieJarSafe" name="test_path_filter_file" time="0.001" /><testcase classname="tests.test_cookiejar.TestCookieJarSafe" name="test_path_filter_subfolder" time="0.001" /><testcase classname="tests.test_cookiejar.TestCookieJarSafe" name="test_path_filter_subsubfolder" time="0.001" /><testcase classname="tests.test_cookiejar.TestCookieJarSafe" name="test_path_filter_different_folder" time="0.001" /><testcase classname="tests.test_cookiejar.TestCookieJarSafe" name="test_path_value" time="0.001" /><testcase classname="tests.test_cookiejar.TestCookieJarSafe" name="test_expires" time="0.092" /><testcase classname="tests.test_client_ws_functional" name="test_recv_bytes_after_close[pyloop]" time="0.055" /><testcase classname="tests.test_http_parser" name="test_invalid_header_spacing[py-parser-pyloop-pre-TABSP-post-NUL-with-name]" time="0.044" /><testcase classname="tests.test_connector" name="test_connect_with_limit_and_limit_per_host[pyloop]" time="0.065" /><testcase classname="tests.test_connector" name="test_del_with_closed_loop[pyloop]" time="0.094" /><testcase classname="tests.test_http_writer" name="test_write_payload_deflate_compression_chunked_connection_lost[pyloop]" time="0.057" /><testcase classname="tests.test_http_parser" name="test_invalid_header_spacing[py-parser-pyloop-pre-TABSP-post-SP-name-empty]" time="0.047" /><testcase classname="tests.test_client_ws_functional" name="test_send_recv_bytes[pyloop]" time="0.050" /><testcase classname="tests.test_cookiejar.TestCookieJarSafe" name="test_max_age" time="0.051" /><testcase classname="tests.test_connector" name="test_connect_with_no_limit_and_limit_per_host[pyloop]" time="0.067" /><testcase classname="tests.test_http_writer" name="test_write_payload_deflate_compression_chunked_connection_lost_all_zlib[zlib-pyloop]" time="0.056" /><testcase classname="tests.test_circular_imports" name="test_no_warnings[aiohttp._websocket.reader_py]" time="0.226" /><testcase classname="tests.test_http_parser" name="test_invalid_header_spacing[py-parser-pyloop-pre-TABSP-post-SP-with-name]" time="0.048" /><testcase classname="tests.test_client_ws_functional" name="test_send_recv_text_bad_type[pyloop]" time="0.065" /><testcase classname="tests.test_connector" name="test_del_empty_connector[pyloop]" time="0.051" /><testcase classname="tests.test_cookiejar.TestCookieJarSafe" name="test_invalid_values" time="0.002" /><testcase classname="tests.test_cookiejar.TestCookieJarSafe" name="test_cookie_not_expired_when_added_after_removal" time="0.051" /><testcase classname="tests.test_http_writer" name="test_write_payload_deflate_compression_chunked_connection_lost_all_zlib[zlib_ng.zlib_ng-pyloop]" time="0.060" /><testcase classname="tests.test_http_parser" name="test_invalid_header_spacing[py-parser-pyloop-pre-TABSP-post-SPSP-name-empty]" time="0.054" /><testcase classname="tests.test_connector" name="test_connect_with_no_limits[pyloop]" time="0.070" /><testcase classname="tests.test_client_ws_functional" name="test_recv_text_after_close[pyloop]" time="0.050" /><testcase classname="tests.test_connector" name="test_create_conn" time="0.047" /><testcase classname="tests.test_cookiejar.TestCookieJarSafe" name="test_path_filter_diff_folder_same_name" time="0.049" /><testcase classname="tests.test_http_parser" name="test_invalid_header_spacing[py-parser-pyloop-pre-TABSP-post-SPSP-with-name]" time="0.048" /><testcase classname="tests.test_http_writer" name="test_write_payload_deflate_compression_chunked_connection_lost_all_zlib[isal.isal_zlib-pyloop]" time="0.067" /><testcase classname="tests.test_connector" name="test_connect_with_limit_cancelled[pyloop]" time="0.063" /><testcase classname="tests.test_client_ws_functional" name="test_send_recv_json[pyloop]" time="0.057" /><testcase classname="tests.test_connector" name="test_async_context_manager[pyloop]" time="0.042" /><testcase classname="tests.test_cookiejar.TestCookieJarSafe" name="test_path_filter_diff_folder_same_name_return_best_match_independent_from_put_order" time="0.043" /><testcase classname="tests.test_http_parser" name="test_invalid_header_spacing[py-parser-pyloop-pre-TABSP-post-LF-name-empty]" time="0.048" /><testcase classname="tests.test_connector" name="test_close" time="0.060" /><testcase classname="tests.test_http_writer" name="test_write_payload_bytes_memoryview[pyloop]" time="0.059" /><testcase classname="tests.test_cookiejar" name="test_dummy_cookie_jar" time="0.047" /><testcase classname="tests.test_helpers" name="test_basicauth_present_in_netrc[machine example.com password pass\n-expected_auth2]" time="0.002" /><testcase classname="tests.test_helpers" name="test_read_basicauth_from_empty_netrc[]" time="0.001" /><testcase classname="tests.test_helpers" name="test_method_must_be_empty_body" time="0.001" /><testcase classname="tests.test_connector" name="test_connect_with_capacity_release_waiters[pyloop]" time="0.050" /><testcase classname="tests.test_helpers" name="test_should_remove_content_length_is_subset_of_must_be_empty_body" time="0.001" /><testcase classname="tests.test_http_exceptions.TestHttpProcessingError" name="test_ctor" time="0.001" /><testcase classname="tests.test_http_exceptions.TestHttpProcessingError" name="test_pickle" time="0.002" /><testcase classname="tests.test_http_exceptions.TestHttpProcessingError" name="test_str" time="0.001" /><testcase classname="tests.test_http_exceptions.TestHttpProcessingError" name="test_repr" time="0.002" /><testcase classname="tests.test_http_parser" name="test_invalid_header_spacing[py-parser-pyloop-pre-TABSP-post-LF-with-name]" time="0.047" /><testcase classname="tests.test_http_exceptions.TestBadHttpMessage" name="test_ctor" time="0.001" /><testcase classname="tests.test_http_exceptions.TestBadHttpMessage" name="test_pickle" time="0.001" /><testcase classname="tests.test_http_exceptions.TestBadHttpMessage" name="test_str" time="0.002" /><testcase classname="tests.test_http_exceptions.TestBadHttpMessage" name="test_repr" time="0.001" /><testcase classname="tests.test_http_exceptions.TestLineTooLong" name="test_ctor" time="0.001" /><testcase classname="tests.test_http_exceptions.TestLineTooLong" name="test_pickle" time="0.001" /><testcase classname="tests.test_http_exceptions.TestLineTooLong" name="test_str" time="0.002" /><testcase classname="tests.test_http_exceptions.TestLineTooLong" name="test_repr" time="0.001" /><testcase classname="tests.test_http_exceptions.TestInvalidHeader" name="test_ctor" time="0.001" /><testcase classname="tests.test_http_exceptions.TestInvalidHeader" name="test_pickle" time="0.001" /><testcase classname="tests.test_http_exceptions.TestInvalidHeader" name="test_str" time="0.001" /><testcase classname="tests.test_circular_imports" name="test_no_warnings[aiohttp._websocket.writer]" time="0.214" /><testcase classname="tests.test_cookiejar" name="test_loose_cookies_types" time="0.048" /><testcase classname="tests.test_http_exceptions.TestInvalidHeader" name="test_repr" time="0.005" /><testcase classname="tests.test_connector" name="test_close_with_proto_closed_none" time="0.066" /><testcase classname="tests.test_http_exceptions.TestBadStatusLine" name="test_ctor" time="0.001" /><testcase classname="tests.test_http_exceptions.TestBadStatusLine" name="test_ctor2" time="0.002" /><testcase classname="tests.test_http_exceptions.TestBadStatusLine" name="test_pickle" time="0.001" /><testcase classname="tests.test_http_writer" name="test_write_payload_short_ints_memoryview[pyloop]" time="0.052" /><testcase classname="tests.test_connector" name="test_connect_with_limit_concurrent[pyloop]" time="0.083" /><testcase classname="tests.test_http_parser" name="test_c_parser_loaded" time="0.001"><failure message="AssertionError: assert 'HttpRequestParserC' in ['ASCIISET', 'Any', 'BadHttpMessage', 'BadHttpMethod', 'BadStatusLine', 'BaseProtocol', ...]&#10; +  where ['ASCIISET', 'Any', 'BadHttpMessage', 'BadHttpMethod', 'BadStatusLine', 'BaseProtocol', ...] = dir(&lt;module 'aiohttp.http_parser' from '/Users/rabeyakhatunmuna/Documents/mini-swe-agent-ci-based/results/miniswe-agent/bidirectional/l1_l2_l3_minimax-m2.5/L1_L2_L3/adafb541714013634f654850ffd105f3e266568c/testbed/aiohttp/http_parser.py'&gt;)&#10; +    where &lt;module 'aiohttp.http_parser' from '/Users/rabeyakhatunmuna/Documents/mini-swe-agent-ci-based/results/miniswe-agent/bidirectional/l1_l2_l3_minimax-m2.5/L1_L2_L3/adafb541714013634f654850ffd105f3e266568c/testbed/aiohttp/http_parser.py'&gt; = aiohttp.http_parser">@pytest.mark.skipif(NO_EXTENSIONS, reason="Extensions available but not imported")
    def test_c_parser_loaded() -&gt; None:
&gt;       assert "HttpRequestParserC" in dir(aiohttp.http_parser)
E       AssertionError: assert 'HttpRequestParserC' in ['ASCIISET', 'Any', 'BadHttpMessage', 'BadHttpMethod', 'BadStatusLine', 'BaseProtocol', ...]
E        +  where ['ASCIISET', 'Any', 'BadHttpMessage', 'BadHttpMethod', 'BadStatusLine', 'BaseProtocol', ...] = dir(&lt;module 'aiohttp.http_parser' from '/Users/rabeyakhatunmuna/Documents/mini-swe-agent-ci-based/results/miniswe-agent/bidirectional/l1_l2_l3_minimax-m2.5/L1_L2_L3/adafb541714013634f654850ffd105f3e266568c/testbed/aiohttp/http_parser.py'&gt;)
E        +    where &lt;module 'aiohttp.http_parser' from '/Users/rabeyakhatunmuna/Documents/mini-swe-agent-ci-based/results/miniswe-agent/bidirectional/l1_l2_l3_minimax-m2.5/L1_L2_L3/adafb541714013634f654850ffd105f3e266568c/testbed/aiohttp/http_parser.py'&gt; = aiohttp.http_parser


tests/test_http_parser.py:117: AssertionError</failure></testcase><testcase classname="tests.test_http_parser" name="test_invalid_header_spacing[py-parser-pyloop-pre-TABSP-post-NBSP-name-empty]" time="0.050" /><testcase classname="tests.test_cookiejar" name="test_cookie_jar_clear_all" time="0.047" /><testcase classname="tests.test_http_writer" name="test_write_payload_2d_shape_memoryview[pyloop]" time="0.057" /><testcase classname="tests.test_connector" name="test_get[pyloop]" time="0.062" /><testcase classname="tests.test_http_parser" name="test_invalid_header_spacing[py-parser-pyloop-pre-TABSP-post-NBSP-with-name]" time="0.053" /><testcase classname="tests.test_connector" name="test_connect_waiters_cleanup[pyloop]" time="0.057" /><testcase classname="tests.test_cookiejar" name="test_cookie_jar_clear_expired" time="0.093" /><testcase classname="tests.test_http_writer" name="test_write_payload_slicing_long_memoryview[pyloop]" time="0.074" /><testcase classname="tests.test_http_parser" name="test_invalid_header_spacing[py-parser-pyloop-pre-TABSP-post-TABSP-name-empty]" time="0.047" /><testcase classname="tests.test_connector" name="test_get_unconnected_proto[pyloop]" time="0.053" /><testcase classname="tests.test_client_functional" name="test_timeout_on_reading_data[pyloop]" time="1.048" /><testcase classname="tests.test_connector" name="test_connect_waiters_cleanup_key_error[pyloop]" time="0.064" /><testcase classname="tests.test_http_parser" name="test_invalid_header_spacing[py-parser-pyloop-pre-TABSP-post-TABSP-with-name]" time="0.045" /><testcase classname="tests.test_connector" name="test_get_unconnected_proto_ssl[pyloop]" time="0.058" /><testcase classname="tests.test_cookiejar" name="test_cookie_jar_expired_changes" time="0.060" /><testcase classname="tests.test_http_writer" name="test_write_drain[pyloop]" time="0.065" /><testcase classname="tests.test_circular_imports" name="test_no_warnings[aiohttp.abc]" time="0.195" /><testcase classname="tests.test_connector" name="test_close_with_acquired_connection[pyloop]" time="0.053" /><testcase classname="tests.test_http_parser" name="test_empty_header_name[py-parser-pyloop]" time="0.042" /><testcase classname="tests.test_connector" name="test_get_expired[pyloop]" time="0.051" /><testcase classname="tests.test_cookiejar" name="test_cookie_jar_duplicates_with_expire_heap" time="0.051" /><testcase classname="tests.test_http_writer" name="test_write_calls_callback[pyloop]" time="0.055" /><testcase classname="tests.test_http_parser" name="test_invalid_header[py-parser-pyloop]" time="0.046" /><testcase classname="tests.test_connector" name="test_default_force_close[pyloop]" time="0.040" /><testcase classname="tests.test_connector" name="test_get_expired_ssl[pyloop]" time="0.050" /><testcase classname="tests.test_cookiejar" name="test_cookie_jar_filter_cookies_expires" time="0.054" /><testcase classname="tests.test_http_parser" name="test_invalid_name[py-parser-pyloop]" time="0.047" /><testcase classname="tests.test_connector" name="test_limit_property[pyloop]" time="0.039" /><testcase classname="tests.test_http_writer" name="test_write_eof_calls_callback[pyloop]" time="0.053" /><testcase classname="tests.test_connector" name="test_release_acquired" time="0.051" /><testcase classname="tests.test_connector" name="test_limit_per_host_property[pyloop]" time="0.038" /><testcase classname="tests.test_http_parser" name="test_max_header_field_size[py-parser-pyloop-40960]" time="0.044" /><testcase classname="tests.test_cookiejar" name="test_cookie_jar_heap_cleanup" time="0.055" /><testcase classname="tests.test_http_writer" name="test_write_to_closing_transport[pyloop]" time="0.054" /><testcase classname="tests.test_connector" name="test_limit_property_default[pyloop]" time="0.038" /><testcase classname="tests.test_connector" name="test_release_acquired_closed" time="0.052" /><testcase classname="tests.test_http_parser" name="test_max_header_field_size[py-parser-pyloop-8191]" time="0.046" /><testcase classname="tests.test_cookiejar" name="test_cookie_jar_heap_maintains_order_after_cleanup" time="0.055" /><testcase classname="tests.test_circular_imports" name="test_no_warnings[aiohttp.base_protocol]" time="0.199" /><testcase classname="tests.test_http_writer" name="test_write_to_closed_transport[pyloop]" time="0.054" /><testcase classname="tests.test_http_parser" name="test_conn_keep_alive_1_1[py-parser-pyloop]" time="0.044" /><testcase classname="tests.test_http_parser" name="test_max_header_field_size_under_limit[py-parser-pyloop]" time="0.045" /><testcase classname="tests.test_connector" name="test_release[pyloop]" time="0.054" /><testcase classname="tests.test_cookiejar" name="test_cookie_jar_clear_domain" time="0.039" /><testcase classname="tests.test_http_parser" name="test_conn_other_1_0[py-parser-pyloop]" time="0.046" /><testcase classname="tests.test_http_writer" name="test_drain[pyloop]" time="0.057" /><testcase classname="tests.test_http_parser" name="test_max_header_value_size[py-parser-pyloop-40960]" time="0.043" /><testcase classname="tests.test_connector" name="test_release_ssl_transport[pyloop]" time="0.054" /><testcase classname="tests.test_cookiejar" name="test_pickle_format" time="0.001" /><testcase classname="tests.test_cookiejar" name="test_treat_as_secure_origin_init[http://127.0.0.1/index.html]" time="0.042" /><testcase classname="tests.test_http_parser" name="test_conn_other_1_1[py-parser-pyloop]" time="0.042" /><testcase classname="tests.test_http_parser" name="test_max_header_value_size[py-parser-pyloop-8191]" time="0.042" /><testcase classname="tests.test_http_writer" name="test_drain_no_transport[pyloop]" time="0.053" /><testcase classname="tests.test_cookiejar" name="test_treat_as_secure_origin_init[url1]" time="0.040" /><testcase classname="tests.test_connector" name="test_release_already_closed" time="0.056" /><testcase classname="tests.test_http_parser" name="test_request_chunked[py-parser-pyloop]" time="0.043" /><testcase classname="tests.test_http_parser" name="test_max_header_value_size_under_limit[py-parser-pyloop]" time="0.046" /><testcase classname="tests.test_http_writer" name="test_write_headers_prevents_injection[pyloop]" time="0.054" /><testcase classname="tests.test_cookiejar" name="test_treat_as_secure_origin_init[url2]" time="0.041" /><testcase classname="tests.test_http_parser" name="test_request_te_chunked_with_content_length[py-parser-pyloop]" time="0.044" /><testcase classname="tests.test_circular_imports" name="test_no_warnings[aiohttp.client]" time="0.238" /><testcase classname="tests.test_connector" name="test_release_waiter_no_limit[pyloop]" time="0.041" /><testcase classname="tests.test_http_parser" name="test_max_header_value_size_continuation[py-parser-pyloop-40965]" time="0.045" /><testcase classname="tests.test_cookiejar" name="test_treat_as_secure_origin_init[url3]" time="0.041" /><testcase classname="tests.test_http_writer" name="test_set_eof_after_write_headers[pyloop]" time="0.051" /><testcase classname="tests.test_http_parser" name="test_request_te_chunked123[py-parser-pyloop]" time="0.043" /><testcase classname="tests.test_connector" name="test_release_waiter_first_available[pyloop]" time="0.041" /><testcase classname="tests.test_http_parser" name="test_max_header_value_size_continuation[py-parser-pyloop-8191]" time="0.045" /><testcase classname="tests.test_cookiejar" name="test_treat_as_secure_origin" time="0.041" /><testcase classname="tests.test_http_writer" name="test_write_headers_does_not_write_immediately[pyloop]" time="0.052" /><testcase classname="tests.test_http_parser" name="test_request_te_last_chunked[py-parser-pyloop]" time="0.045" /><testcase classname="tests.test_connector" name="test_release_waiter_release_first[pyloop]" time="0.041" /><testcase classname="tests.test_cookiejar" name="test_filter_cookies_does_not_leak_memory" time="0.078" /><testcase classname="tests.test_http_parser" name="test_max_header_value_size_continuation_under_limit[py-parser-pyloop]" time="0.077" /><testcase classname="tests.test_connector" name="test_release_waiter_skip_done_waiter[pyloop]" time="0.090" /><testcase classname="tests.test_http_parser" name="test_request_te_first_chunked[py-parser-pyloop]" time="0.084" /><testcase classname="tests.test_http_writer" name="test_write_headers_with_compression_coalescing[pyloop]" time="0.103" /><testcase classname="tests.test_cookiejar" name="test_update_cookies_from_headers" time="0.001" /><testcase classname="tests.test_cookiejar" name="test_update_cookies_from_headers_duplicate_names" time="0.001" /><testcase classname="tests.test_http_parser" name="test_http_request_parser[py-parser-pyloop]" time="0.053" /><testcase classname="tests.test_cookiejar" name="test_update_cookies_from_headers_invalid_cookies" time="0.001" /><testcase classname="tests.test_cookiejar" name="test_update_cookies_from_headers_with_curly_braces" time="0.001" /><testcase classname="tests.test_cookiejar" name="test_update_cookies_from_headers_with_special_chars" time="0.001" /><testcase classname="tests.test_cookiejar" name="test_update_cookies_from_headers_empty_list" time="0.001" /><testcase classname="tests.test_cookiejar" name="test_update_cookies_from_headers_with_attributes" time="0.001" /><testcase classname="tests.test_cookiejar" name="test_update_cookies_from_headers_preserves_existing" time="0.001" /><testcase classname="tests.test_cookiejar" name="test_update_cookies_from_headers_overwrites_same_cookie" time="0.001" /><testcase classname="tests.test_cookiejar" name="test_dummy_cookie_jar_update_cookies_from_headers" time="0.001" /><testcase classname="tests.test_cookiejar" name="test_shared_cookie_cache_population" time="0.042" /><testcase classname="tests.test_http_parser" name="test_conn_upgrade[py-parser-pyloop]" time="0.045" /><testcase classname="tests.test_connector" name="test_release_waiter_per_host[pyloop]" time="0.041" /><testcase classname="tests.test_http_writer" name="test_serialize_headers_raises_on_new_line_or_carriage_return[\n]" time="0.001" /><testcase classname="tests.test_http_writer" name="test_serialize_headers_raises_on_new_line_or_carriage_return[\r]" time="0.001" /><testcase classname="tests.test_http_parser" name="test_http_request_bad_status_line[py-parser-pyloop]" time="0.046" /><testcase classname="tests.test_circular_imports" name="test_no_warnings[aiohttp.client_exceptions]" time="0.199" /><testcase classname="tests.test_http_writer" name="test_write_compressed_data_with_headers_coalescing[pyloop]" time="0.051" /><testcase classname="tests.test_cookiejar" name="test_shared_cookie_cache_clearing_on_update" time="0.043" /><testcase classname="tests.test_http_parser" name="test_bad_upgrade[py-parser-pyloop]" time="0.044" /><testcase classname="tests.test_connector" name="test_release_waiter_no_available[pyloop]" time="0.043" /><testcase classname="tests.test_http_parser" name="test_http_request_bad_status_line_number[py-parser-pyloop-utf8digit]" time="0.043" /><testcase classname="tests.test_cookiejar" name="test_shared_cookie_cache_clearing_on_delete" time="0.040" /><testcase classname="tests.test_http_writer" name="test_write_compressed_chunked_with_headers_coalescing[pyloop]" time="0.052" /><testcase classname="tests.test_http_parser" name="test_compression_empty[py-parser-pyloop]" time="0.043" /><testcase classname="tests.test_connector" name="test_release_close" time="0.050" /><testcase classname="tests.test_http_parser" name="test_http_request_bad_status_line_number[py-parser-pyloop-utf8number]" time="0.044" /><testcase classname="tests.test_cookiejar" name="test_shared_cookie_cache_clearing_on_clear" time="0.040" /><testcase classname="tests.test_http_writer" name="test_write_multiple_compressed_chunks_after_headers_sent[pyloop]" time="0.057" /><testcase classname="tests.test_http_parser" name="test_compression_deflate[py-parser-pyloop]" time="0.043" /><testcase classname="tests.test_connector" name="test__release_acquired_per_host1[pyloop]" time="0.050" /><testcase classname="tests.test_multipart.TestPartReader" name="test_reading_long_part" time="0.041" /><testcase classname="tests.test_http_parser" name="test_http_request_bad_status_line_number[py-parser-pyloop-latin1number]" time="0.045" /><testcase classname="tests.test_http_parser" name="test_compression_gzip[py-parser-pyloop]" time="0.044" /><testcase classname="tests.test_http_writer" name="test_write_eof_empty_compressed_with_buffered_headers[pyloop]" time="0.057" /><testcase classname="tests.test_connector" name="test__release_acquired_per_host2[pyloop]" time="0.055" /><testcase classname="tests.test_multipart.TestMultipartReader" name="test_from_response" time="0.001" /><testcase classname="tests.test_multipart.TestMultipartReader" name="test_bad_boundary" time="0.001" /><testcase classname="tests.test_multipart.TestMultipartReader" name="test_dispatch" time="0.001" /><testcase classname="tests.test_multipart.TestMultipartReader" name="test_dispatch_bodypart" time="0.001" /><testcase classname="tests.test_multipart.TestMultipartReader" name="test_dispatch_multipart" time="0.001" /><testcase classname="tests.test_multipart.TestMultipartReader" name="test_dispatch_custom_multipart_reader" time="0.001" /><testcase classname="tests.test_http_parser" name="test_http_request_bad_status_line_separator[py-parser-pyloop]" time="0.047" /><testcase classname="tests.test_multipart.TestMultipartReader" name="test_emit_next" time="0.044" /><testcase classname="tests.test_http_parser" name="test_compression_brotli[py-parser-pyloop]" time="0.042" /><testcase classname="tests.test_circular_imports" name="test_no_warnings[aiohttp.client_middleware_digest_auth]" time="0.201" /><testcase classname="tests.test_multipart.TestMultipartReader" name="test_invalid_boundary" time="0.040" /><testcase classname="tests.test_http_writer" name="test_write_compressed_gzip_with_headers_coalescing[pyloop]" time="0.053" /><testcase classname="tests.test_connector" name="test__release_acquired_per_host3[pyloop]" time="0.060" /><testcase classname="tests.test_http_parser" name="test_http_request_bad_status_line_whitespace[py-parser-pyloop]" time="0.043" /><testcase classname="tests.test_http_parser" name="test_compression_zstd[py-parser-pyloop]" time="0.043" /><testcase classname="tests.test_multipart.TestMultipartReader" name="test_read_boundary_across_chunks" time="0.041" /><testcase classname="tests.test_http_parser" name="test_http_request_message_after_close[py-parser-pyloop]" time="0.044" /><testcase classname="tests.test_http_writer" name="test_compression_with_content_length_constraint[pyloop]" time="0.053" /><testcase classname="tests.test_http_parser" name="test_compression_unknown[py-parser-pyloop]" time="0.044" /><testcase classname="tests.test_connector" name="test_tcp_connector_certificate_error[pyloop]" time="0.054" /><testcase classname="tests.test_multipart.TestMultipartReader" name="test_release" time="0.044" /><testcase classname="tests.test_http_parser" name="test_http_request_upgrade[py-parser-pyloop]" time="0.061" /><testcase classname="tests.test_http_writer" name="test_write_compressed_zero_length_chunk[pyloop]" time="0.061" /><testcase classname="tests.test_http_parser" name="test_url_connect[py-parser-pyloop]" time="0.048" /><testcase classname="tests.test_client_functional" name="test_timeout_none[pyloop]" time="0.052" /><testcase classname="tests.test_multipart.TestMultipartReader" name="test_release_release" time="0.045" /><testcase classname="tests.test_connector" name="test_tcp_connector_server_hostname_default[pyloop]" time="0.057" /><testcase classname="tests.test_http_parser" name="test_headers_connect[py-parser-pyloop]" time="0.050" /><testcase classname="tests.test_http_parser" name="test_http_request_upgrade_unknown[py-parser-pyloop]" time="0.055" /><testcase classname="tests.test_client_functional" name="test_connection_timeout_error[pyloop]" time="0.047" /><testcase classname="tests.test_http_writer" name="test_chunked_compressed_eof_coalescing[pyloop]" time="0.059" /><testcase classname="tests.test_multipart.TestMultipartReader" name="test_release_next" time="0.047" /><testcase classname="tests.test_circular_imports" name="test_no_warnings[aiohttp.client_middlewares]" time="0.195" /><testcase classname="tests.test_connector" name="test_tcp_connector_server_hostname_override[pyloop]" time="0.058" /><testcase classname="tests.test_http_parser" name="test_url_absolute[py-parser-pyloop]" time="0.045" /><testcase classname="tests.test_http_parser" name="test_partial_url[py-parser-pyloop]" time="0.045" /><testcase classname="tests.test_client_functional" name="test_readline_error_on_conn_close[pyloop]" time="1.049" /><testcase classname="tests.test_multipart.TestMultipartReader" name="test_second_next_releases_previous_object" time="0.040" /><testcase classname="tests.test_http_writer" name="test_compression_different_strategies[pyloop]" time="0.051" /><testcase classname="tests.test_connector" name="test_tcp_connector_multiple_hosts_errors[pyloop]" time="0.133" /><testcase classname="tests.test_http_parser" name="test_headers_old_websocket_key1[py-parser-pyloop]" time="0.040" /><testcase classname="tests.test_http_parser" name="test_parse_uri_percent_encoded[py-parser-pyloop-/path%23frag-/path#frag-query0-]" time="0.042" /><testcase classname="tests.test_multipart.TestMultipartReader" name="test_release_without_read_the_last_object" time="0.038" /><testcase classname="tests.test_http_writer" name="test_chunked_headers_single_write_with_set_eof[pyloop]" time="0.050" /><testcase classname="tests.test_http_parser" name="test_headers_content_length_err_1[py-parser-pyloop]" time="0.041" /><testcase classname="tests.test_http_parser" name="test_parse_uri_percent_encoded[py-parser-pyloop-/path%2523frag-/path%23frag-query1-]" time="0.042" /><testcase classname="tests.test_multipart.TestMultipartReader" name="test_read_chunk_by_length_doesnt_break_reader" time="0.038" /><testcase classname="tests.test_http_writer" name="test_send_headers_forces_header_write[pyloop]" time="0.053" /><testcase classname="tests.test_http_parser" name="test_headers_content_length_err_2[py-parser-pyloop]" time="0.044" /><testcase classname="tests.test_multipart.TestMultipartReader" name="test_read_chunk_from_stream_doesnt_break_reader" time="0.041" /><testcase classname="tests.test_http_parser" name="test_parse_uri_percent_encoded[py-parser-pyloop-/path?key=value%23frag-/path-query2-]" time="0.046" /><testcase classname="tests.test_connector" name="test_tcp_connector_happy_eyeballs[pyloop-0.1]" time="0.064" /><testcase classname="tests.test_multipart.TestMultipartReader" name="test_reading_skips_prelude" time="0.040" /><testcase classname="tests.test_http_parser" name="test_invalid_header_spacing[py-parser-pyloop-pre-empty-post-empty-name-empty]" time="0.044" /><testcase classname="tests.test_circular_imports" name="test_no_warnings[aiohttp.client_proto]" time="0.195" /><testcase classname="tests.test_http_writer" name="test_send_headers_idempotent[pyloop]" time="0.054" /><testcase classname="tests.test_http_parser" name="test_parse_uri_percent_encoded[py-parser-pyloop-/path?key=value%2523frag-/path-query3-]" time="0.044" /><testcase classname="tests.test_multipart.TestMultipartReader" name="test_read_form_default_encoding" time="0.044" /><testcase classname="tests.test_http_parser" name="test_invalid_header_spacing[py-parser-pyloop-pre-empty-post-empty-with-name]" time="0.047" /><testcase classname="tests.test_http_parser" name="test_parse_uri_percent_encoded[py-parser-pyloop-/path#frag%20-/path-query4-frag ]" time="0.047" /><testcase classname="tests.test_connector" name="test_tcp_connector_happy_eyeballs[pyloop-0.25]" time="0.066" /><testcase classname="tests.test_http_writer" name="test_send_headers_no_buffered_headers[pyloop]" time="0.054" /><testcase classname="tests.test_multipart.TestMultipartReader" name="test_read_form_invalid_default_encoding" time="0.046" /><testcase classname="tests.test_http_parser" name="test_invalid_header_spacing[py-parser-pyloop-pre-empty-post-NUL-name-empty]" time="0.045" /><testcase classname="tests.test_http_parser" name="test_parse_uri_percent_encoded[py-parser-pyloop-/path#frag%2520-/path-query5-frag%20]" time="0.043" /><testcase classname="tests.test_http_writer" name="test_write_drain_condition_with_small_buffer[pyloop]" time="0.051" /><testcase classname="tests.test_connector" name="test_tcp_connector_happy_eyeballs[pyloop-None]" time="0.064" /><testcase classname="tests.test_multipart" name="test_writer" time="0.040" /><testcase classname="tests.test_http_parser" name="test_invalid_header_spacing[py-parser-pyloop-pre-empty-post-NUL-with-name]" time="0.043" /><testcase classname="tests.test_http_parser" name="test_parse_uri_utf8[py-parser-pyloop]" time="0.044" /><testcase classname="tests.test_http_writer" name="test_write_drain_condition_with_large_buffer[pyloop]" time="0.054" /><testcase classname="tests.test_multipart" name="test_writer_serialize_io_chunk" time="0.041" /><testcase classname="tests.test_http_parser" name="test_invalid_header_spacing[py-parser-pyloop-pre-empty-post-SP-name-empty]" time="0.043" /><testcase classname="tests.test_connector" name="test_tcp_connector_interleave[pyloop]" time="0.071" /><testcase classname="tests.test_http_parser" name="test_parse_uri_utf8_percent_encoded[py-parser-pyloop]" time="0.042" /><testcase classname="tests.test_circular_imports" name="test_no_warnings[aiohttp.client_reqrep]" time="0.197" /><testcase classname="tests.test_multipart" name="test_writer_serialize_json" time="0.041" /><testcase classname="tests.test_http_writer" name="test_write_no_drain_with_large_buffer[pyloop]" time="0.052" /><testcase classname="tests.test_http_parser" name="test_invalid_header_spacing[py-parser-pyloop-pre-empty-post-SP-with-name]" time="0.045" /><testcase classname="tests.test_http_parser" name="test_parse_bad_method_for_c_parser_raises[pyloop]" time="0.000"><skipped type="pytest.skip" message="C based HTTP parser not available">/Users/rabeyakhatunmuna/Documents/mini-swe-agent-ci-based/results/miniswe-agent/bidirectional/l1_l2_l3_minimax-m2.5/L1_L2_L3/adafb541714013634f654850ffd105f3e266568c/testbed/tests/test_http_parser.py:1618: C based HTTP parser not available</skipped></testcase><testcase classname="tests.test_http_parser.TestParsePayload" name="test_parse_eof_payload" time="0.043" /><testcase classname="tests.test_multipart" name="test_writer_serialize_form" time="0.042" /><testcase classname="tests.test_connector" name="test_tcp_connector_family_is_respected[pyloop]" time="0.064" /><testcase classname="tests.test_http_parser" name="test_invalid_header_spacing[py-parser-pyloop-pre-empty-post-SPSP-name-empty]" time="0.044" /><testcase classname="tests.test_http_writer" name="test_set_eof_idempotent[pyloop]" time="0.052" /><testcase classname="tests.test_http_parser.TestParsePayload" name="test_parse_length_payload_eof" time="0.045" /><testcase classname="tests.test_multipart" name="test_writer_serialize_form_dict" time="0.040" /><testcase classname="tests.test_http_parser" name="test_invalid_header_spacing[py-parser-pyloop-pre-empty-post-SPSP-with-name]" time="0.043" /><testcase classname="tests.test_connector" name="test_tcp_connector_multiple_hosts_one_timeout[pyloop-http://mocked.host]" time="0.079" /><testcase classname="tests.test_http_parser.TestParsePayload" name="test_parse_chunked_payload_size_error" time="0.043" /><testcase classname="tests.test_http_writer" name="test_non_chunked_write_empty_body[pyloop]" time="0.052" /><testcase classname="tests.test_multipart" name="test_writer_write" time="0.041" /><testcase classname="tests.test_http_parser" name="test_invalid_header_spacing[py-parser-pyloop-pre-empty-post-LF-name-empty]" time="0.048" /><testcase classname="tests.test_http_parser.TestParsePayload" name="test_parse_chunked_payload_split_end" time="0.050" /><testcase classname="tests.test_http_writer" name="test_chunked_headers_sent_with_empty_chunk_not_eof[pyloop]" time="0.051" /><testcase classname="tests.test_multipart" name="test_writer_write_no_close_boundary" time="0.041" /><testcase classname="tests.test_circular_imports" name="test_no_warnings[aiohttp.client_ws]" time="0.199" /><testcase classname="tests.test_connector" name="test_tcp_connector_multiple_hosts_one_timeout[pyloop-https://mocked.host]" time="0.075" /><testcase classname="tests.test_http_parser" name="test_invalid_header_spacing[py-parser-pyloop-pre-empty-post-LF-with-name]" time="0.045" /><testcase classname="tests.test_http_parser.TestParsePayload" name="test_parse_chunked_payload_split_end2" time="0.043" /><testcase classname="tests.test_multipart" name="test_writer_write_no_parts" time="0.039" /><testcase classname="tests.test_http_writer" name="test_chunked_set_eof_after_headers_sent[pyloop]" time="0.053" /><testcase classname="tests.test_http_parser" name="test_invalid_header_spacing[py-parser-pyloop-pre-empty-post-NBSP-name-empty]" time="0.045" /><testcase classname="tests.test_http_parser.TestParsePayload" name="test_parse_chunked_payload_split_end_trailers" time="0.045" /><testcase classname="tests.test_multipart" name="test_writer_serialize_with_content_encoding_gzip[zlib]" time="0.050" /><testcase classname="tests.test_connector" name="test_tcp_connector_resolve_host[pyloop]" time="0.046" /><testcase classname="tests.test_http_writer" name="test_write_eof_chunked_with_data_using_writelines[pyloop]" time="0.057" /><testcase classname="tests.test_http_parser" name="test_invalid_header_spacing[py-parser-pyloop-pre-empty-post-NBSP-with-name]" time="0.047" /><testcase classname="tests.test_http_parser.TestParsePayload" name="test_parse_chunked_payload_split_end_trailers2" time="0.047" /><testcase classname="tests.test_multipart" name="test_writer_serialize_with_content_encoding_gzip[zlib_ng.zlib_ng]" time="0.040" /><testcase classname="tests.test_connector" name="test_tcp_connector_dns_cache_not_expired[pyloop]" time="0.041" /><testcase classname="tests.test_http_writer" name="test_send_headers_with_payload_chunked_eof_no_data[pyloop]" time="0.055" /><testcase classname="tests.test_http_parser" name="test_invalid_header_spacing[py-parser-pyloop-pre-empty-post-TABSP-name-empty]" time="0.046" /><testcase classname="tests.test_multipart" name="test_writer_serialize_with_content_encoding_gzip[isal.isal_zlib]" time="0.042" /><testcase classname="tests.test_http_parser.TestParsePayload" name="test_parse_chunked_payload_split_end_trailers3" time="0.048" /><testcase classname="tests.test_http_parser" name="test_http_request_parser_utf8_request_line[py-parser-pyloop]" time="0.045" /><testcase classname="tests.test_imports" name="test___all__" time="0.030"><failure message="ValueError: Pytest terminal summary report not found">pytester = &lt;Pytester PosixPath('/private/var/folders/d5/gx3x07j54hgd1dh15zjhqxl40000gn/T/pytest-of-rabeyakhatunmuna/pytest-417/popen-gw3/test___all__0')&gt;

    def test___all__(pytester: pytest.Pytester) -&gt; None:
        """See https://github.com/aio-libs/aiohttp/issues/6197"""
        pytester.makepyfile(
            test_a="""
                from aiohttp import *
                assert 'GunicornWebWorker' in globals()
            """
        )
        result = pytester.runpytest("-vv")
&gt;       result.assert_outcomes(passed=0, errors=0)

pytester   = &lt;Pytester PosixPath('/private/var/folders/d5/gx3x07j54hgd1dh15zjhqxl40000gn/T/pytest-of-rabeyakhatunmuna/pytest-417/popen-gw3/test___all__0')&gt;
result     = &lt;RunResult ret=3 len(stdout.lines)=0 len(stderr.lines)=21 duration=0.03s&gt;

/Users/rabeyakhatunmuna/Documents/mini-swe-agent-ci-based/results/miniswe-agent/bidirectional/l1_l2_l3_minimax-m2.5/L1_L2_L3/adafb541714013634f654850ffd105f3e266568c/testbed/tests/test_imports.py:18: 
_ _ _ _ _ _ _ _ _ _ _ _ _ _ _ _ _ _ _ _ _ _ _ _ _ _ _ _ _ _ _ _ _ _ _ _ _ _ _ _ 
/Users/rabeyakhatunmuna/Documents/mini-swe-agent-ci-based/results/miniswe-agent/bidirectional/l1_l2_l3_minimax-m2.5/L1_L2_L3/adafb541714013634f654850ffd105f3e266568c/testbed/.venv-aiohttp-355/lib/python3.13/site-packages/_pytest/pytester.py:566: in parseoutcomes
    return self.parse_summary_nouns(self.outlines)
           ^^^^^^^^^^^^^^^^^^^^^^^^^^^^^^^^^^^^^^^
        self       = &lt;RunResult ret=3 len(stdout.lines)=0 len(stderr.lines)=21 duration=0.03s&gt;
_ _ _ _ _ _ _ _ _ _ _ _ _ _ _ _ _ _ _ _ _ _ _ _ _ _ _ _ _ _ _ _ _ _ _ _ _ _ _ _ 

cls = &lt;class '_pytest.pytester.RunResult'&gt;, lines = []

    @classmethod
    def parse_summary_nouns(cls, lines) -&gt; dict[str, int]:
        """Extract the nouns from a pytest terminal summary line.
    
        It always returns the plural noun for consistency::
    
            ======= 1 failed, 1 passed, 1 warning, 1 error in 0.13s ====
    
        Will return ``{"failed": 1, "passed": 1, "warnings": 1, "errors": 1}``.
        """
        for line in reversed(lines):
            if rex_session_duration.search(line):
                outcomes = rex_outcome.findall(line)
                ret = {noun: int(count) for (count, noun) in outcomes}
                break
        else:
&gt;           raise ValueError("Pytest terminal summary report not found")
E           ValueError: Pytest terminal summary report not found

cls        = &lt;class '_pytest.pytester.RunResult'&gt;
lines      = []

/Users/rabeyakhatunmuna/Documents/mini-swe-agent-ci-based/results/miniswe-agent/bidirectional/l1_l2_l3_minimax-m2.5/L1_L2_L3/adafb541714013634f654850ffd105f3e266568c/testbed/.venv-aiohttp-355/lib/python3.13/site-packages/_pytest/pytester.py:584: ValueError</failure></testcase><testcase classname="tests.test_multipart" name="test_writer_serialize_with_content_encoding_deflate" time="0.042" /><testcase classname="tests.test_http_parser" name="test_invalid_header_spacing[py-parser-pyloop-pre-empty-post-TABSP-with-name]" time="0.042" /><testcase classname="tests.test_circular_imports" name="test_no_warnings[aiohttp.compression_utils]" time="0.189" /><testcase classname="tests.test_http_parser.TestParsePayload" name="test_parse_chunked_payload_split_end_trailers4" time="0.045" /><testcase classname="tests.test_http_parser" name="test_http_request_parser_utf8[py-parser-pyloop]" time="0.044" /><testcase classname="tests.test_multipart" name="test_writer_serialize_with_content_encoding_identity" time="0.042" /><testcase classname="tests.test_http_parser" name="test_invalid_header_spacing[py-parser-pyloop-pre-NUL-post-empty-name-empty]" time="0.043" /><testcase classname="tests.test_http_parser.TestParsePayload" name="test_http_payload_parser_length" time="0.046" /><testcase classname="tests.test_http_parser" name="test_http_request_parser_non_utf8[py-parser-pyloop]" time="0.045" /><testcase classname="tests.test_multipart" name="test_writer_serialize_with_content_encoding_unknown" time="0.001" /><testcase classname="tests.test_http_parser" name="test_invalid_header_spacing[py-parser-pyloop-pre-NUL-post-empty-with-name]" time="0.042" /><testcase classname="tests.test_multipart" name="test_writer_with_content_transfer_encoding_base64" time="0.041" /><testcase classname="tests.test_http_parser.TestParsePayload" name="test_http_payload_parser_deflate" time="0.046" /><testcase classname="tests.test_http_parser" name="test_http_request_parser_two_slashes[py-parser-pyloop]" time="0.045" /><testcase classname="tests.test_multipart" name="test_writer_content_transfer_encoding_quote_printable" time="0.046" /><testcase classname="tests.test_http_parser" name="test_invalid_header_spacing[py-parser-pyloop-pre-NUL-post-NUL-name-empty]" time="0.043" /><testcase classname="tests.test_http_parser.TestParsePayload" name="test_http_payload_parser_deflate_no_hdrs" time="0.047" /><testcase classname="tests.test_http_parser" name="test_http_request_parser_bad_method[py-parser-pyloop-&quot;]" time="0.048" /><testcase classname="tests.test_http_parser" name="test_invalid_header_spacing[py-parser-pyloop-pre-NUL-post-NUL-with-name]" time="0.044" /><testcase classname="tests.test_multipart" name="test_writer_content_transfer_encoding_unknown" time="0.001" /><testcase classname="tests.test_multipart.TestMultipartWriter" name="test_default_subtype" time="0.001" /><testcase classname="tests.test_multipart.TestMultipartWriter" name="test_unquoted_boundary" time="0.001" /><testcase classname="tests.test_multipart.TestMultipartWriter" name="test_quoted_boundary" time="0.001" /><testcase classname="tests.test_multipart.TestMultipartWriter" name="test_bad_boundary" time="0.001" /><testcase classname="tests.test_multipart.TestMultipartWriter" name="test_default_headers" time="0.001" /><testcase classname="tests.test_multipart.TestMultipartWriter" name="test_iter_parts" time="0.001" /><testcase classname="tests.test_multipart.TestMultipartWriter" name="test_append" time="0.001" /><testcase classname="tests.test_multipart.TestMultipartWriter" name="test_append_with_headers" time="0.001" /><testcase classname="tests.test_multipart.TestMultipartWriter" name="test_append_json" time="0.001" /><testcase classname="tests.test_multipart.TestMultipartWriter" name="test_append_part" time="0.001" /><testcase classname="tests.test_multipart.TestMultipartWriter" name="test_append_json_overrides_content_type" time="0.001" /><testcase classname="tests.test_multipart.TestMultipartWriter" name="test_append_form" time="0.001" /><testcase classname="tests.test_multipart.TestMultipartWriter" name="test_append_multipart" time="0.001" /><testcase classname="tests.test_multipart.TestMultipartWriter" name="test_set_content_disposition_after_append" time="0.001" /><testcase classname="tests.test_multipart.TestMultipartWriter" name="test_automatic_content_disposition" time="0.001" /><testcase classname="tests.test_multipart.TestMultipartWriter" name="test_with" time="0.001" /><testcase classname="tests.test_http_parser.TestParsePayload" name="test_http_payload_parser_deflate_light" time="0.046" /><testcase classname="tests.test_multipart.TestMultipartWriter" name="test_append_int_not_allowed" time="0.001" /><testcase classname="tests.test_circular_imports" name="test_no_warnings[aiohttp.connector]" time="0.195" /><testcase classname="tests.test_multipart.TestMultipartWriter" name="test_append_float_not_allowed" time="0.001" /><testcase classname="tests.test_multipart.TestMultipartWriter" name="test_append_none_not_allowed" time="0.001" /><testcase classname="tests.test_multipart.TestMultipartWriter" name="test_write_preserves_content_disposition" time="0.044" /><testcase classname="tests.test_http_parser" name="test_http_request_parser_bad_method[py-parser-pyloop-(]" time="0.045" /><testcase classname="tests.test_http_parser" name="test_invalid_header_spacing[py-parser-pyloop-pre-NUL-post-SP-name-empty]" time="0.042" /><testcase classname="tests.test_http_parser.TestParsePayload" name="test_http_payload_parser_deflate_split" time="0.047" /><testcase classname="tests.test_multipart.TestMultipartWriter" name="test_preserve_content_disposition_header" time="0.045" /><testcase classname="tests.test_http_parser" name="test_http_request_parser_bad_method[py-parser-pyloop-)]" time="0.045" /><testcase classname="tests.test_http_parser" name="test_invalid_header_spacing[py-parser-pyloop-pre-NUL-post-SP-with-name]" time="0.044" /><testcase classname="tests.test_multipart.TestMultipartWriter" name="test_set_content_disposition_override" time="0.040" /><testcase classname="tests.test_http_parser.TestParsePayload" name="test_http_payload_parser_deflate_split_err" time="0.043" /><testcase classname="tests.test_client_functional" name="test_no_error_on_conn_close_if_eof[pyloop]" time="0.543" /><testcase classname="tests.test_http_parser" name="test_http_request_parser_bad_method[py-parser-pyloop-,]" time="0.042" /><testcase classname="tests.test_http_parser" name="test_invalid_header_spacing[py-parser-pyloop-pre-NUL-post-SPSP-name-empty]" time="0.044" /><testcase classname="tests.test_http_parser.TestParsePayload" name="test_http_payload_parser_length_zero" time="0.045" /><testcase classname="tests.test_http_parser" name="test_http_request_parser_bad_method[py-parser-pyloop-/]" time="0.044" /><testcase classname="tests.test_http_parser" name="test_invalid_header_spacing[py-parser-pyloop-pre-NUL-post-SPSP-with-name]" time="0.043" /><testcase classname="tests.test_http_parser.TestParsePayload" name="test_http_payload_brotli" time="0.043" /><testcase classname="tests.test_http_parser" name="test_http_request_parser_bad_method[py-parser-pyloop-:]" time="0.041" /><testcase classname="tests.test_circular_imports" name="test_no_warnings[aiohttp.cookiejar]" time="0.185" /><testcase classname="tests.test_http_parser" name="test_invalid_header_spacing[py-parser-pyloop-pre-NUL-post-LF-name-empty]" time="0.041" /><testcase classname="tests.test_http_parser.TestParsePayload" name="test_http_payload_zstandard" time="0.044" /><testcase classname="tests.test_http_parser" name="test_http_request_parser_bad_method[py-parser-pyloop-;]" time="0.043" /><testcase classname="tests.test_http_parser" name="test_invalid_header_spacing[py-parser-pyloop-pre-NUL-post-LF-with-name]" time="0.041" /><testcase classname="tests.test_http_parser.TestDeflateBuffer" name="test_feed_data" time="0.043" /><testcase classname="tests.test_http_parser" name="test_http_request_parser_bad_method[py-parser-pyloop-&lt;]" time="0.044" /><testcase classname="tests.test_http_parser" name="test_invalid_header_spacing[py-parser-pyloop-pre-NUL-post-NBSP-name-empty]" time="0.042" /><testcase classname="tests.test_http_parser.TestDeflateBuffer" name="test_feed_data_err" time="0.043" /><testcase classname="tests.test_http_parser" name="test_http_request_parser_bad_method[py-parser-pyloop-=]" time="0.042" /><testcase classname="tests.test_http_parser" name="test_invalid_header_spacing[py-parser-pyloop-pre-NUL-post-NBSP-with-name]" time="0.040" /><testcase classname="tests.test_http_parser.TestDeflateBuffer" name="test_feed_eof" time="0.044" /><testcase classname="tests.test_http_parser" name="test_http_request_parser_bad_method[py-parser-pyloop-&gt;]" time="0.042" /><testcase classname="tests.test_http_parser" name="test_invalid_header_spacing[py-parser-pyloop-pre-NUL-post-TABSP-name-empty]" time="0.040" /><testcase classname="tests.test_circular_imports" name="test_no_warnings[aiohttp.formdata]" time="0.177" /><testcase classname="tests.test_http_parser.TestDeflateBuffer" name="test_feed_eof_err_deflate" time="0.041" /><testcase classname="tests.test_http_parser" name="test_http_request_parser_bad_method[py-parser-pyloop-?]" time="0.039" /><testcase classname="tests.test_http_parser" name="test_invalid_header_spacing[py-parser-pyloop-pre-NUL-post-TABSP-with-name]" time="0.039" /><testcase classname="tests.test_http_parser" name="test_http_request_parser_bad_method[py-parser-pyloop-@]" time="0.041" /><testcase classname="tests.test_http_parser.TestDeflateBuffer" name="test_feed_eof_no_err_gzip" time="0.040" /><testcase classname="tests.test_http_parser" name="test_invalid_header_spacing[py-parser-pyloop-pre-SP-post-empty-name-empty]" time="0.040" /><testcase classname="tests.test_http_parser.TestDeflateBuffer" name="test_feed_eof_no_err_brotli" time="0.040" /><testcase classname="tests.test_http_parser" name="test_http_request_parser_bad_method[py-parser-pyloop-[]" time="0.040" /><testcase classname="tests.test_http_parser" name="test_invalid_header_spacing[py-parser-pyloop-pre-SP-post-empty-with-name]" time="0.039" /><testcase classname="tests.test_http_parser" name="test_http_request_parser_bad_method[py-parser-pyloop-\]" time="0.042" /><testcase classname="tests.test_http_parser" name="test_invalid_header_spacing[py-parser-pyloop-pre-SP-post-NUL-name-empty]" time="0.044" /><testcase classname="tests.test_http_parser.TestDeflateBuffer" name="test_feed_eof_no_err_zstandard" time="0.044" /><testcase classname="tests.test_circular_imports" name="test_no_warnings[aiohttp.hdrs]" time="0.184" /><testcase classname="tests.test_http_parser" name="test_http_request_parser_bad_method[py-parser-pyloop-]]" time="0.042" /><testcase classname="tests.test_http_parser.TestDeflateBuffer" name="test_empty_body" time="0.041" /><testcase classname="tests.test_http_parser" name="test_invalid_header_spacing[py-parser-pyloop-pre-SP-post-NUL-with-name]" time="0.040" /><testcase classname="tests.test_http_parser" name="test_http_request_parser_bad_method[py-parser-pyloop-{]" time="0.042" /><testcase classname="tests.test_http_parser" name="test_invalid_header_spacing[py-parser-pyloop-pre-SP-post-SP-name-empty]" time="0.043" /><testcase classname="tests.test_http_writer" name="test_payloadwriter_properties[pyloop]" time="0.049" /><testcase classname="tests.test_client_functional" name="test_error_not_overwrote_on_conn_close[pyloop]" time="0.040" /><testcase classname="tests.test_http_parser" name="test_http_request_parser_bad_method[py-parser-pyloop-}]" time="0.042" /><testcase classname="tests.test_http_parser" name="test_invalid_header_spacing[py-parser-pyloop-pre-SP-post-SP-with-name]" time="0.041" /><testcase classname="tests.test_http_writer" name="test_write_headers_buffered_small_payload[pyloop]" time="0.050" /><testcase classname="tests.test_cookiejar" name="test_shared_cookie_with_multiple_domains" time="0.036" /><testcase classname="tests.test_http_parser" name="test_http_request_parser_bad_version[py-parser-pyloop]" time="0.042" /><testcase classname="tests.test_http_parser" name="test_invalid_header_spacing[py-parser-pyloop-pre-SP-post-SPSP-name-empty]" time="0.044" /><testcase classname="tests.test_http_writer" name="test_write_headers_chunked_coalescing[pyloop]" time="0.053" /><testcase classname="tests.test_flowcontrol_streams.TestFlowControlStreamReader" name="test_read[pyloop]" time="0.045" /><testcase classname="tests.test_http_parser" name="test_http_request_parser_bad_version_number[py-parser-pyloop]" time="0.042" /><testcase classname="tests.test_http_parser" name="test_invalid_header_spacing[py-parser-pyloop-pre-SP-post-SPSP-with-name]" time="0.042" /><testcase classname="tests.test_circular_imports" name="test_no_warnings[aiohttp.helpers]" time="0.182" /><testcase classname="tests.test_flowcontrol_streams.TestFlowControlStreamReader" name="test_read_resume_paused[pyloop]" time="0.041" /><testcase classname="tests.test_http_writer" name="test_write_eof_with_buffered_headers[pyloop]" time="0.050" /><testcase classname="tests.test_http_parser" name="test_http_request_parser_bad_ascii_uri[py-parser-pyloop]" time="0.042" /><testcase classname="tests.test_http_parser" name="test_invalid_header_spacing[py-parser-pyloop-pre-SP-post-LF-name-empty]" time="0.042" /><testcase classname="tests.test_flowcontrol_streams.TestFlowControlStreamReader" name="test_readline[pyloop]" time="0.042" /><testcase classname="tests.test_http_writer" name="test_set_eof_sends_buffered_headers[pyloop]" time="0.052" /><testcase classname="tests.test_http_parser" name="test_http_request_parser_bad_nonascii_uri[py-parser-pyloop]" time="0.043" /><testcase classname="tests.test_http_parser" name="test_invalid_header_spacing[py-parser-pyloop-pre-SP-post-LF-with-name]" time="0.041" /><testcase classname="tests.test_flowcontrol_streams.TestFlowControlStreamReader" name="test_readline_resume_paused[pyloop]" time="0.042" /><testcase classname="tests.test_http_parser" name="test_invalid_header_spacing[py-parser-pyloop-pre-SP-post-NBSP-name-empty]" time="0.042" /><testcase classname="tests.test_http_parser" name="test_http_request_max_status_line[py-parser-pyloop-40965]" time="0.043" /><testcase classname="tests.test_http_writer" name="test_write_payload_eof[pyloop]" time="0.051" /><testcase classname="tests.test_flowcontrol_streams.TestFlowControlStreamReader" name="test_readany[pyloop]" time="0.044" /><testcase classname="tests.test_http_parser" name="test_invalid_header_spacing[py-parser-pyloop-pre-SP-post-NBSP-with-name]" time="0.043" /><testcase classname="tests.test_http_parser" name="test_http_request_max_status_line[py-parser-pyloop-8191]" time="0.042" /><testcase classname="tests.test_http_writer" name="test_write_payload_chunked[pyloop]" time="0.050" /><testcase classname="tests.test_circular_imports" name="test_no_warnings[aiohttp.http]" time="0.182" /><testcase classname="tests.test_flowcontrol_streams.TestFlowControlStreamReader" name="test_readany_resume_paused[pyloop]" time="0.042" /><testcase classname="tests.test_http_parser" name="test_invalid_header_spacing[py-parser-pyloop-pre-SP-post-TABSP-name-empty]" time="0.040" /><testcase classname="tests.test_http_parser" name="test_http_request_max_status_line_under_limit[py-parser-pyloop]" time="0.041" /><testcase classname="tests.test_http_writer" name="test_write_payload_chunked_multiple[pyloop]" time="0.051" /><testcase classname="tests.test_flowcontrol_streams.TestFlowControlStreamReader" name="test_readchunk[pyloop]" time="0.043" /><testcase classname="tests.test_http_parser" name="test_invalid_header_spacing[py-parser-pyloop-pre-SP-post-TABSP-with-name]" time="0.041" /><testcase classname="tests.test_http_parser" name="test_http_response_parser_utf8[py-parser-pyloop]" time="0.042" /><testcase classname="tests.test_flowcontrol_streams.TestFlowControlStreamReader" name="test_readchunk_resume_paused[pyloop]" time="0.041" /><testcase classname="tests.test_http_writer" name="test_write_payload_length[pyloop]" time="0.049" /><testcase classname="tests.test_http_parser" name="test_invalid_header_spacing[py-parser-pyloop-pre-SPSP-post-empty-name-empty]" time="0.040" /><testcase classname="tests.test_http_parser" name="test_http_response_parser_utf8_without_reason[py-parser-pyloop]" time="0.042" /><testcase classname="tests.test_flowcontrol_streams.TestFlowControlStreamReader" name="test_readexactly[pyloop]" time="0.041" /><testcase classname="tests.test_http_parser" name="test_invalid_header_spacing[py-parser-pyloop-pre-SPSP-post-empty-with-name]" time="0.041" /><testcase classname="tests.test_http_writer" name="test_write_large_payload_deflate_compression_data_in_eof[pyloop]" time="0.105" /><testcase classname="tests.test_http_parser" name="test_http_response_parser_obs_line_folding[py-parser-pyloop]" time="0.044" /><testcase classname="tests.test_flowcontrol_streams.TestFlowControlStreamReader" name="test_feed_data[pyloop]" time="0.040" /><testcase classname="tests.test_circular_imports" name="test_no_warnings[aiohttp.http_exceptions]" time="0.180" /><testcase classname="tests.test_http_parser" name="test_invalid_header_spacing[py-parser-pyloop-pre-SPSP-post-NUL-name-empty]" time="0.044" /><testcase classname="tests.test_http_parser" name="test_http_response_parser_bad_status_line_too_long[py-parser-pyloop-40962]" time="0.044" /><testcase classname="tests.test_flowcontrol_streams.TestFlowControlStreamReader" name="test_read_nowait[pyloop]" time="0.042" /><testcase classname="tests.test_http_parser" name="test_invalid_header_spacing[py-parser-pyloop-pre-SPSP-post-NUL-with-name]" time="0.039" /><testcase classname="tests.test_http_parser" name="test_http_response_parser_bad_status_line_too_long[py-parser-pyloop-8191]" time="0.042" /><testcase classname="tests.test_http_writer" name="test_write_large_payload_deflate_compression_data_in_eof_all_zlib[zlib-pyloop]" time="0.102" /><testcase classname="tests.test_flowcontrol_streams.TestFlowControlStreamReader" name="test_resumed_on_eof[pyloop]" time="0.040" /><testcase classname="tests.test_http_parser" name="test_invalid_header_spacing[py-parser-pyloop-pre-SPSP-post-SP-name-empty]" time="0.041" /><testcase classname="tests.test_http_parser" name="test_http_response_parser_status_line_under_limit[py-parser-pyloop]" time="0.041" /><testcase classname="tests.test_flowcontrol_streams" name="test_stream_reader_eof_when_full" time="0.037" /><testcase classname="tests.test_http_parser" name="test_invalid_header_spacing[py-parser-pyloop-pre-SPSP-post-SP-with-name]" time="0.041" /><testcase classname="tests.test_http_parser" name="test_http_response_parser_bad_version[py-parser-pyloop]" time="0.039" /><testcase classname="tests.test_formdata" name="test_formdata_multipart" time="0.001" /><testcase classname="tests.test_formdata" name="test_form_data_is_multipart_param" time="0.001" /><testcase classname="tests.test_formdata" name="test_invalid_formdata_payload_multipart[obj0]" time="0.001" /><testcase classname="tests.test_formdata" name="test_invalid_formdata_payload_multipart[None]" time="0.001" /><testcase classname="tests.test_formdata" name="test_invalid_formdata_payload_urlencoded[obj0]" time="0.001" /><testcase classname="tests.test_formdata" name="test_invalid_formdata_payload_urlencoded[None]" time="0.001" /><testcase classname="tests.test_formdata" name="test_invalid_formdata_params" time="0.001" /><testcase classname="tests.test_formdata" name="test_invalid_formdata_params2" time="0.001" /><testcase classname="tests.test_formdata" name="test_formdata_textio_charset" time="0.050" /><testcase classname="tests.test_http_parser" name="test_invalid_header_spacing[py-parser-pyloop-pre-SPSP-post-SPSP-name-empty]" time="0.041" /><testcase classname="tests.test_http_writer" name="test_write_large_payload_deflate_compression_data_in_eof_all_zlib[zlib_ng.zlib_ng-pyloop]" time="0.097" /><testcase classname="tests.test_http_parser" name="test_http_response_parser_bad_version_number[py-parser-pyloop]" time="0.039" /><testcase classname="tests.test_circular_imports" name="test_no_warnings[aiohttp.http_parser]" time="0.178" /><testcase classname="tests.test_formdata" name="test_invalid_formdata_content_type" time="0.001" /><testcase classname="tests.test_formdata" name="test_invalid_formdata_filename" time="0.001" /><testcase classname="tests.test_http_parser" name="test_invalid_header_spacing[py-parser-pyloop-pre-SPSP-post-SPSP-with-name]" time="0.041" /><testcase classname="tests.test_http_parser" name="test_http_response_parser_no_reason[py-parser-pyloop]" time="0.044" /><testcase classname="tests.test_formdata" name="test_formdata_field_name_is_quoted" time="0.051" /><testcase classname="tests.test_http_parser" name="test_http_response_parser_lenient_headers[py-parser-pyloop]" time="0.040" /><testcase classname="tests.test_http_writer" name="test_write_large_payload_deflate_compression_data_in_eof_all_zlib[isal.isal_zlib-pyloop]" time="0.097" /><testcase classname="tests.test_formdata" name="test_formdata_field_name_is_not_quoted" time="0.046" /><testcase classname="tests.test_http_parser" name="test_http_response_parser_bad_crlf[py-parser-pyloop]" time="0.043" /><testcase classname="tests.test_formdata" name="test_formdata_is_reusable[pyloop]" time="0.041" /><testcase classname="tests.test_http_parser" name="test_http_response_parser_bad_chunked_lax[py-parser-pyloop]" time="0.041" /><testcase classname="tests.test_formdata" name="test_formdata_boundary_param" time="0.038" /><testcase classname="tests.test_circular_imports" name="test_no_warnings[aiohttp.http_websocket]" time="0.169" /><testcase classname="tests.test_http_writer" name="test_write_large_payload_deflate_compression_data_in_eof_writelines[pyloop]" time="0.100" /><testcase classname="tests.test_http_parser" name="test_http_response_parser_notchunked[py-parser-pyloop]" time="0.042" /><testcase classname="tests.test_formdata" name="test_formdata_reusability_multipart" time="0.049" /><testcase classname="tests.test_http_parser" name="test_http_response_parser_last_chunked[py-parser-pyloop]" time="0.041" /><testcase classname="tests.test_formdata" name="test_formdata_reusability_urlencoded" time="0.046" /><testcase classname="tests.test_http_writer" name="test_write_large_payload_deflate_compression_data_in_eof_writelines_all_zlib[zlib-pyloop]" time="0.103" /><testcase classname="tests.test_http_parser" name="test_http_response_parser_bad[py-parser-pyloop]" time="0.037" /><testcase classname="tests.test_formdata" name="test_formdata_reusability_after_adding_fields" time="0.046" /><testcase classname="tests.test_http_parser" name="test_http_response_parser_code_under_100[py-parser-pyloop]" time="0.041" /><testcase classname="tests.test_circular_imports" name="test_no_warnings[aiohttp.http_writer]" time="0.171" /><testcase classname="tests.test_formdata" name="test_formdata_reusability_with_io_fields" time="0.048" /><testcase classname="tests.test_http_parser" name="test_http_response_parser_code_above_999[py-parser-pyloop]" time="0.037" /><testcase classname="tests.test_http_writer" name="test_write_large_payload_deflate_compression_data_in_eof_writelines_all_zlib[zlib_ng.zlib_ng-pyloop]" time="0.090" /><testcase classname="tests.test_helpers" name="test_parse_mimetype[-expected0]" time="0.001" /><testcase classname="tests.test_helpers" name="test_parse_mimetype[*-expected1]" time="0.001" /><testcase classname="tests.test_helpers" name="test_parse_mimetype[application/json-expected2]" time="0.001" /><testcase classname="tests.test_helpers" name="test_parse_mimetype[application/json;  charset=utf-8-expected3]" time="0.001" /><testcase classname="tests.test_helpers" name="test_parse_mimetype[application/json; charset=utf-8;-expected4]" time="0.001" /><testcase classname="tests.test_helpers" name="test_parse_mimetype[ApPlIcAtIoN/JSON;ChaRseT=&quot;UTF-8&quot;-expected5]" time="0.001" /><testcase classname="tests.test_helpers" name="test_parse_mimetype[application/rss+xml-expected6]" time="0.001" /><testcase classname="tests.test_helpers" name="test_parse_mimetype[text/plain;base64-expected7]" time="0.001" /><testcase classname="tests.test_helpers" name="test_parse_content_type[text/plain-expected0]" time="0.001" /><testcase classname="tests.test_helpers" name="test_parse_content_type[wrong-expected1]" time="0.001" /><testcase classname="tests.test_helpers" name="test_guess_filename_with_file_object" time="0.001" /><testcase classname="tests.test_helpers" name="test_guess_filename_with_path" time="0.001" /><testcase classname="tests.test_helpers" name="test_guess_filename_with_default" time="0.001" /><testcase classname="tests.test_http_parser" name="test_http_response_parser_code_not_int[py-parser-pyloop]" time="0.038" /><testcase classname="tests.test_helpers" name="test_basic_auth1" time="0.001" /><testcase classname="tests.test_helpers" name="test_basic_auth2" time="0.001" /><testcase classname="tests.test_helpers" name="test_basic_with_auth_colon_in_login" time="0.001" /><testcase classname="tests.test_helpers" name="test_basic_auth3" time="0.001" /><testcase classname="tests.test_helpers" name="test_basic_auth4" time="0.001" /><testcase classname="tests.test_helpers" name="test_basic_auth_decode[Basic bmtpbTpwd2Q=]" time="0.001" /><testcase classname="tests.test_helpers" name="test_basic_auth_decode[basic bmtpbTpwd2Q=]" time="0.001" /><testcase classname="tests.test_helpers" name="test_basic_auth_invalid" time="0.001" /><testcase classname="tests.test_helpers" name="test_basic_auth_decode_not_basic" time="0.001" /><testcase classname="tests.test_helpers" name="test_basic_auth_decode_bad_base64" time="0.001" /><testcase classname="tests.test_helpers" name="test_basic_auth_decode_illegal_chars_base64[Basic ???]" time="0.001" /><testcase classname="tests.test_helpers" name="test_basic_auth_decode_illegal_chars_base64[Basic   ]" time="0.001" /><testcase classname="tests.test_helpers" name="test_basic_auth_decode_invalid_credentials" time="0.001" /><testcase classname="tests.test_helpers" name="test_basic_auth_decode_blank_username[:-expected_auth0]" time="0.001" /><testcase classname="tests.test_helpers" name="test_basic_auth_decode_blank_username[username:-expected_auth1]" time="0.001" /><testcase classname="tests.test_helpers" name="test_basic_auth_decode_blank_username[:password-expected_auth2]" time="0.001" /><testcase classname="tests.test_helpers" name="test_basic_auth_decode_blank_username[username:password-expected_auth3]" time="0.001" /><testcase classname="tests.test_helpers" name="test_basic_auth_from_url" time="0.001" /><testcase classname="tests.test_helpers" name="test_basic_auth_no_user_from_url" time="0.001" /><testcase classname="tests.test_helpers" name="test_basic_auth_no_auth_from_url" time="0.001" /><testcase classname="tests.test_helpers" name="test_basic_auth_from_not_url" time="0.001" /><testcase classname="tests.test_helpers" name="test_is_ip_address" time="0.001" /><testcase classname="tests.test_helpers" name="test_ipv4_addresses" time="0.001" /><testcase classname="tests.test_helpers" name="test_ipv6_addresses" time="0.001" /><testcase classname="tests.test_helpers" name="test_host_addresses" time="0.001" /><testcase classname="tests.test_helpers" name="test_is_ip_address_invalid_type" time="0.001" /><testcase classname="tests.test_helpers" name="test_timeout_handle[pyloop]" time="0.035" /><testcase classname="tests.test_http_parser" name="test_http_response_parser_code_not_ascii[py-parser-pyloop-utf8digit]" time="0.039" /><testcase classname="tests.test_helpers" name="test_when_timeout_smaller_second[pyloop]" time="0.033" /><testcase classname="tests.test_http_writer" name="test_write_large_payload_deflate_compression_data_in_eof_writelines_all_zlib[isal.isal_zlib-pyloop]" time="0.096" /><testcase classname="tests.test_http_parser" name="test_http_response_parser_code_not_ascii[py-parser-pyloop-utf8number]" time="0.041" /><testcase classname="tests.test_helpers" name="test_when_timeout_smaller_second_with_low_threshold[pyloop]" time="0.035" /><testcase classname="tests.test_circular_imports" name="test_no_warnings[aiohttp.log]" time="0.219" /><testcase classname="tests.test_http_parser" name="test_http_response_parser_code_not_ascii[py-parser-pyloop-latin1number]" time="0.040" /><testcase classname="tests.test_helpers" name="test_timeout_handle_cb_exc[pyloop]" time="0.035" /><testcase classname="tests.test_http_parser" name="test_http_request_chunked_payload[py-parser-pyloop]" time="0.082" /><testcase classname="tests.test_helpers" name="test_timer_context_not_cancelled" time="0.001" /><testcase classname="tests.test_helpers" name="test_timer_context_timeout_does_not_leak_upward" time="0.063" /><testcase classname="tests.test_http_writer" name="test_write_payload_chunked_filter[pyloop]" time="0.089" /><testcase classname="tests.test_helpers" name="test_timer_context_timeout_does_swallow_cancellation" time="0.043" /><testcase classname="tests.test_http_parser" name="test_http_request_chunked_payload_and_next_message[py-parser-pyloop]" time="0.040" /><testcase classname="tests.test_http_writer" name="test_write_payload_chunked_filter_multiple_chunks[pyloop]" time="0.048" /><testcase classname="tests.test_http_parser" name="test_http_request_chunked_payload_chunks[py-parser-pyloop]" time="0.042" /><testcase classname="tests.test_http_writer" name="test_write_payload_deflate_compression[pyloop]" time="0.049" /><testcase classname="tests.test_http_parser" name="test_parse_chunked_payload_chunk_extension[py-parser-pyloop]" time="0.086" /><testcase classname="tests.test_circular_imports" name="test_no_warnings[aiohttp.multipart]" time="0.230" /><testcase classname="tests.test_http_writer" name="test_write_payload_deflate_compression_all_zlib[zlib-pyloop]" time="0.093" /><testcase classname="tests.test_http_parser" name="test_request_chunked_with_trailer[py-parser-pyloop]" time="0.046" /><testcase classname="tests.test_http_writer" name="test_write_payload_deflate_compression_all_zlib[zlib_ng.zlib_ng-pyloop]" time="0.049" /><testcase classname="tests.test_http_parser" name="test_request_chunked_reject_bad_trailer[py-parser-pyloop]" time="0.041" /><testcase classname="tests.test_http_writer" name="test_write_payload_deflate_compression_all_zlib[isal.isal_zlib-pyloop]" time="0.046" /><testcase classname="tests.test_http_parser" name="test_parse_no_length_or_te_on_post[py-parser-pyloop]" time="0.039" /><testcase classname="tests.test_http_parser" name="test_parse_payload_response_without_body[py-parser-pyloop]" time="0.041" /><testcase classname="tests.test_http_writer" name="test_write_payload_deflate_compression_chunked[pyloop]" time="0.046" /><testcase classname="tests.test_circular_imports" name="test_no_warnings[aiohttp.payload]" time="0.167" /><testcase classname="tests.test_http_parser" name="test_parse_length_payload[py-parser-pyloop]" time="0.037" /><testcase classname="tests.test_http_writer" name="test_write_payload_deflate_compression_chunked_all_zlib[zlib-pyloop]" time="0.043" /><testcase classname="tests.test_http_parser" name="test_parse_no_length_payload[py-parser-pyloop]" time="0.040" /><testcase classname="tests.test_http_writer" name="test_write_payload_deflate_compression_chunked_all_zlib[zlib_ng.zlib_ng-pyloop]" time="0.046" /><testcase classname="tests.test_http_parser" name="test_parse_content_length_payload_multiple[py-parser-pyloop]" time="0.037" /><testcase classname="tests.test_http_writer" name="test_write_payload_deflate_compression_chunked_all_zlib[isal.isal_zlib-pyloop]" time="0.045" /><testcase classname="tests.test_http_parser" name="test_parse_content_length_than_chunked_payload[py-parser-pyloop]" time="0.038" /><testcase classname="tests.test_http_writer" name="test_write_payload_deflate_compression_chunked_writelines[pyloop]" time="0.045" /><testcase classname="tests.test_circular_imports" name="test_no_warnings[aiohttp.pytest_plugin]" time="0.268" /><testcase classname="tests.test_http_parser" name="test_parse_chunked_payload_empty_body_than_another_chunked[py-parser-pyloop-204]" time="0.037" /><testcase classname="tests.test_http_parser" name="test_parse_chunked_payload_empty_body_than_another_chunked[py-parser-pyloop-304]" time="0.038" /><testcase classname="tests.test_http_writer" name="test_write_payload_deflate_compression_chunked_writelines_all_zlib[zlib-pyloop]" time="0.046" /><testcase classname="tests.test_http_parser" name="test_parse_chunked_payload_empty_body_than_another_chunked[py-parser-pyloop-101]" time="0.040" /><testcase classname="tests.test_http_parser" name="test_parse_chunked_payload_empty_body_than_another_chunked[py-parser-pyloop-102]" time="0.039" /><testcase classname="tests.test_http_parser" name="test_parse_chunked_payload_split_chunks[py-parser-pyloop]" time="0.041" /><testcase classname="tests.test_http_parser" name="test_parse_chunked_payload_with_lf_in_extensions[py-parser-pyloop]" time="0.040" /><testcase classname="tests.test_circular_imports" name="test_no_warnings[aiohttp.resolver]" time="0.213" /><testcase classname="tests.test_circular_imports" name="test_no_warnings[aiohttp.streams]" time="0.152" /><testcase classname="tests.test_circular_imports" name="test_no_warnings[aiohttp.tcp_helpers]" time="0.154" /><testcase classname="tests.test_circular_imports" name="test_no_warnings[aiohttp.test_utils]" time="0.179" /><testcase classname="tests.test_circular_imports" name="test_no_warnings[aiohttp.tracing]" time="0.153" /><testcase classname="tests.test_helpers" name="test_timer_context_no_task[pyloop]" time="0.030" /><testcase classname="tests.test_helpers" name="test_weakref_handle[pyloop]" time="0.134" /><testcase classname="tests.test_helpers" name="test_weakref_handle_with_small_threshold[pyloop]" time="0.028" /><testcase classname="tests.test_helpers" name="test_weakref_handle_weak[pyloop]" time="0.161" /><testcase classname="tests.test_helpers" name="test_ceil_call_later" time="0.001" /><testcase classname="tests.test_helpers" name="test_ceil_timeout_round[pyloop]" time="0.026" /><testcase classname="tests.test_helpers" name="test_ceil_timeout_small[pyloop]" time="0.026" /><testcase classname="tests.test_helpers" name="test_ceil_call_later_with_small_threshold" time="0.001" /><testcase classname="tests.test_helpers" name="test_ceil_call_later_no_timeout" time="0.001" /><testcase classname="tests.test_helpers" name="test_ceil_timeout_none[pyloop]" time="0.028" /><testcase classname="tests.test_helpers" name="test_ceil_timeout_small_with_overriden_threshold[pyloop]" time="0.028" /><testcase classname="tests.test_helpers" name="test_content_disposition[params0-True-utf-8-attachment; foo=&quot;bar&quot;]" time="0.001" /><testcase classname="tests.test_helpers" name="test_content_disposition[params1-True-utf-8-attachment; foo=&quot;bar[]&quot;]" time="0.001" /><testcase classname="tests.test_helpers" name="test_content_disposition[params2-True-utf-8-attachment; foo=&quot;\\ a\\&quot;\\&quot;b\\\\&quot;]" time="0.001" /><testcase classname="tests.test_helpers" name="test_content_disposition[params3-True-utf-8-attachment; foo*=utf-8''b%C3%A4r]" time="0.001" /><testcase classname="tests.test_helpers" name="test_content_disposition[params4-False-utf-8-attachment; foo=&quot;b\xe4r \\&quot;\\\\&quot;]" time="0.001" /><testcase classname="tests.test_helpers" name="test_content_disposition[params5-True-latin-1-attachment; foo*=latin-1''b%E4r]" time="0.001" /><testcase classname="tests.test_helpers" name="test_content_disposition[params6-True-utf-8-attachment; filename=&quot;b%C3%A4r&quot;]" time="0.001" /><testcase classname="tests.test_helpers" name="test_content_disposition[params7-True-latin-1-attachment; filename=&quot;b%E4r&quot;]" time="0.001" /><testcase classname="tests.test_helpers" name="test_content_disposition[params8-False-utf-8-attachment; filename=&quot;b\xe4r \\&quot;\\\\&quot;]" time="0.001" /><testcase classname="tests.test_helpers" name="test_content_disposition_bad_type" time="0.001" /><testcase classname="tests.test_helpers" name="test_set_content_disposition_bad_param" time="0.001" /><testcase classname="tests.test_helpers" name="test_proxies_from_env[http]" time="0.001" /><testcase classname="tests.test_helpers" name="test_proxies_from_env[https]" time="0.001" /><testcase classname="tests.test_helpers" name="test_proxies_from_env[ws]" time="0.001" /><testcase classname="tests.test_helpers" name="test_proxies_from_env[wss]" time="0.001" /><testcase classname="tests.test_helpers" name="test_proxies_from_env_skipped[https]" time="0.001" /><testcase classname="tests.test_helpers" name="test_proxies_from_env_skipped[wss]" time="0.001" /><testcase classname="tests.test_helpers" name="test_proxies_from_env_http_with_auth[http]" time="0.001" /><testcase classname="tests.test_helpers" name="test_get_env_proxy_for_url_negative[url_matches_the_no_proxy_list]" time="0.001" /><testcase classname="tests.test_helpers" name="test_get_env_proxy_for_url_negative[url_matches_the_no_proxy_list_multiple]" time="0.001" /><testcase classname="tests.test_helpers" name="test_get_env_proxy_for_url_negative[url_scheme_does_not_match_http_proxy_list]" time="0.001" /><testcase classname="tests.test_helpers" name="test_get_env_proxy_for_url_negative[url_scheme_does_not_match_https_proxy_list]" time="0.001" /><testcase classname="tests.test_helpers" name="test_get_env_proxy_for_url_negative[no_proxies_are_set]" time="0.004" /><testcase classname="tests.test_helpers" name="test_get_env_proxy_for_url_negative[url_is_empty]" time="0.001" /><testcase classname="tests.test_helpers" name="test_get_env_proxy_for_url[url_scheme_match_http_proxy_list]" time="0.001" /><testcase classname="tests.test_helpers" name="test_get_env_proxy_for_url[url_scheme_match_https_proxy_list]" time="0.001" /><testcase classname="tests.test_helpers" name="test_get_env_proxy_for_url[url_scheme_match_http_proxy_list_multiple]" time="0.001" /><testcase classname="tests.test_helpers" name="test_set_result[pyloop]" time="0.029" /><testcase classname="tests.test_helpers" name="test_set_result_cancelled[pyloop]" time="0.026" /><testcase classname="tests.test_helpers" name="test_set_exception[pyloop]" time="0.028" /><testcase classname="tests.test_helpers" name="test_set_exception_cancelled[pyloop]" time="0.029" /><testcase classname="tests.test_helpers.TestChainMapProxy" name="test_inheritance" time="0.001" /><testcase classname="tests.test_helpers.TestChainMapProxy" name="test_getitem" time="0.001" /><testcase classname="tests.test_helpers.TestChainMapProxy" name="test_getitem_not_found" time="0.001" /><testcase classname="tests.test_helpers.TestChainMapProxy" name="test_get" time="0.001" /><testcase classname="tests.test_helpers.TestChainMapProxy" name="test_get_default" time="0.001" /><testcase classname="tests.test_helpers.TestChainMapProxy" name="test_get_non_default" time="0.001" /><testcase classname="tests.test_helpers.TestChainMapProxy" name="test_len" time="0.000" /><testcase classname="tests.test_helpers.TestChainMapProxy" name="test_iter" time="0.000" /><testcase classname="tests.test_helpers.TestChainMapProxy" name="test_contains" time="0.001" /><testcase classname="tests.test_helpers.TestChainMapProxy" name="test_bool" time="0.000" /><testcase classname="tests.test_helpers.TestChainMapProxy" name="test_repr" time="0.001" /><testcase classname="tests.test_helpers" name="test_is_expected_content_type_json_match_exact" time="0.001" /><testcase classname="tests.test_helpers" name="test_is_expected_content_type_json_match_partially" time="0.001" /><testcase classname="tests.test_helpers" name="test_is_expected_content_type_non_application_json_suffix" time="0.000" /><testcase classname="tests.test_helpers" name="test_is_expected_content_type_non_application_json_private_suffix" time="0.001" /><testcase classname="tests.test_helpers" name="test_is_expected_content_type_json_non_lowercase" time="0.001" /><testcase classname="tests.test_helpers" name="test_is_expected_content_type_json_trailing_chars" time="0.001" /><testcase classname="tests.test_helpers" name="test_is_expected_content_type_non_json_match_exact" time="0.001" /><testcase classname="tests.test_helpers" name="test_is_expected_content_type_non_json_not_match" time="0.001" /><testcase classname="tests.test_helpers" name="test_cookies_mixin" time="0.001" /><testcase classname="tests.test_helpers" name="test_cookies_mixin_path" time="0.001" /><testcase classname="tests.test_helpers" name="test_cookies_mixin_partitioned" time="0.000"><skipped type="pytest.skip" message="No partitioned support">/Users/rabeyakhatunmuna/Documents/mini-swe-agent-ci-based/results/miniswe-agent/bidirectional/l1_l2_l3_minimax-m2.5/L1_L2_L3/adafb541714013634f654850ffd105f3e266568c/testbed/tests/test_helpers.py:1001: No partitioned support</skipped></testcase><testcase classname="tests.test_helpers" name="test_sutonse_cookie__issue_del_cookie" time="0.001" /><testcase classname="tests.test_helpers" name="test_cookie_set_after_del" time="0.001" /><testcase classname="tests.test_helpers" name="test_populate_with_cookies" time="0.001" /><testcase classname="tests.test_helpers" name="test_parse_http_date[xxyyzz-None]" time="0.001" /><testcase classname="tests.test_helpers" name="test_parse_http_date[Tue, 08 Oct 4446413 00:56:40 GMT-None]" time="0.001" /><testcase classname="tests.test_helpers" name="test_parse_http_date[Tue, 08 Oct 2000 00:56:80 GMT-None]" time="0.001" /><testcase classname="tests.test_helpers" name="test_parse_http_date[Tue, 08 Oct 2000 00:56:40 GMT-expected3]" time="0.001" /><testcase classname="tests.test_helpers" name="test_parse_http_date[Tue, 08 Oct 2000 00:56:40 +0900-expected4]" time="0.001" /><testcase classname="tests.test_helpers" name="test_netrc_from_env[machine example.com login username password pass\n-username]" time="0.002" /><testcase classname="tests.test_helpers" name="test_netrc_from_home_does_not_raise_if_access_denied" time="0.001" /><testcase classname="tests.test_helpers" name="test_basicauth_present_in_netrc[machine example.com login username password pass\n-expected_auth0]" time="0.001" /><testcase classname="tests.test_helpers" name="test_basicauth_present_in_netrc[machine example.com account username password pass\n-expected_auth1]" time="0.001" /></testsuite></testsuites>